<html>
<body>
<pre>
<h1>µVision Build Log</h1>
<h2>Tool Versions:</h2>
IDE-Version: µVision V5.36.0.0
Copyright (C) 2021 ARM Ltd and ARM Germany GmbH. All rights reserved.
License Information: M S, AGH, LIC=----
 
Tool Versions:
Toolchain:       MDK-Lite  Version: 5.36.0.0
Toolchain Path:  C:\Keil_v5\ARM\ARMCLANG\Bin
C Compiler:      ArmClang.exe V6.16
Assembler:       Armasm.exe V6.16
Linker/Locator:  ArmLink.exe V6.16
Library Manager: ArmAr.exe V6.16
Hex Converter:   FromElf.exe V6.16
CPU DLL:         SARMCM3.DLL V5.36.0.0
Dialog DLL:      DARMCM1.DLL V1.19.4.0
Target DLL:      Segger\JL2CM3.dll V2.99.40.0
Dialog DLL:      TARMCM1.DLL V1.14.4.0
 
<h2>Project:</h2>
E:\uVision\AlarmHC_SR04.uvprojx
Project File Date:  05/23/2025

<h2>Output:</h2>
*** Using Compiler 'V6.16', folder: 'C:\Keil_v5\ARM\ARMCLANG\Bin'
Build target 'FRDM-KL05ZJ'

FCARM uses the following Files via command file '.\Auto_FcArm_Cmd.inp':
frdm_bsp.h 
TO out RTE NOPRINT
custom translating @.\Auto_FcArm_Cmd.inp...
Custom: C:\Keil_v5\ARM\Bin\FCARM.exe @.\Auto_FcArm_Cmd.inp
FCARM FILE CONVERTER V2.58
Completed 1 File(s), Ratio 100%
compiling out...
main.c(178): warning: passing 'volatile uint8_t [4]' to parameter of type 'const void *' discards qualifiers [-Wincompatible-pointer-types-discards-qualifiers]
        return (memcmp(password, correctPassword, 4) == 0) ? 1 : 0;
                                 ^~~~~~~~~~~~~~~
C:\Keil_v5\ARM\ARMCLANG\Bin\..\include\string.h(117): note: passing argument to parameter here
extern _ARMABI int memcmp(const void * /*s1*/, const void * /*s2*/, size_t /*n*/) __attribute__((__nonnull__(1,2)));
                                                                  ^
main.c(325): warning: passing 'volatile uint8_t [4]' to parameter of type 'uint8_t *' (aka 'unsigned char *') discards qualifiers [-Wincompatible-pointer-types-discards-qualifiers]
                                if (CheckPassword(enteredPassword))
                                                  ^~~~~~~~~~~~~~~
main.c(176): note: passing argument to parameter 'password' here
uint8_t CheckPassword(uint8_t *password)
                               ^
2 warnings generated.
compiling main.c...
linking...
Program Size: Code=9942 RO-data=650 RW-data=16 ZI-data=3000  
".\Objects\AlarmHC_SR04.axf" - 0 Error(s), 2 Warning(s).

<h2>Software Packages used:</h2>

Package Vendor: ARM
                https://www.keil.com/pack/ARM.CMSIS.6.1.0.pack
                ARM.CMSIS.6.1.0
                CMSIS (Common Microcontroller Software Interface Standard)
   * Component: CORE Version: 6.1.0

Package Vendor: Keil
                https://www.keil.com/pack/Keil.Kinetis_KLxx_DFP.1.15.1.pack
                Keil.Kinetis_KLxx_DFP.1.15.1
                NXP Kinetis KLxx Series Device Support and Examples
   * Component: Startup Version: 1.0.0

<h2>Collection of Component include folders:</h2>
  .\RTE\_FRDM-KL05ZJ
  C:\Users\mikis\AppData\Local\Arm\Packs\ARM\CMSIS\6.1.0\CMSIS\Core\Include
  C:\Users\mikis\AppData\Local\Arm\Packs\Keil\Kinetis_KLxx_DFP\1.15.1\Device\Include

<h2>Collection of Component Files used:</h2>

   * Component: ARM::CMSIS:CORE:6.1.0

   * Component: Keil::Device:Startup:1.0.0
      Source file:   Device\Source\system_MKL05Z4.c
      Source file:   Device\Source\ARM\startup_MKL05Z4.s
Build Time Elapsed:  00:00:01
</pre>
</body>
</html>
