Component: ARM Compiler 6.16 Tool: armlink [5dfeaa00]

==============================================================================

Section Cross References

    main.o(.text.Debug) refers to lcd1602.o(.text.LCD1602_ClearAll) for LCD1602_ClearAll
    main.o(.text.Debug) refers to lcd1602.o(.text.LCD1602_Print) for LCD1602_Print
    main.o(.ARM.exidx.text.Debug) refers to main.o(.text.Debug) for [Anonymous Symbol]
    main.o(.text.SysTick_Handler) refers to aeabi_sdivfast.o(.text_divfast) for __aeabi_idiv
    main.o(.text.SysTick_Handler) refers to dac.o(.text.DAC_Load_Trig) for DAC_Load_Trig
    main.o(.text.SysTick_Handler) refers to main.o(.bss.faza) for faza
    main.o(.text.SysTick_Handler) refers to main.o(.bss.Sinus) for Sinus
    main.o(.text.SysTick_Handler) refers to main.o(.data.slider) for slider
    main.o(.text.SysTick_Handler) refers to main.o(.bss.dac) for dac
    main.o(.text.SysTick_Handler) refers to main.o(.bss.mod) for mod
    main.o(.text.SysTick_Handler) refers to main.o(.bss.tickCounter) for tickCounter
    main.o(.text.SysTick_Handler) refers to main.o(.bss.timerCall) for timerCall
    main.o(.ARM.exidx.text.SysTick_Handler) refers to main.o(.text.SysTick_Handler) for [Anonymous Symbol]
    main.o(.text.PORTB_IRQHandler) refers to main.o(.text.__NVIC_ClearPendingIRQ) for __NVIC_ClearPendingIRQ
    main.o(.text.PORTB_IRQHandler) refers to main.o(.bss.BtnFlags) for BtnFlags
    main.o(.ARM.exidx.text.PORTB_IRQHandler) refers to main.o(.text.PORTB_IRQHandler) for [Anonymous Symbol]
    main.o(.ARM.exidx.text.__NVIC_ClearPendingIRQ) refers to main.o(.text.__NVIC_ClearPendingIRQ) for [Anonymous Symbol]
    main.o(.text.PORTA_IRQHandler) refers to main.o(.text.__NVIC_ClearPendingIRQ) for __NVIC_ClearPendingIRQ
    main.o(.text.PORTA_IRQHandler) refers to main.o(.bss.BtnFlags) for BtnFlags
    main.o(.ARM.exidx.text.PORTA_IRQHandler) refers to main.o(.text.PORTA_IRQHandler) for [Anonymous Symbol]
    main.o(.text.Speaker_Init) refers to fmul.o(x$fpl$fmul) for __aeabi_fmul
    main.o(.text.Speaker_Init) refers to aeabi_sdivfast.o(.text_divfast) for __aeabi_uidiv
    main.o(.text.Speaker_Init) refers to dac.o(.text.DAC_Init) for DAC_Init
    main.o(.text.Speaker_Init) refers to dflti.o(.text) for __aeabi_ui2d
    main.o(.text.Speaker_Init) refers to dmul.o(.text) for __aeabi_dmul
    main.o(.text.Speaker_Init) refers to sin.o(i.sin) for sin
    main.o(.text.Speaker_Init) refers to dfixi.o(.text) for __aeabi_d2iz
    main.o(.text.Speaker_Init) refers to main.o(.text.__NVIC_SetPriority) for __NVIC_SetPriority
    main.o(.text.Speaker_Init) refers to main.o(.data.volt_coeff) for volt_coeff
    main.o(.text.Speaker_Init) refers to main.o(.bss.wynik) for wynik
    main.o(.text.Speaker_Init) refers to main.o(.bss.df) for df
    main.o(.text.Speaker_Init) refers to main.o(.bss.nyquist) for nyquist
    main.o(.text.Speaker_Init) refers to main.o(.bss.faza) for faza
    main.o(.text.Speaker_Init) refers to main.o(.bss.Sinus) for Sinus
    main.o(.text.Speaker_Init) refers to main.o(.bss.mod) for mod
    main.o(.text.Speaker_Init) refers to main.o(.bss.freq) for freq
    main.o(.ARM.exidx.text.Speaker_Init) refers to main.o(.text.Speaker_Init) for [Anonymous Symbol]
    main.o(.ARM.exidx.text.__NVIC_SetPriority) refers to main.o(.text.__NVIC_SetPriority) for [Anonymous Symbol]
    main.o(.text.CheckPassword) refers to main.o(.data.correctPassword) for correctPassword
    main.o(.ARM.exidx.text.CheckPassword) refers to main.o(.text.CheckPassword) for [Anonymous Symbol]
    main.o(.text.ClearPassword) refers to main.o(.bss.enteredPassword) for enteredPassword
    main.o(.text.ClearPassword) refers to main.o(.bss.passwordIndex) for passwordIndex
    main.o(.ARM.exidx.text.ClearPassword) refers to main.o(.text.ClearPassword) for [Anonymous Symbol]
    main.o(.text.ChangePassword) refers to main.o(.data.correctPassword) for correctPassword
    main.o(.ARM.exidx.text.ChangePassword) refers to main.o(.text.ChangePassword) for [Anonymous Symbol]
    main.o(.text.StartAlarm) refers to main.o(.text.SysTick_Config) for SysTick_Config
    main.o(.text.StartAlarm) refers to lcd1602.o(.text.LCD1602_ClearAll) for LCD1602_ClearAll
    main.o(.text.StartAlarm) refers to lcd1602.o(.text.LCD1602_Print) for LCD1602_Print
    main.o(.text.StartAlarm) refers to system_mkl05z4.o(.data.SystemCoreClock) for SystemCoreClock
    main.o(.text.StartAlarm) refers to main.o(.bss.currentState) for currentState
    main.o(.ARM.exidx.text.StartAlarm) refers to main.o(.text.StartAlarm) for [Anonymous Symbol]
    main.o(.text.SysTick_Config) refers to main.o(.text.__NVIC_SetPriority) for __NVIC_SetPriority
    main.o(.ARM.exidx.text.SysTick_Config) refers to main.o(.text.SysTick_Config) for [Anonymous Symbol]
    main.o(.text.StopAlarm) refers to main.o(.text.SysTick_Config) for SysTick_Config
    main.o(.text.StopAlarm) refers to main.o(.bss.currentState) for currentState
[...]

Image Symbol Table

    Local Symbols

    Symbol Name                              Value     Ov Type        Size  Object(Section)

    ../clib/angel/boardlib.s                 0x00000000   Number         0  boardinit1.o ABSOLUTE
    ../clib/angel/boardlib.s                 0x00000000   Number         0  boardinit2.o ABSOLUTE
    ../clib/angel/boardlib.s                 0x00000000   Number         0  boardinit3.o ABSOLUTE
    ../clib/angel/boardlib.s                 0x00000000   Number         0  boardshut.o ABSOLUTE
    ../clib/angel/handlers.s                 0x00000000   Number         0  __scatter_copy.o ABSOLUTE
    ../clib/angel/handlers.s                 0x00000000   Number         0  __scatter_zi.o ABSOLUTE
    ../clib/angel/kernel.s                   0x00000000   Number         0  __rtentry.o ABSOLUTE
    ../clib/angel/kernel.s                   0x00000000   Number         0  __rtentry2.o ABSOLUTE
    ../clib/angel/kernel.s                   0x00000000   Number         0  __rtentry4.o ABSOLUTE
    ../clib/angel/kernel.s                   0x00000000   Number         0  rtexit.o ABSOLUTE
    ../clib/angel/kernel.s                   0x00000000   Number         0  rtexit2.o ABSOLUTE
    ../clib/angel/rt.s                       0x00000000   Number         0  aeabi_idiv0.o ABSOLUTE
    ../clib/angel/rt.s                       0x00000000   Number         0  aeabi_idiv0_sigfpe.o ABSOLUTE
    ../clib/angel/rt.s                       0x00000000   Number         0  rt_div0.o ABSOLUTE
    ../clib/angel/rt.s                       0x00000000   Number         0  rt_errno_addr.o ABSOLUTE
    ../clib/angel/rt.s                       0x00000000   Number         0  rt_errno_addr_intlibspace.o ABSOLUTE
    ../clib/angel/rt.s                       0x00000000   Number         0  rt_raise.o ABSOLUTE
    ../clib/angel/scatterp.s                 0x00000000   Number         0  __scatter.o ABSOLUTE
    ../clib/angel/startup.s                  0x00000000   Number         0  __main.o ABSOLUTE
    ../clib/angel/sys.s                      0x00000000   Number         0  libspace.o ABSOLUTE
    ../clib/angel/sys.s                      0x00000000   Number         0  sys_stackheap_outer.o ABSOLUTE
    ../clib/angel/sys.s                      0x00000000   Number         0  tempstk.o ABSOLUTE
    ../clib/angel/sys.s                      0x00000000   Number         0  use_no_semi.o ABSOLUTE
    ../clib/angel/sys.s                      0x00000000   Number         0  indicate_semi.o ABSOLUTE
    ../clib/angel/sysapp.c                   0x00000000   Number         0  sys_exit.o ABSOLUTE
    ../clib/angel/sysapp.c                   0x00000000   Number         0  sys_exit_hlt.o ABSOLUTE
    ../clib/angel/sysapp.c                   0x00000000   Number         0  sys_wrch.o ABSOLUTE
    ../clib/angel/sysapp.c                   0x00000000   Number         0  sys_wrch_hlt.o ABSOLUTE
    ../clib/angel/sysapp.c                   0x00000000   Number         0  sys_command.o ABSOLUTE
    ../clib/angel/sysapp.c                   0x00000000   Number         0  sys_command_hlt.o ABSOLUTE
    ../clib/armsys.c                         0x00000000   Number         0  argv_veneer.o ABSOLUTE
    ../clib/armsys.c                         0x00000000   Number         0  _get_argv_nomalloc.o ABSOLUTE
    ../clib/armsys.c                         0x00000000   Number         0  no_argv.o ABSOLUTE
    ../clib/division.s                       0x00000000   Number         0  aeabi_sdivfast.o ABSOLUTE
    ../clib/division.s                       0x00000000   Number         0  aeabi_sdivfast_div0.o ABSOLUTE
    ../clib/fenv.c                           0x00000000   Number         0  _rserrno.o ABSOLUTE
    ../clib/heapalloc.c                      0x00000000   Number         0  hrguard.o ABSOLUTE
    ../clib/heapaux.c                        0x00000000   Number         0  heapauxi.o ABSOLUTE
    ../clib/libinit.s                        0x00000000   Number         0  libinit.o ABSOLUTE
    ../clib/libinit.s                        0x00000000   Number         0  libinit2.o ABSOLUTE
    ../clib/libinit.s                        0x00000000   Number         0  libshutdown.o ABSOLUTE
    ../clib/libinit.s                        0x00000000   Number         0  libshutdown2.o ABSOLUTE
    ../clib/signal.c                         0x00000000   Number         0  defsig_fpe_outer.o ABSOLUTE
    ../clib/signal.c                         0x00000000   Number         0  defsig_fpe_formal.o ABSOLUTE
    ../clib/signal.c                         0x00000000   Number         0  defsig_exit.o ABSOLUTE
    ../clib/signal.c                         0x00000000   Number         0  defsig_fpe_inner.o ABSOLUTE
    ../clib/signal.c                         0x00000000   Number         0  __raise.o ABSOLUTE
    ../clib/signal.c                         0x00000000   Number         0  defsig_general.o ABSOLUTE
    ../clib/signal.c                         0x00000000   Number         0  defsig_abrt_inner.o ABSOLUTE
    ../clib/signal.c                         0x00000000   Number         0  defsig_rtred_inner.o ABSOLUTE
    ../clib/signal.c                         0x00000000   Number         0  defsig_rtmem_inner.o ABSOLUTE
    ../clib/signal.c                         0x00000000   Number         0  defsig_rtmem_outer.o ABSOLUTE
    ../clib/signal.c                         0x00000000   Number         0  defsig_rtmem_formal.o ABSOLUTE
    ../clib/signal.c                         0x00000000   Number         0  defsig_stak_inner.o ABSOLUTE
    ../clib/signal.c                         0x00000000   Number         0  defsig_pvfn_inner.o ABSOLUTE
    ../clib/signal.c                         0x00000000   Number         0  defsig_cppl_inner.o ABSOLUTE
    ../clib/signal.c                         0x00000000   Number         0  defsig_segv_inner.o ABSOLUTE
    ../clib/signal.c                         0x00000000   Number         0  defsig_other.o ABSOLUTE
    ../clib/signal.s                         0x00000000   Number         0  defsig.o ABSOLUTE
    ../clib/stdlib.c                         0x00000000   Number         0  exit.o ABSOLUTE
    ../fplib/cfplib/cmp.c                    0x00000000   Number         0  dcmp.o ABSOLUTE
    ../fplib/cfplib/cmpret.c                 0x00000000   Number         0  cmpret.o ABSOLUTE
    ../fplib/cfplib/daddsub.c                0x00000000   Number         0  daddsub.o ABSOLUTE
    ../fplib/cfplib/dcmpin.c                 0x00000000   Number         0  dcmpin.o ABSOLUTE
    ../fplib/cfplib/ddiv.c                   0x00000000   Number         0  ddiv.o ABSOLUTE
    ../fplib/cfplib/dmul.c                   0x00000000   Number         0  dmul.o ABSOLUTE
    ../fplib/cfplib/ffix.c                   0x00000000   Number         0  dfixi.o ABSOLUTE
    ../fplib/cfplib/fflt.c                   0x00000000   Number         0  dflti.o ABSOLUTE
    ../fplib/cfplib/fpinit.c                 0x00000000   Number         0  fpinit.o ABSOLUTE
    ../fplib/cfplib/nan2.c                   0x00000000   Number         0  dnan2.o ABSOLUTE
    ../fplib/cfplib/retnan.c                 0x00000000   Number         0  retnan.o ABSOLUTE
    ../fplib/cfplib/scalbn.c                 0x00000000   Number         0  dscalbn.o ABSOLUTE
    ../fplib/deqf6m.s                        0x00000000   Number         0  deqf.o ABSOLUTE
    ../fplib/dgeqf6m.s                       0x00000000   Number         0  dgef.o ABSOLUTE
    ../fplib/dleqf6m.s                       0x00000000   Number         0  dlef.o ABSOLUTE
    ../fplib/fmul6m.s                        0x00000000   Number         0  fmul.o ABSOLUTE
    ../fplib/usenofp.s                       0x00000000   Number         0  usenofp.o ABSOLUTE
    ../mathlib/cos_i.c                       0x00000000   Number         0  cos_i.o ABSOLUTE
    ../mathlib/dunder.c                      0x00000000   Number         0  dunder.o ABSOLUTE
    ../mathlib/fpclassify.c                  0x00000000   Number         0  fpclassify.o ABSOLUTE
    ../mathlib/poly.c                        0x00000000   Number         0  poly.o ABSOLUTE
    ../mathlib/rred.c                        0x00000000   Number         0  rred.o ABSOLUTE
    ../mathlib/sin.c                         0x00000000   Number         0  sin.o ABSOLUTE
    ../mathlib/sin_i.c                       0x00000000   Number         0  sin_i.o ABSOLUTE
    DAC.c                                    0x00000000   Number         0  dac.o ABSOLUTE
    RTE/Device/MKL05Z32xxx4/startup_MKL05Z4.s 0x00000000   Number         0  startup_mkl05z4.o ABSOLUTE
    dc.s                                     0x00000000   Number         0  dc.o ABSOLUTE
    i2c.c                                    0x00000000   Number         0  i2c.o ABSOLUTE
    klaw.c                                   0x00000000   Number         0  klaw.o ABSOLUTE
    lcd1602.c                                0x00000000   Number         0  lcd1602.o ABSOLUTE
    leds.c                                   0x00000000   Number         0  leds.o ABSOLUTE
    main.c                                   0x00000000   Number         0  main.o ABSOLUTE
    out                                      0x00000000   Number         0  out.o ABSOLUTE
    system_MKL05Z4.c                         0x00000000   Number         0  system_mkl05z4.o ABSOLUTE
    tsi.c                                    0x00000000   Number         0  tsi.o ABSOLUTE
    RESET                                    0x00000000   Section      192  startup_mkl05z4.o(RESET)
    !!!main                                  0x000000c0   Section        8  __main.o(!!!main)
    !!!scatter                               0x000000c8   Section       60  __scatter.o(!!!scatter)
    !!handler_copy                           0x00000104   Section       26  __scatter_copy.o(!!handler_copy)
    !!handler_zi                             0x00000120   Section       28  __scatter_zi.o(!!handler_zi)
    .ARM.Collect$$libinit$$00000000          0x0000013c   Section        2  libinit.o(.ARM.Collect$$libinit$$00000000)
    .ARM.Collect$$libinit$$00000002          0x0000013e   Section        0  libinit2.o(.ARM.Collect$$libinit$$00000002)
    .ARM.Collect$$libinit$$00000004          0x0000013e   Section        0  libinit2.o(.ARM.Collect$$libinit$$00000004)
    .ARM.Collect$$libinit$$0000000A          0x0000013e   Section        0  libinit2.o(.ARM.Collect$$libinit$$0000000A)
    .ARM.Collect$$libinit$$0000000C          0x0000013e   Section        0  libinit2.o(.ARM.Collect$$libinit$$0000000C)
    .ARM.Collect$$libinit$$0000000E          0x0000013e   Section        0  libinit2.o(.ARM.Collect$$libinit$$0000000E)
    .ARM.Collect$$libinit$$00000011          0x0000013e   Section        0  libinit2.o(.ARM.Collect$$libinit$$00000011)
    .ARM.Collect$$libinit$$00000013          0x0000013e   Section        0  libinit2.o(.ARM.Collect$$libinit$$00000013)
    .ARM.Collect$$libinit$$00000015          0x0000013e   Section        0  libinit2.o(.ARM.Collect$$libinit$$00000015)
    .ARM.Collect$$libinit$$00000017          0x0000013e   Section        0  libinit2.o(.ARM.Collect$$libinit$$00000017)
    .ARM.Collect$$libinit$$00000019          0x0000013e   Section        0  libinit2.o(.ARM.Collect$$libinit$$00000019)
    .ARM.Collect$$libinit$$0000001B          0x0000013e   Section        0  libinit2.o(.ARM.Collect$$libinit$$0000001B)
    .ARM.Collect$$libinit$$0000001D          0x0000013e   Section        0  libinit2.o(.ARM.Collect$$libinit$$0000001D)
    .ARM.Collect$$libinit$$0000001F          0x0000013e   Section        0  libinit2.o(.ARM.Collect$$libinit$$0000001F)
    .ARM.Collect$$libinit$$00000021          0x0000013e   Section        0  libinit2.o(.ARM.Collect$$libinit$$00000021)
    .ARM.Collect$$libinit$$00000023          0x0000013e   Section        0  libinit2.o(.ARM.Collect$$libinit$$00000023)
    .ARM.Collect$$libinit$$00000025          0x0000013e   Section        0  libinit2.o(.ARM.Collect$$libinit$$00000025)
    .ARM.Collect$$libinit$$0000002C          0x0000013e   Section        0  libinit2.o(.ARM.Collect$$libinit$$0000002C)
    .ARM.Collect$$libinit$$0000002E          0x0000013e   Section        0  libinit2.o(.ARM.Collect$$libinit$$0000002E)
    .ARM.Collect$$libinit$$00000030          0x0000013e   Section        0  libinit2.o(.ARM.Collect$$libinit$$00000030)
    .ARM.Collect$$libinit$$00000032          0x0000013e   Section        0  libinit2.o(.ARM.Collect$$libinit$$00000032)
    .ARM.Collect$$libinit$$00000033          0x0000013e   Section        2  libinit2.o(.ARM.Collect$$libinit$$00000033)
    .ARM.Collect$$libshutdown$$00000000      0x00000140   Section        2  libshutdown.o(.ARM.Collect$$libshutdown$$00000000)
    .ARM.Collect$$libshutdown$$00000002      0x00000142   Section        0  libshutdown2.o(.ARM.Collect$$libshutdown$$00000002)
    .ARM.Collect$$libshutdown$$00000004      0x00000142   Section        0  libshutdown2.o(.ARM.Collect$$libshutdown$$00000004)
    .ARM.Collect$$libshutdown$$00000007      0x00000142   Section        0  libshutdown2.o(.ARM.Collect$$libshutdown$$00000007)
    .ARM.Collect$$libshutdown$$0000000A      0x00000142   Section        0  libshutdown2.o(.ARM.Collect$$libshutdown$$0000000A)
    .ARM.Collect$$libshutdown$$0000000C      0x00000142   Section        0  libshutdown2.o(.ARM.Collect$$libshutdown$$0000000C)
    .ARM.Collect$$libshutdown$$0000000F      0x00000142   Section        0  libshutdown2.o(.ARM.Collect$$libshutdown$$0000000F)
    .ARM.Collect$$libshutdown$$00000010      0x00000142   Section        2  libshutdown2.o(.ARM.Collect$$libshutdown$$00000010)
    .ARM.Collect$$rtentry$$00000000          0x00000144   Section        0  __rtentry.o(.ARM.Collect$$rtentry$$00000000)
    .ARM.Collect$$rtentry$$00000002          0x00000144   Section        0  __rtentry2.o(.ARM.Collect$$rtentry$$00000002)
    .ARM.Collect$$rtentry$$00000004          0x00000144   Section        6  __rtentry4.o(.ARM.Collect$$rtentry$$00000004)
    .ARM.Collect$$rtentry$$00000009          0x0000014a   Section        0  __rtentry2.o(.ARM.Collect$$rtentry$$00000009)
    .ARM.Collect$$rtentry$$0000000A          0x0000014a   Section        4  __rtentry2.o(.ARM.Collect$$rtentry$$0000000A)
    .ARM.Collect$$rtentry$$0000000C          0x0000014e   Section        0  __rtentry2.o(.ARM.Collect$$rtentry$$0000000C)
    .ARM.Collect$$rtentry$$0000000D          0x0000014e   Section        8  __rtentry2.o(.ARM.Collect$$rtentry$$0000000D)
    .ARM.Collect$$rtexit$$00000000           0x00000156   Section        2  rtexit.o(.ARM.Collect$$rtexit$$00000000)
    .ARM.Collect$$rtexit$$00000002           0x00000158   Section        0  rtexit2.o(.ARM.Collect$$rtexit$$00000002)
    .ARM.Collect$$rtexit$$00000003           0x00000158   Section        4  rtexit2.o(.ARM.Collect$$rtexit$$00000003)
    .ARM.Collect$$rtexit$$00000004           0x0000015c   Section        6  rtexit2.o(.ARM.Collect$$rtexit$$00000004)
    .text                                    0x00000164   Section       52  startup_mkl05z4.o(.text)
    .text                                    0x00000198   Section        0  heapauxi.o(.text)
    .text                                    0x000001a0   Section        0  dfixi.o(.text)
    .text                                    0x0000020c   Section        0  dflti.o(.text)
    .text                                    0x00000264   Section        0  _rserrno.o(.text)
    .text                                    0x0000027c   Section        8  rt_errno_addr_intlibspace.o(.text)
    .text                                    0x00000284   Section        0  dcmpin.o(.text)
    .text                                    0x00000324   Section        0  dscalbn.o(.text)
    .text                                    0x00000384   Section        8  libspace.o(.text)
    .text                                    0x0000038c   Section       62  sys_stackheap_outer.o(.text)
    .text                                    0x000003ca   Section        0  exit.o(.text)
    .text                                    0x000003dc   Section        0  dnan2.o(.text)
    .text                                    0x000003f0   Section        0  sys_exit.o(.text)
    .text                                    0x000003fc   Section        2  use_no_semi.o(.text)
    elec_array                               0x000003fe   Data           2  tsi.o(.rodata.elec_array)
    [Anonymous Symbol]                       0x000003fe   Section        0  tsi.o(.rodata.elec_array)
    .text                                    0x000003fe   Section        0  indicate_semi.o(.text)
    x$fpl$usenofp                            0x000003fe   Section        0  usenofp.o(x$fpl$usenofp)
    .ARM.__at_0x400                          0x00000400   Section       16  startup_mkl05z4.o(.ARM.__at_0x400)
    _dadd1                                   0x00000411   Thumb Code   290  daddsub.o(.text)
    .text                                    0x00000410   Section        0  daddsub.o(.text)
    _dsub1                                   0x00000533   Thumb Code   470  daddsub.o(.text)
    .text                                    0x00000768   Section        0  dmul.o(.text)
    .text                                    0x000009b0   Section        0  ddiv.o(.text)
    .text                                    0x00000df8   Section        0  cmpret.o(.text)
    .text                                    0x00000e26   Section        0  retnan.o(.text)
    [Anonymous Symbol]                       0x00000e84   Section        0  main.o(.text.Alarm)
    __arm_cp.25_0                            0x00000ee8   Number         4  main.o(.text.Alarm)
    __arm_cp.25_1                            0x00000eec   Number         4  main.o(.text.Alarm)
    __arm_cp.25_2                            0x00000ef0   Number         4  main.o(.text.Alarm)
    __arm_cp.25_3                            0x00000ef4   Number         4  main.o(.text.Alarm)
    __arm_cp.25_4                            0x00000ef8   Number         4  main.o(.text.Alarm)
    __arm_cp.25_5                            0x00000efc   Number         4  main.o(.text.Alarm)
    __arm_cp.25_6                            0x00000f00   Number         4  main.o(.text.Alarm)
    [Anonymous Symbol]                       0x00000f04   Section        0  main.o(.text.ArmAlarm)
    [Anonymous Symbol]                       0x00000f34   Section        0  main.o(.text.Back)
    [Anonymous Symbol]                       0x00000f50   Section        0  main.o(.text.CheckAccel)
    __arm_cp.14_0                            0x00001020   Number         4  main.o(.text.CheckAccel)
    __arm_cp.14_1                            0x00001024   Number         4  main.o(.text.CheckAccel)
    __arm_cp.14_2                            0x00001028   Number         4  main.o(.text.CheckAccel)
    __arm_cp.14_3                            0x0000102c   Number         4  main.o(.text.CheckAccel)
    __arm_cp.14_4                            0x00001030   Number         4  main.o(.text.CheckAccel)
    __arm_cp.14_5                            0x00001034   Number         4  main.o(.text.CheckAccel)
    __arm_cp.14_6                            0x00001038   Number         4  main.o(.text.CheckAccel)
    [Anonymous Symbol]                       0x0000103c   Section        0  main.o(.text.CheckButtons)
    __arm_cp.24_0                            0x00001100   Number         4  main.o(.text.CheckButtons)
    __arm_cp.24_1                            0x00001104   Number         4  main.o(.text.CheckButtons)
    __arm_cp.24_2                            0x00001108   Number         4  main.o(.text.CheckButtons)
    __arm_cp.24_3                            0x0000110c   Number         4  main.o(.text.CheckButtons)
    __arm_cp.24_5                            0x00001114   Number         4  main.o(.text.CheckButtons)
    [Anonymous Symbol]                       0x00001128   Section        0  main.o(.text.CheckPassword)
    __arm_cp.7_0                             0x0000115c   Number         4  main.o(.text.CheckPassword)
    [Anonymous Symbol]                       0x00001160   Section        0  main.o(.text.ClearPassword)
    __arm_cp.8_0                             0x00001178   Number         4  main.o(.text.ClearPassword)
    __arm_cp.8_1                             0x0000117c   Number         4  main.o(.text.ClearPassword)
    [Anonymous Symbol]                       0x00001180   Section        0  dac.o(.text.DAC_Init)
    [Anonymous Symbol]                       0x000011a8   Section        0  dac.o(.text.DAC_Load_Trig)
    __arm_cp.1_0                             0x000011d4   Number         4  dac.o(.text.DAC_Load_Trig)
    __arm_cp.1_1                             0x000011d8   Number         4  dac.o(.text.DAC_Load_Trig)
    [Anonymous Symbol]                       0x000011dc   Section        0  main.o(.text.Down)
    [Anonymous Symbol]                       0x0000120c   Section        0  main.o(.text.EnterAdminMode)
    __arm_cp.23_0                            0x00001224   Number         4  main.o(.text.EnterAdminMode)
    __arm_cp.23_1                            0x00001228   Number         4  main.o(.text.EnterAdminMode)
    [Anonymous Symbol]                       0x0000122c   Section        0  main.o(.text.Forward)
    __arm_cp.20_0                            0x0000123c   Number         4  main.o(.text.Forward)
    __arm_cp.20_1                            0x00001240   Number         4  main.o(.text.Forward)
    [Anonymous Symbol]                       0x00001244   Section        0  i2c.o(.text.I2C_Init)
    __arm_cp.0_0                             0x00001284   Number         4  i2c.o(.text.I2C_Init)
    __arm_cp.0_1                             0x00001288   Number         4  i2c.o(.text.I2C_Init)
    __arm_cp.0_2                             0x0000128c   Number         4  i2c.o(.text.I2C_Init)
    [Anonymous Symbol]                       0x00001290   Section        0  i2c.o(.text.I2C_Read)
    [Anonymous Symbol]                       0x000012dc   Section        0  i2c.o(.text.I2C_ReadReg)
    [Anonymous Symbol]                       0x0000134c   Section        0  i2c.o(.text.I2C_ReadRegBlock)
    __arm_cp.19_1                            0x000013f4   Number         4  i2c.o(.text.I2C_ReadRegBlock)
    [Anonymous Symbol]                       0x000013f8   Section        0  i2c.o(.text.I2C_Write)
    [Anonymous Symbol]                       0x00001434   Section        0  i2c.o(.text.I2C_WriteReg)
    __arm_cp.15_0                            0x00001480   Number         4  i2c.o(.text.I2C_WriteReg)
    [Anonymous Symbol]                       0x00001484   Section        0  klaw.o(.text.Klaw_Init)
    __arm_cp.0_0                             0x000014d4   Number         4  klaw.o(.text.Klaw_Init)
    [Anonymous Symbol]                       0x000014d8   Section        0  klaw.o(.text.Klaw_S2_4_Int)
    __arm_cp.1_0                             0x00001528   Number         4  klaw.o(.text.Klaw_S2_4_Int)
    __arm_cp.1_1                             0x0000152c   Number         4  klaw.o(.text.Klaw_S2_4_Int)
    [Anonymous Symbol]                       0x00001530   Section        0  lcd1602.o(.text.LCD1602_BF_AC)
    [Anonymous Symbol]                       0x000015f8   Section        0  lcd1602.o(.text.LCD1602_Backlight)
    [Anonymous Symbol]                       0x00001608   Section        0  lcd1602.o(.text.LCD1602_CheckAddress)
    [Anonymous Symbol]                       0x00001630   Section        0  lcd1602.o(.text.LCD1602_ClearAll)
    [Anonymous Symbol]                       0x0000163c   Section        0  lcd1602.o(.text.LCD1602_Init)
    __arm_cp.0_0                             0x00001684   Number         4  lcd1602.o(.text.LCD1602_Init)
    [Anonymous Symbol]                       0x00001688   Section        0  lcd1602.o(.text.LCD1602_Print)
    [Anonymous Symbol]                       0x000016a8   Section        0  lcd1602.o(.text.LCD1602_SetCursor)
    [Anonymous Symbol]                       0x000016c6   Section        0  lcd1602.o(.text.LCD1602_Write4)
    [Anonymous Symbol]                       0x000016e0   Section        0  lcd1602.o(.text.LCD1602_Write8)
    [Anonymous Symbol]                       0x00001708   Section        0  leds.o(.text.LED_Init)
    __arm_cp.0_0                             0x00001740   Number         4  leds.o(.text.LED_Init)
    __arm_cp.0_1                             0x00001744   Number         4  leds.o(.text.LED_Init)
    __arm_cp.0_2                             0x00001748   Number         4  leds.o(.text.LED_Init)
    [Anonymous Symbol]                       0x0000174c   Section        0  main.o(.text.MainMenu)
    __arm_cp.15_0                            0x00001770   Number         4  main.o(.text.MainMenu)
    [Anonymous Symbol]                       0x00001784   Section        0  lcd1602.o(.text.PCF8574_Write)
    __arm_cp.12_0                            0x000017a8   Number         4  lcd1602.o(.text.PCF8574_Write)
    __arm_cp.12_1                            0x000017ac   Number         4  lcd1602.o(.text.PCF8574_Write)
    [Anonymous Symbol]                       0x000017b0   Section        0  main.o(.text.PORTA_IRQHandler)
    __arm_cp.4_0                             0x0000185c   Number         4  main.o(.text.PORTA_IRQHandler)
    __arm_cp.4_2                             0x00001860   Number         4  main.o(.text.PORTA_IRQHandler)
    [Anonymous Symbol]                       0x00001864   Section        0  main.o(.text.PORTB_IRQHandler)
    __arm_cp.2_0                             0x000018a8   Number         4  main.o(.text.PORTB_IRQHandler)
    __arm_cp.2_1                             0x000018ac   Number         4  main.o(.text.PORTB_IRQHandler)
    __arm_cp.2_2                             0x000018b0   Number         4  main.o(.text.PORTB_IRQHandler)
    __arm_cp.2_3                             0x000018b4   Number         4  main.o(.text.PORTB_IRQHandler)
    [Anonymous Symbol]                       0x000018b8   Section        0  main.o(.text.PasswordMenu)
    __arm_cp.18_0                            0x000018dc   Number         4  main.o(.text.PasswordMenu)
    [Anonymous Symbol]                       0x000018f0   Section        0  main.o(.text.SensitivityMenu)
    __arm_cp.17_0                            0x00001914   Number         4  main.o(.text.SensitivityMenu)
    __arm_cp.17_2                            0x00001928   Number         4  main.o(.text.SensitivityMenu)
    [Anonymous Symbol]                       0x0000192c   Section        0  main.o(.text.Speaker_Init)
    __arm_cp.5_0                             0x000019bc   Number         4  main.o(.text.Speaker_Init)
    __arm_cp.5_1                             0x000019c0   Number         4  main.o(.text.Speaker_Init)
    __arm_cp.5_2                             0x000019c4   Number         4  main.o(.text.Speaker_Init)
    __arm_cp.5_3                             0x000019c8   Number         4  main.o(.text.Speaker_Init)
    __arm_cp.5_4                             0x000019cc   Number         4  main.o(.text.Speaker_Init)
    __arm_cp.5_6                             0x000019d0   Number         4  main.o(.text.Speaker_Init)
    __arm_cp.5_7                             0x000019d4   Number         4  main.o(.text.Speaker_Init)
    __arm_cp.5_8                             0x000019d8   Number         4  main.o(.text.Speaker_Init)
    __arm_cp.5_11                            0x000019dc   Number         4  main.o(.text.Speaker_Init)
    [Anonymous Symbol]                       0x000019e0   Section        0  main.o(.text.StartAlarm)
    __arm_cp.10_0                            0x00001a08   Number         4  main.o(.text.StartAlarm)
    __arm_cp.10_1                            0x00001a0c   Number         4  main.o(.text.StartAlarm)
    [Anonymous Symbol]                       0x00001a20   Section        0  main.o(.text.StopAlarm)
    __arm_cp.12_0                            0x00001a4c   Number         4  main.o(.text.StopAlarm)
    __arm_cp.12_1                            0x00001a50   Number         4  main.o(.text.StopAlarm)
    SysTick_Config                           0x00001a55   Thumb Code    28  main.o(.text.SysTick_Config)
    [Anonymous Symbol]                       0x00001a54   Section        0  main.o(.text.SysTick_Config)
    __arm_cp.11_0                            0x00001a70   Number         4  main.o(.text.SysTick_Config)
    [Anonymous Symbol]                       0x00001a74   Section        0  main.o(.text.SysTick_Handler)
    __arm_cp.1_0                             0x00001ac8   Number         4  main.o(.text.SysTick_Handler)
    __arm_cp.1_1                             0x00001acc   Number         4  main.o(.text.SysTick_Handler)
    __arm_cp.1_2                             0x00001ad0   Number         4  main.o(.text.SysTick_Handler)
    __arm_cp.1_3                             0x00001ad4   Number         4  main.o(.text.SysTick_Handler)
    __arm_cp.1_4                             0x00001ad8   Number         4  main.o(.text.SysTick_Handler)
    __arm_cp.1_5                             0x00001adc   Number         4  main.o(.text.SysTick_Handler)
    __arm_cp.1_6                             0x00001ae0   Number         4  main.o(.text.SysTick_Handler)
    __arm_cp.1_7                             0x00001ae4   Number         4  main.o(.text.SysTick_Handler)
    [Anonymous Symbol]                       0x00001ae8   Section        0  system_mkl05z4.o(.text.SystemInit)
    __arm_cp.0_0                             0x00001b24   Number         4  system_mkl05z4.o(.text.SystemInit)
    __arm_cp.0_1                             0x00001b28   Number         4  system_mkl05z4.o(.text.SystemInit)
    __arm_cp.0_2                             0x00001b2c   Number         4  system_mkl05z4.o(.text.SystemInit)
    __arm_cp.0_3                             0x00001b30   Number         4  system_mkl05z4.o(.text.SystemInit)
    [Anonymous Symbol]                       0x00001b34   Section        0  tsi.o(.text.TSI0_IRQHandler)
    __arm_cp.7_0                             0x00001b48   Number         4  tsi.o(.text.TSI0_IRQHandler)
    [Anonymous Symbol]                       0x00001b4c   Section        0  main.o(.text.Up)
    [Anonymous Symbol]                       0x00001b7c   Section        0  main.o(.text.VolumeMenu)
    __arm_cp.16_0                            0x00001ba0   Number         4  main.o(.text.VolumeMenu)
    __arm_cp.16_2                            0x00001bb0   Number         4  main.o(.text.VolumeMenu)
    __NVIC_ClearPendingIRQ                   0x00001bb5   Thumb Code    16  main.o(.text.__NVIC_ClearPendingIRQ)
    [Anonymous Symbol]                       0x00001bb4   Section        0  main.o(.text.__NVIC_ClearPendingIRQ)
    __NVIC_ClearPendingIRQ                   0x00001bc5   Thumb Code    16  klaw.o(.text.__NVIC_ClearPendingIRQ)
    [Anonymous Symbol]                       0x00001bc4   Section        0  klaw.o(.text.__NVIC_ClearPendingIRQ)
    __arm_cp.3_0                             0x00001bd4   Number         4  klaw.o(.text.__NVIC_ClearPendingIRQ)
    __NVIC_EnableIRQ                         0x00001bd9   Thumb Code    16  klaw.o(.text.__NVIC_EnableIRQ)
    [Anonymous Symbol]                       0x00001bd8   Section        0  klaw.o(.text.__NVIC_EnableIRQ)
    __arm_cp.4_0                             0x00001be8   Number         4  klaw.o(.text.__NVIC_EnableIRQ)
    __NVIC_SetPriority                       0x00001bed   Thumb Code    20  main.o(.text.__NVIC_SetPriority)
    [Anonymous Symbol]                       0x00001bec   Section        0  main.o(.text.__NVIC_SetPriority)
    __arm_cp.6_0                             0x00001c00   Number         4  main.o(.text.__NVIC_SetPriority)
    __NVIC_SetPriority                       0x00001c05   Thumb Code    28  klaw.o(.text.__NVIC_SetPriority)
    [Anonymous Symbol]                       0x00001c04   Section        0  klaw.o(.text.__NVIC_SetPriority)
    __arm_cp.2_0                             0x00001c20   Number         4  klaw.o(.text.__NVIC_SetPriority)
    [Anonymous Symbol]                       0x00001c24   Section        0  tsi.o(.text.change_electrode)
    __arm_cp.6_0                             0x00001c70   Number         4  tsi.o(.text.change_electrode)
    __arm_cp.6_1                             0x00001c74   Number         4  tsi.o(.text.change_electrode)
    __arm_cp.6_2                             0x00001c78   Number         4  tsi.o(.text.change_electrode)
    __arm_cp.6_3                             0x00001c7c   Number         4  tsi.o(.text.change_electrode)
    __arm_cp.6_4                             0x00001c80   Number         4  tsi.o(.text.change_electrode)
    __arm_cp.6_5                             0x00001c84   Number         4  tsi.o(.text.change_electrode)
    [Anonymous Symbol]                       0x00001c88   Section        0  i2c.o(.text.i2c_ack)
    [Anonymous Symbol]                       0x00001c94   Section        0  i2c.o(.text.i2c_clr_IICIF)
    [Anonymous Symbol]                       0x00001ca0   Section        0  i2c.o(.text.i2c_disable)
    [Anonymous Symbol]                       0x00001cac   Section        0  i2c.o(.text.i2c_enable)
    [Anonymous Symbol]                       0x00001cb8   Section        0  i2c.o(.text.i2c_m_rstart)
    __arm_cp.18_0                            0x00001ccc   Number         4  i2c.o(.text.i2c_m_rstart)
    [Anonymous Symbol]                       0x00001cd0   Section        0  i2c.o(.text.i2c_m_start)
    [Anonymous Symbol]                       0x00001cdc   Section        0  i2c.o(.text.i2c_m_stop)
    [Anonymous Symbol]                       0x00001ce8   Section        0  i2c.o(.text.i2c_nack)
    [Anonymous Symbol]                       0x00001cf4   Section        0  i2c.o(.text.i2c_rec)
    [Anonymous Symbol]                       0x00001d00   Section        0  i2c.o(.text.i2c_recv)
    [Anonymous Symbol]                       0x00001d08   Section        0  i2c.o(.text.i2c_send)
    __arm_cp.5_0                             0x00001d10   Number         4  i2c.o(.text.i2c_send)
    [Anonymous Symbol]                       0x00001d14   Section        0  i2c.o(.text.i2c_tran)
    __arm_cp.3_0                             0x00001d20   Number         4  i2c.o(.text.i2c_tran)
    [Anonymous Symbol]                       0x00001d24   Section        0  i2c.o(.text.i2c_wait)
    [Anonymous Symbol]                       0x00001d74   Section        0  i2c.o(.text.i2c_wait_rec)
    __arm_cp.14_0                            0x00001db4   Number         4  i2c.o(.text.i2c_wait_rec)
    __arm_cp.14_1                            0x00001db8   Number         4  i2c.o(.text.i2c_wait_rec)
    __arm_cp.14_2                            0x00001dbc   Number         4  i2c.o(.text.i2c_wait_rec)
    [Anonymous Symbol]                       0x00001dc0   Section        0  main.o(.text.main)
    __arm_cp.26_0                            0x00001e30   Number         4  main.o(.text.main)
    __arm_cp.26_1                            0x00001e34   Number         4  main.o(.text.main)
    .text_divfast                            0x00001e38   Section      502  aeabi_sdivfast.o(.text_divfast)
    i.__ARM_common_ll_muluu                  0x0000202e   Section        0  rred.o(i.__ARM_common_ll_muluu)
    i.__ARM_fpclassify                       0x00002060   Section        0  fpclassify.o(i.__ARM_fpclassify)
    i.__ieee754_rem_pio2                     0x0000208c   Section        0  rred.o(i.__ieee754_rem_pio2)
    i.__kernel_cos                           0x00002428   Section        0  cos_i.o(i.__kernel_cos)
    i.__kernel_poly                          0x0000251c   Section        0  poly.o(i.__kernel_poly)
    i.__kernel_sin                           0x000025c8   Section        0  sin_i.o(i.__kernel_sin)
    i.__mathlib_dbl_infnan                   0x000026b4   Section        0  dunder.o(i.__mathlib_dbl_infnan)
    i.__mathlib_dbl_invalid                  0x000026be   Section        0  dunder.o(i.__mathlib_dbl_invalid)
    i.__mathlib_dbl_underflow                0x000026d0   Section        0  dunder.o(i.__mathlib_dbl_underflow)
    i._dleq                                  0x000026e4   Section        0  dcmp.o(i._dleq)
    i.sin                                    0x00002700   Section        0  sin.o(i.sin)
    x$fpl$dleqf                              0x0000279c   Section      100  dlef.o(x$fpl$dleqf)
    x$fpl$fmul                               0x00002800   Section      176  fmul.o(x$fpl$fmul)
    C                                        0x000028b0   Data          48  cos_i.o(.constdata)
    .constdata                               0x000028b0   Section       48  cos_i.o(.constdata)
    pio2s                                    0x000028e0   Data          48  rred.o(.constdata)
    .constdata                               0x000028e0   Section      204  rred.o(.constdata)
    twooverpi                                0x00002910   Data         156  rred.o(.constdata)
    S                                        0x000029b0   Data          40  sin_i.o(.constdata)
    .constdata                               0x000029b0   Section       40  sin_i.o(.constdata)
    ddiv_reciptbl                            0x000029d8   Data         128  ddiv.o(.constdata)
    .constdata                               0x000029d8   Section      128  ddiv.o(.constdata)
    [Anonymous Symbol]                       0x00002a58   Section        0  main.o(.rodata.str1.1)
    lcd_backlight                            0x1ffffc08   Data           1  lcd1602.o(.data.lcd_backlight)
    [Anonymous Symbol]                       0x1ffffc08   Section        0  lcd1602.o(.data.lcd_backlight)
    .bss                                     0x1ffffc10   Section       96  libspace.o(.bss)
    arrayXYZ                                 0x20000490   Data           6  main.o(.bss.arrayXYZ)
    [Anonymous Symbol]                       0x20000490   Section        0  main.o(.bss.arrayXYZ)
    end_flag                                 0x2000049d   Data           1  tsi.o(.bss.end_flag)
    [Anonymous Symbol]                       0x2000049d   Section        0  tsi.o(.bss.end_flag)
    error                                    0x200004a2   Data           1  i2c.o(.bss.error)
    [Anonymous Symbol]                       0x200004a2   Section        0  i2c.o(.bss.error)
    gu16Baseline                             0x200004a8   Data           4  tsi.o(.bss.gu16Baseline)
    [Anonymous Symbol]                       0x200004a8   Section        0  tsi.o(.bss.gu16Baseline)
    gu16Delta                                0x200004ac   Data           4  tsi.o(.bss.gu16Delta)
    [Anonymous Symbol]                       0x200004ac   Section        0  tsi.o(.bss.gu16Delta)
    ongoing_elec                             0x200004b6   Data           1  tsi.o(.bss.ongoing_elec)
    [Anonymous Symbol]                       0x200004b6   Section        0  tsi.o(.bss.ongoing_elec)
    pcf_address                              0x200004b8   Data           1  lcd1602.o(.bss.pcf_address)
    [Anonymous Symbol]                       0x200004b8   Section        0  lcd1602.o(.bss.pcf_address)
    status                                   0x200004b9   Data           1  main.o(.bss.status)
    [Anonymous Symbol]                       0x200004b9   Section        0  main.o(.bss.status)
    Heap_Mem                                 0x200004c8   Data           0  startup_mkl05z4.o(HEAP)
    Stack_Mem                                0x200004c8   Data         768  startup_mkl05z4.o(STACK)
    HEAP                                     0x200004c8   Section        0  startup_mkl05z4.o(HEAP)
    STACK                                    0x200004c8   Section      768  startup_mkl05z4.o(STACK)
    __initial_sp                             0x200007c8   Data           0  startup_mkl05z4.o(STACK)

    Global Symbols

    Symbol Name                              Value     Ov Type        Size  Object(Section)

    BuildAttributes$$THM_ISAv3M$S$PE$A:L22$X:L11$S22$IEEE1$IW$~IW$USESV6$~STKCKD$USESV7$~SHL$OTIME$ROPI$IEEEX$EBA8$UX$STANDARDLIB$REQ8$PRES8$EABIv2 0x00000000   Number         0  anon$$obj.o ABSOLUTE
    __Vectors                                0x00000000   Data           4  startup_mkl05z4.o(RESET)
    __ARM_exceptions_init                     - Undefined Weak Reference
    __alloca_initialize                       - Undefined Weak Reference
    __arm_preinit_                            - Undefined Weak Reference
    __cpp_initialize__aeabi_                  - Undefined Weak Reference
    __cxa_finalize                            - Undefined Weak Reference
    __rt_locale                               - Undefined Weak Reference
    __sigvec_lookup                           - Undefined Weak Reference
    _atexit_init                              - Undefined Weak Reference
    _call_atexit_fns                          - Undefined Weak Reference
    _clock_init                               - Undefined Weak Reference
    _fp_trap_init                             - Undefined Weak Reference
    _fp_trap_shutdown                         - Undefined Weak Reference
    _get_lc_collate                           - Undefined Weak Reference
    _get_lc_ctype                             - Undefined Weak Reference
    _get_lc_monetary                          - Undefined Weak Reference
    _get_lc_numeric                           - Undefined Weak Reference
    _get_lc_time                              - Undefined Weak Reference
    _getenv_init                              - Undefined Weak Reference
    _handle_redirection                       - Undefined Weak Reference
    _init_alloc                               - Undefined Weak Reference
    _init_user_alloc                          - Undefined Weak Reference
    _initio                                   - Undefined Weak Reference
    _rand_init                                - Undefined Weak Reference
    _signal_finish                            - Undefined Weak Reference
    _signal_init                              - Undefined Weak Reference
    _terminate_alloc                          - Undefined Weak Reference
    _terminate_user_alloc                     - Undefined Weak Reference
    _terminateio                              - Undefined Weak Reference
    __Vectors_End                            0x000000c0   Data           0  startup_mkl05z4.o(RESET)
    __Vectors_Size                           0x000000c0   Number         0  startup_mkl05z4.o ABSOLUTE
    __main                                   0x000000c1   Thumb Code     8  __main.o(!!!main)
    __scatterload                            0x000000c9   Thumb Code     0  __scatter.o(!!!scatter)
    __scatterload_rt2                        0x000000c9   Thumb Code    52  __scatter.o(!!!scatter)
    __scatterload_rt2_thumb_only             0x000000c9   Thumb Code     0  __scatter.o(!!!scatter)
    __scatterload_null                       0x000000d9   Thumb Code     0  __scatter.o(!!!scatter)
    __scatterload_copy                       0x00000105   Thumb Code    26  __scatter_copy.o(!!handler_copy)
    __scatterload_zeroinit                   0x00000121   Thumb Code    28  __scatter_zi.o(!!handler_zi)
    __rt_lib_init                            0x0000013d   Thumb Code     0  libinit.o(.ARM.Collect$$libinit$$00000000)
    __rt_lib_init_alloca_1                   0x0000013f   Thumb Code     0  libinit2.o(.ARM.Collect$$libinit$$0000002E)
    __rt_lib_init_argv_1                     0x0000013f   Thumb Code     0  libinit2.o(.ARM.Collect$$libinit$$0000002C)
    __rt_lib_init_atexit_1                   0x0000013f   Thumb Code     0  libinit2.o(.ARM.Collect$$libinit$$0000001B)
    __rt_lib_init_clock_1                    0x0000013f   Thumb Code     0  libinit2.o(.ARM.Collect$$libinit$$00000021)
    __rt_lib_init_cpp_1                      0x0000013f   Thumb Code     0  libinit2.o(.ARM.Collect$$libinit$$00000032)
    __rt_lib_init_exceptions_1               0x0000013f   Thumb Code     0  libinit2.o(.ARM.Collect$$libinit$$00000030)
    __rt_lib_init_fp_1                       0x0000013f   Thumb Code     0  libinit2.o(.ARM.Collect$$libinit$$00000002)
    __rt_lib_init_fp_trap_1                  0x0000013f   Thumb Code     0  libinit2.o(.ARM.Collect$$libinit$$0000001F)
    __rt_lib_init_getenv_1                   0x0000013f   Thumb Code     0  libinit2.o(.ARM.Collect$$libinit$$00000023)
    __rt_lib_init_heap_1                     0x0000013f   Thumb Code     0  libinit2.o(.ARM.Collect$$libinit$$0000000A)
    __rt_lib_init_lc_collate_1               0x0000013f   Thumb Code     0  libinit2.o(.ARM.Collect$$libinit$$00000011)
    __rt_lib_init_lc_ctype_1                 0x0000013f   Thumb Code     0  libinit2.o(.ARM.Collect$$libinit$$00000013)
    __rt_lib_init_lc_monetary_1              0x0000013f   Thumb Code     0  libinit2.o(.ARM.Collect$$libinit$$00000015)
    __rt_lib_init_lc_numeric_1               0x0000013f   Thumb Code     0  libinit2.o(.ARM.Collect$$libinit$$00000017)
    __rt_lib_init_lc_time_1                  0x0000013f   Thumb Code     0  libinit2.o(.ARM.Collect$$libinit$$00000019)
    __rt_lib_init_preinit_1                  0x0000013f   Thumb Code     0  libinit2.o(.ARM.Collect$$libinit$$00000004)
    __rt_lib_init_rand_1                     0x0000013f   Thumb Code     0  libinit2.o(.ARM.Collect$$libinit$$0000000E)
    __rt_lib_init_return                     0x0000013f   Thumb Code     0  libinit2.o(.ARM.Collect$$libinit$$00000033)
    __rt_lib_init_signal_1                   0x0000013f   Thumb Code     0  libinit2.o(.ARM.Collect$$libinit$$0000001D)
    __rt_lib_init_stdio_1                    0x0000013f   Thumb Code     0  libinit2.o(.ARM.Collect$$libinit$$00000025)
    __rt_lib_init_user_alloc_1               0x0000013f   Thumb Code     0  libinit2.o(.ARM.Collect$$libinit$$0000000C)
    __rt_lib_shutdown                        0x00000141   Thumb Code     0  libshutdown.o(.ARM.Collect$$libshutdown$$00000000)
    __rt_lib_shutdown_cpp_1                  0x00000143   Thumb Code     0  libshutdown2.o(.ARM.Collect$$libshutdown$$00000002)
    __rt_lib_shutdown_fp_trap_1              0x00000143   Thumb Code     0  libshutdown2.o(.ARM.Collect$$libshutdown$$00000007)
    __rt_lib_shutdown_heap_1                 0x00000143   Thumb Code     0  libshutdown2.o(.ARM.Collect$$libshutdown$$0000000F)
    __rt_lib_shutdown_return                 0x00000143   Thumb Code     0  libshutdown2.o(.ARM.Collect$$libshutdown$$00000010)
    __rt_lib_shutdown_signal_1               0x00000143   Thumb Code     0  libshutdown2.o(.ARM.Collect$$libshutdown$$0000000A)
    __rt_lib_shutdown_stdio_1                0x00000143   Thumb Code     0  libshutdown2.o(.ARM.Collect$$libshutdown$$00000004)
    __rt_lib_shutdown_user_alloc_1           0x00000143   Thumb Code     0  libshutdown2.o(.ARM.Collect$$libshutdown$$0000000C)
    __rt_entry                               0x00000145   Thumb Code     0  __rtentry.o(.ARM.Collect$$rtentry$$00000000)
    __rt_entry_presh_1                       0x00000145   Thumb Code     0  __rtentry2.o(.ARM.Collect$$rtentry$$00000002)
    __rt_entry_sh                            0x00000145   Thumb Code     0  __rtentry4.o(.ARM.Collect$$rtentry$$00000004)
    __rt_entry_li                            0x0000014b   Thumb Code     0  __rtentry2.o(.ARM.Collect$$rtentry$$0000000A)
    __rt_entry_postsh_1                      0x0000014b   Thumb Code     0  __rtentry2.o(.ARM.Collect$$rtentry$$00000009)
    __rt_entry_main                          0x0000014f   Thumb Code     0  __rtentry2.o(.ARM.Collect$$rtentry$$0000000D)
    __rt_entry_postli_1                      0x0000014f   Thumb Code     0  __rtentry2.o(.ARM.Collect$$rtentry$$0000000C)
    __rt_exit                                0x00000157   Thumb Code     0  rtexit.o(.ARM.Collect$$rtexit$$00000000)
    __rt_exit_ls                             0x00000159   Thumb Code     0  rtexit2.o(.ARM.Collect$$rtexit$$00000003)
    __rt_exit_prels_1                        0x00000159   Thumb Code     0  rtexit2.o(.ARM.Collect$$rtexit$$00000002)
    __rt_exit_exit                           0x0000015d   Thumb Code     0  rtexit2.o(.ARM.Collect$$rtexit$$00000004)
    Reset_Handler                            0x00000165   Thumb Code     8  startup_mkl05z4.o(.text)
    NMI_Handler                              0x0000016d   Thumb Code     2  startup_mkl05z4.o(.text)
    HardFault_Handler                        0x0000016f   Thumb Code     2  startup_mkl05z4.o(.text)
    SVC_Handler                              0x00000171   Thumb Code     2  startup_mkl05z4.o(.text)
    PendSV_Handler                           0x00000173   Thumb Code     2  startup_mkl05z4.o(.text)
    ADC0_IRQHandler                          0x00000177   Thumb Code     0  startup_mkl05z4.o(.text)
    CMP0_IRQHandler                          0x00000177   Thumb Code     0  startup_mkl05z4.o(.text)
    DAC0_IRQHandler                          0x00000177   Thumb Code     0  startup_mkl05z4.o(.text)
    DMA0_IRQHandler                          0x00000177   Thumb Code     0  startup_mkl05z4.o(.text)
    DMA1_IRQHandler                          0x00000177   Thumb Code     0  startup_mkl05z4.o(.text)
    DMA2_IRQHandler                          0x00000177   Thumb Code     0  startup_mkl05z4.o(.text)
    DMA3_IRQHandler                          0x00000177   Thumb Code     0  startup_mkl05z4.o(.text)
    DefaultISR                               0x00000177   Thumb Code     0  startup_mkl05z4.o(.text)
    FTFA_IRQHandler                          0x00000177   Thumb Code     0  startup_mkl05z4.o(.text)
    I2C0_IRQHandler                          0x00000177   Thumb Code     0  startup_mkl05z4.o(.text)
    LLW_IRQHandler                           0x00000177   Thumb Code     0  startup_mkl05z4.o(.text)
    LPTimer_IRQHandler                       0x00000177   Thumb Code     0  startup_mkl05z4.o(.text)
    LVD_LVW_IRQHandler                       0x00000177   Thumb Code     0  startup_mkl05z4.o(.text)
    MCG_IRQHandler                           0x00000177   Thumb Code     0  startup_mkl05z4.o(.text)
    PIT_IRQHandler                           0x00000177   Thumb Code     0  startup_mkl05z4.o(.text)
    RTC_IRQHandler                           0x00000177   Thumb Code     0  startup_mkl05z4.o(.text)
    RTC_Seconds_IRQHandler                   0x00000177   Thumb Code     0  startup_mkl05z4.o(.text)
    Reserved20_IRQHandler                    0x00000177   Thumb Code     0  startup_mkl05z4.o(.text)
    Reserved25_IRQHandler                    0x00000177   Thumb Code     0  startup_mkl05z4.o(.text)
    Reserved27_IRQHandler                    0x00000177   Thumb Code     0  startup_mkl05z4.o(.text)
    Reserved29_IRQHandler                    0x00000177   Thumb Code     0  startup_mkl05z4.o(.text)
    Reserved30_IRQHandler                    0x00000177   Thumb Code     0  startup_mkl05z4.o(.text)
    Reserved35_IRQHandler                    0x00000177   Thumb Code     0  startup_mkl05z4.o(.text)
    Reserved39_IRQHandler                    0x00000177   Thumb Code     0  startup_mkl05z4.o(.text)
    Reserved40_IRQHandler                    0x00000177   Thumb Code     0  startup_mkl05z4.o(.text)
    Reserved45_IRQHandler                    0x00000177   Thumb Code     0  startup_mkl05z4.o(.text)
    SPI0_IRQHandler                          0x00000177   Thumb Code     0  startup_mkl05z4.o(.text)
    TPM0_IRQHandler                          0x00000177   Thumb Code     0  startup_mkl05z4.o(.text)
    TPM1_IRQHandler                          0x00000177   Thumb Code     0  startup_mkl05z4.o(.text)
    UART0_IRQHandler                         0x00000177   Thumb Code     0  startup_mkl05z4.o(.text)
    __user_initial_stackheap                 0x00000179   Thumb Code     0  startup_mkl05z4.o(.text)
    __use_two_region_memory                  0x00000199   Thumb Code     2  heapauxi.o(.text)
    __rt_heap_escrow$2region                 0x0000019b   Thumb Code     2  heapauxi.o(.text)
    __rt_heap_expand$2region                 0x0000019d   Thumb Code     2  heapauxi.o(.text)
    __aeabi_d2iz                             0x000001a1   Thumb Code     0  dfixi.o(.text)
    _dfix                                    0x000001a1   Thumb Code    98  dfixi.o(.text)
    __aeabi_i2d_normalise                    0x0000020d   Thumb Code    66  dflti.o(.text)
    __aeabi_i2d                              0x0000024f   Thumb Code    16  dflti.o(.text)
    _dflt                                    0x0000024f   Thumb Code     0  dflti.o(.text)
    __aeabi_ui2d                             0x0000025f   Thumb Code     6  dflti.o(.text)
    _dfltu                                   0x0000025f   Thumb Code     0  dflti.o(.text)
    __read_errno                             0x00000265   Thumb Code    10  _rserrno.o(.text)
    __set_errno                              0x0000026f   Thumb Code    12  _rserrno.o(.text)
    __aeabi_errno_addr                       0x0000027d   Thumb Code     8  rt_errno_addr_intlibspace.o(.text)
    __errno$intlibspace                      0x0000027d   Thumb Code     0  rt_errno_addr_intlibspace.o(.text)
    __rt_errno_addr$intlibspace              0x0000027d   Thumb Code     0  rt_errno_addr_intlibspace.o(.text)
    __fpl_dcmp_InfNaN                        0x00000285   Thumb Code   154  dcmpin.o(.text)
    __ARM_scalbn                             0x00000325   Thumb Code    84  dscalbn.o(.text)
    __user_libspace                          0x00000385   Thumb Code     8  libspace.o(.text)
    __user_perproc_libspace                  0x00000385   Thumb Code     0  libspace.o(.text)
    __user_perthread_libspace                0x00000385   Thumb Code     0  libspace.o(.text)
    __user_setup_stackheap                   0x0000038d   Thumb Code    62  sys_stackheap_outer.o(.text)
    exit                                     0x000003cb   Thumb Code    16  exit.o(.text)
    __fpl_dcheck_NaN2                        0x000003dd   Thumb Code    14  dnan2.o(.text)
    _sys_exit                                0x000003f1   Thumb Code     8  sys_exit.o(.text)
    __I$use$semihosting                      0x000003fd   Thumb Code     0  use_no_semi.o(.text)
    __use_no_semihosting_swi                 0x000003fd   Thumb Code     2  use_no_semi.o(.text)
    __I$use$fp                               0x000003fe   Number         0  usenofp.o(x$fpl$usenofp)
    __semihosting_library_function           0x000003ff   Thumb Code     0  indicate_semi.o(.text)
    __aeabi_dadd                             0x00000709   Thumb Code     0  daddsub.o(.text)
    _dadd                                    0x00000709   Thumb Code    26  daddsub.o(.text)
    __aeabi_dsub                             0x00000723   Thumb Code     0  daddsub.o(.text)
    _dsub                                    0x00000723   Thumb Code    22  daddsub.o(.text)
    __aeabi_drsub                            0x00000739   Thumb Code     0  daddsub.o(.text)
    _drsb                                    0x00000739   Thumb Code    28  daddsub.o(.text)
    __aeabi_dmul                             0x00000769   Thumb Code     0  dmul.o(.text)
    _dmul                                    0x00000769   Thumb Code   558  dmul.o(.text)
    __aeabi_ddiv                             0x000009b1   Thumb Code     0  ddiv.o(.text)
    _ddiv                                    0x000009b1   Thumb Code  1072  ddiv.o(.text)
    _drdiv                                   0x00000de1   Thumb Code    20  ddiv.o(.text)
    __fpl_cmpreturn                          0x00000df9   Thumb Code    46  cmpret.o(.text)
    __fpl_return_NaN                         0x00000e27   Thumb Code    94  retnan.o(.text)
    Alarm                                    0x00000e85   Thumb Code   100  main.o(.text.Alarm)
    ArmAlarm                                 0x00000f05   Thumb Code    32  main.o(.text.ArmAlarm)
    Back                                     0x00000f35   Thumb Code    28  main.o(.text.Back)
    CheckAccel                               0x00000f51   Thumb Code   208  main.o(.text.CheckAccel)
    CheckButtons                             0x0000103d   Thumb Code   196  main.o(.text.CheckButtons)
    CheckPassword                            0x00001129   Thumb Code    52  main.o(.text.CheckPassword)
    ClearPassword                            0x00001161   Thumb Code    24  main.o(.text.ClearPassword)
    DAC_Init                                 0x00001181   Thumb Code    40  dac.o(.text.DAC_Init)
    DAC_Load_Trig                            0x000011a9   Thumb Code    44  dac.o(.text.DAC_Load_Trig)
    Down                                     0x000011dd   Thumb Code    48  main.o(.text.Down)
    EnterAdminMode                           0x0000120d   Thumb Code    24  main.o(.text.EnterAdminMode)
    Forward                                  0x0000122d   Thumb Code    16  main.o(.text.Forward)
    I2C_Init                                 0x00001245   Thumb Code    64  i2c.o(.text.I2C_Init)
    I2C_Read                                 0x00001291   Thumb Code    76  i2c.o(.text.I2C_Read)
    I2C_ReadReg                              0x000012dd   Thumb Code   112  i2c.o(.text.I2C_ReadReg)
    I2C_ReadRegBlock                         0x0000134d   Thumb Code   168  i2c.o(.text.I2C_ReadRegBlock)
    I2C_Write                                0x000013f9   Thumb Code    60  i2c.o(.text.I2C_Write)
    I2C_WriteReg                             0x00001435   Thumb Code    76  i2c.o(.text.I2C_WriteReg)
    Klaw_Init                                0x00001485   Thumb Code    80  klaw.o(.text.Klaw_Init)
    Klaw_S2_4_Int                            0x000014d9   Thumb Code    80  klaw.o(.text.Klaw_S2_4_Int)
    LCD1602_BF_AC                            0x00001531   Thumb Code   200  lcd1602.o(.text.LCD1602_BF_AC)
    LCD1602_Backlight                        0x000015f9   Thumb Code    16  lcd1602.o(.text.LCD1602_Backlight)
    LCD1602_CheckAddress                     0x00001609   Thumb Code    40  lcd1602.o(.text.LCD1602_CheckAddress)
    LCD1602_ClearAll                         0x00001631   Thumb Code    12  lcd1602.o(.text.LCD1602_ClearAll)
    LCD1602_Init                             0x0000163d   Thumb Code    72  lcd1602.o(.text.LCD1602_Init)
    LCD1602_Print                            0x00001689   Thumb Code    32  lcd1602.o(.text.LCD1602_Print)
    LCD1602_SetCursor                        0x000016a9   Thumb Code    30  lcd1602.o(.text.LCD1602_SetCursor)
    LCD1602_Write4                           0x000016c7   Thumb Code    26  lcd1602.o(.text.LCD1602_Write4)
    LCD1602_Write8                           0x000016e1   Thumb Code    40  lcd1602.o(.text.LCD1602_Write8)
    LED_Init                                 0x00001709   Thumb Code    56  leds.o(.text.LED_Init)
    MainMenu                                 0x0000174d   Thumb Code    36  main.o(.text.MainMenu)
    PCF8574_Write                            0x00001785   Thumb Code    36  lcd1602.o(.text.PCF8574_Write)
    PORTA_IRQHandler                         0x000017b1   Thumb Code   172  main.o(.text.PORTA_IRQHandler)
    PORTB_IRQHandler                         0x00001865   Thumb Code    68  main.o(.text.PORTB_IRQHandler)
    PasswordMenu                             0x000018b9   Thumb Code    36  main.o(.text.PasswordMenu)
    SensitivityMenu                          0x000018f1   Thumb Code    36  main.o(.text.SensitivityMenu)
    Speaker_Init                             0x0000192d   Thumb Code   144  main.o(.text.Speaker_Init)
    StartAlarm                               0x000019e1   Thumb Code    40  main.o(.text.StartAlarm)
    StopAlarm                                0x00001a21   Thumb Code    44  main.o(.text.StopAlarm)
    SysTick_Handler                          0x00001a75   Thumb Code    84  main.o(.text.SysTick_Handler)
    SystemInit                               0x00001ae9   Thumb Code    60  system_mkl05z4.o(.text.SystemInit)
    TSI0_IRQHandler                          0x00001b35   Thumb Code    20  tsi.o(.text.TSI0_IRQHandler)
    Up                                       0x00001b4d   Thumb Code    48  main.o(.text.Up)
    VolumeMenu                               0x00001b7d   Thumb Code    36  main.o(.text.VolumeMenu)
    change_electrode                         0x00001c25   Thumb Code    76  tsi.o(.text.change_electrode)
    i2c_ack                                  0x00001c89   Thumb Code    12  i2c.o(.text.i2c_ack)
    i2c_clr_IICIF                            0x00001c95   Thumb Code    12  i2c.o(.text.i2c_clr_IICIF)
    i2c_disable                              0x00001ca1   Thumb Code    12  i2c.o(.text.i2c_disable)
    i2c_enable                               0x00001cad   Thumb Code    12  i2c.o(.text.i2c_enable)
    i2c_m_rstart                             0x00001cb9   Thumb Code    20  i2c.o(.text.i2c_m_rstart)
    i2c_m_start                              0x00001cd1   Thumb Code    12  i2c.o(.text.i2c_m_start)
    i2c_m_stop                               0x00001cdd   Thumb Code    12  i2c.o(.text.i2c_m_stop)
    i2c_nack                                 0x00001ce9   Thumb Code    12  i2c.o(.text.i2c_nack)
    i2c_rec                                  0x00001cf5   Thumb Code    12  i2c.o(.text.i2c_rec)
    i2c_recv                                 0x00001d01   Thumb Code     8  i2c.o(.text.i2c_recv)
    i2c_send                                 0x00001d09   Thumb Code     8  i2c.o(.text.i2c_send)
    i2c_tran                                 0x00001d15   Thumb Code    12  i2c.o(.text.i2c_tran)
    i2c_wait                                 0x00001d25   Thumb Code    80  i2c.o(.text.i2c_wait)
    i2c_wait_rec                             0x00001d75   Thumb Code    64  i2c.o(.text.i2c_wait_rec)
    main                                     0x00001dc1   Thumb Code   112  main.o(.text.main)
    __aeabi_uidiv                            0x00001e39   Thumb Code    68  aeabi_sdivfast.o(.text_divfast)
    __aeabi_idiv                             0x00001e7d   Thumb Code   434  aeabi_sdivfast.o(.text_divfast)
    __ARM_common_ll_muluu                    0x0000202f   Thumb Code    50  rred.o(i.__ARM_common_ll_muluu)
    __ARM_fpclassify                         0x00002061   Thumb Code    40  fpclassify.o(i.__ARM_fpclassify)
    __ieee754_rem_pio2                       0x0000208d   Thumb Code   838  rred.o(i.__ieee754_rem_pio2)
    __kernel_cos                             0x00002429   Thumb Code   224  cos_i.o(i.__kernel_cos)
    __kernel_poly                            0x0000251d   Thumb Code   172  poly.o(i.__kernel_poly)
    __kernel_sin                             0x000025c9   Thumb Code   222  sin_i.o(i.__kernel_sin)
    __mathlib_dbl_infnan                     0x000026b5   Thumb Code    10  dunder.o(i.__mathlib_dbl_infnan)
    __mathlib_dbl_invalid                    0x000026bf   Thumb Code    16  dunder.o(i.__mathlib_dbl_invalid)
    __mathlib_dbl_underflow                  0x000026d1   Thumb Code    14  dunder.o(i.__mathlib_dbl_underflow)
    __aeabi_dcmple                           0x000026e5   Thumb Code     0  dcmp.o(i._dleq)
    _dleq                                    0x000026e5   Thumb Code    26  dcmp.o(i._dleq)
    sin                                      0x00002701   Thumb Code   146  sin.o(i.sin)
    __aeabi_cdcmple                          0x0000279d   Thumb Code     0  dlef.o(x$fpl$dleqf)
    _dcmple                                  0x0000279d   Thumb Code    94  dlef.o(x$fpl$dleqf)
    __aeabi_fmul                             0x00002801   Thumb Code     0  fmul.o(x$fpl$fmul)
    _fmul                                    0x00002801   Thumb Code   172  fmul.o(x$fpl$fmul)
    Region$$Table$$Base                      0x00002a68   Number         0  anon$$obj.o(Region$$Table)
    Region$$Table$$Limit                     0x00002a88   Number         0  anon$$obj.o(Region$$Table)
    SystemCoreClock                          0x1ffffc00   Data           4  system_mkl05z4.o(.data.SystemCoreClock)
    correctPassword                          0x1ffffc04   Data           4  main.o(.data.correctPassword)
    slider                                   0x1ffffc0a   Data           2  main.o(.data.slider)
    volt_coeff                               0x1ffffc0c   Data           4  main.o(.data.volt_coeff)
    __libspace_start                         0x1ffffc10   Data          96  libspace.o(.bss)
    BtnFlags                                 0x1ffffc70   Data           4  main.o(.bss.BtnFlags)
    __temporary_stack_top$libspace           0x1ffffc70   Data           0  libspace.o(.bss)
    Sinus                                    0x1ffffc74   Data        2048  main.o(.bss.Sinus)
    X                                        0x20000478   Data           8  main.o(.bss.X)
    Y                                        0x20000480   Data           8  main.o(.bss.Y)
    Z                                        0x20000488   Data           8  main.o(.bss.Z)
    currentMenu                              0x20000496   Data           1  main.o(.bss.currentMenu)
    currentState                             0x20000497   Data           1  main.o(.bss.currentState)
    dac                                      0x20000498   Data           2  main.o(.bss.dac)
    df                                       0x2000049a   Data           2  main.o(.bss.df)
    dummy                                    0x2000049c   Data           1  i2c.o(.bss.dummy)
    enteredPassword                          0x2000049e   Data           4  main.o(.bss.enteredPassword)
    faza                                     0x200004a4   Data           2  main.o(.bss.faza)
    freq                                     0x200004a6   Data           2  main.o(.bss.freq)
    incorectAttempts                         0x200004b0   Data           1  main.o(.bss.incorectAttempts)
    isOptionSelected                         0x200004b1   Data           1  main.o(.bss.isOptionSelected)
    mod                                      0x200004b2   Data           2  main.o(.bss.mod)
    nyquist                                  0x200004b4   Data           2  main.o(.bss.nyquist)
    passwordIndex                            0x200004b7   Data           1  main.o(.bss.passwordIndex)
    temp                                     0x200004ba   Data           2  main.o(.bss.temp)
    tickCounter                              0x200004bc   Data           4  main.o(.bss.tickCounter)
    timerCall                                0x200004c0   Data           1  main.o(.bss.timerCall)
    toggleFreq                               0x200004c1   Data           1  main.o(.bss.toggleFreq)
    wynik                                    0x200004c4   Data           4  main.o(.bss.wynik)



==============================================================================

Memory Map of the image

  Image Entry point : 0x00000165

  Load Region LR_1 (Base: 0x00000000, Size: 0x00002a98, Max: 0xffffffff, ABSOLUTE)

    Execution Region ER_RO (Exec base: 0x00000000, Load base: 0x00000000, Size: 0x00002a88, Max: 0xffffffff, ABSOLUTE)

    Exec Addr    Load Addr    Size         Type   Attr      Idx    E Section Name        Object

    0x00000000   0x00000000   0x000000c0   Data   RO          281    RESET               startup_mkl05z4.o
    0x000000c0   0x000000c0   0x00000008   Code   RO          316  * !!!main             c_p.l(__main.o)
    0x000000c8   0x000000c8   0x0000003c   Code   RO          575    !!!scatter          c_p.l(__scatter.o)
    0x00000104   0x00000104   0x0000001a   Code   RO          577    !!handler_copy      c_p.l(__scatter_copy.o)
    0x0000011e   0x0000011e   0x00000002   PAD
    0x00000120   0x00000120   0x0000001c   Code   RO          579    !!handler_zi        c_p.l(__scatter_zi.o)
    0x0000013c   0x0000013c   0x00000002   Code   RO          435    .ARM.Collect$$libinit$$00000000  c_p.l(libinit.o)
    0x0000013e   0x0000013e   0x00000000   Code   RO          450    .ARM.Collect$$libinit$$00000002  c_p.l(libinit2.o)
    0x0000013e   0x0000013e   0x00000000   Code   RO          452    .ARM.Collect$$libinit$$00000004  c_p.l(libinit2.o)
    0x0000013e   0x0000013e   0x00000000   Code   RO          455    .ARM.Collect$$libinit$$0000000A  c_p.l(libinit2.o)
    0x0000013e   0x0000013e   0x00000000   Code   RO          457    .ARM.Collect$$libinit$$0000000C  c_p.l(libinit2.o)
    0x0000013e   0x0000013e   0x00000000   Code   RO          459    .ARM.Collect$$libinit$$0000000E  c_p.l(libinit2.o)
    0x0000013e   0x0000013e   0x00000000   Code   RO          462    .ARM.Collect$$libinit$$00000011  c_p.l(libinit2.o)
    0x0000013e   0x0000013e   0x00000000   Code   RO          464    .ARM.Collect$$libinit$$00000013  c_p.l(libinit2.o)
    0x0000013e   0x0000013e   0x00000000   Code   RO          466    .ARM.Collect$$libinit$$00000015  c_p.l(libinit2.o)
    0x0000013e   0x0000013e   0x00000000   Code   RO          468    .ARM.Collect$$libinit$$00000017  c_p.l(libinit2.o)
    0x0000013e   0x0000013e   0x00000000   Code   RO          470    .ARM.Collect$$libinit$$00000019  c_p.l(libinit2.o)
    0x0000013e   0x0000013e   0x00000000   Code   RO          472    .ARM.Collect$$libinit$$0000001B  c_p.l(libinit2.o)
    0x0000013e   0x0000013e   0x00000000   Code   RO          474    .ARM.Collect$$libinit$$0000001D  c_p.l(libinit2.o)
    0x0000013e   0x0000013e   0x00000000   Code   RO          476    .ARM.Collect$$libinit$$0000001F  c_p.l(libinit2.o)
    0x0000013e   0x0000013e   0x00000000   Code   RO          478    .ARM.Collect$$libinit$$00000021  c_p.l(libinit2.o)
    0x0000013e   0x0000013e   0x00000000   Code   RO          480    .ARM.Collect$$libinit$$00000023  c_p.l(libinit2.o)
    0x0000013e   0x0000013e   0x00000000   Code   RO          482    .ARM.Collect$$libinit$$00000025  c_p.l(libinit2.o)
    0x0000013e   0x0000013e   0x00000000   Code   RO          486    .ARM.Collect$$libinit$$0000002C  c_p.l(libinit2.o)
    0x0000013e   0x0000013e   0x00000000   Code   RO          488    .ARM.Collect$$libinit$$0000002E  c_p.l(libinit2.o)
    0x0000013e   0x0000013e   0x00000000   Code   RO          490    .ARM.Collect$$libinit$$00000030  c_p.l(libinit2.o)
    0x0000013e   0x0000013e   0x00000000   Code   RO          492    .ARM.Collect$$libinit$$00000032  c_p.l(libinit2.o)
    0x0000013e   0x0000013e   0x00000002   Code   RO          493    .ARM.Collect$$libinit$$00000033  c_p.l(libinit2.o)
    0x00000140   0x00000140   0x00000002   Code   RO          530    .ARM.Collect$$libshutdown$$00000000  c_p.l(libshutdown.o)
    0x00000142   0x00000142   0x00000000   Code   RO          558    .ARM.Collect$$libshutdown$$00000002  c_p.l(libshutdown2.o)
    0x00000142   0x00000142   0x00000000   Code   RO          560    .ARM.Collect$$libshutdown$$00000004  c_p.l(libshutdown2.o)
    0x00000142   0x00000142   0x00000000   Code   RO          563    .ARM.Collect$$libshutdown$$00000007  c_p.l(libshutdown2.o)
    0x00000142   0x00000142   0x00000000   Code   RO          566    .ARM.Collect$$libshutdown$$0000000A  c_p.l(libshutdown2.o)
    0x00000142   0x00000142   0x00000000   Code   RO          568    .ARM.Collect$$libshutdown$$0000000C  c_p.l(libshutdown2.o)
    0x00000142   0x00000142   0x00000000   Code   RO          571    .ARM.Collect$$libshutdown$$0000000F  c_p.l(libshutdown2.o)
    0x00000142   0x00000142   0x00000002   Code   RO          572    .ARM.Collect$$libshutdown$$00000010  c_p.l(libshutdown2.o)
    0x00000144   0x00000144   0x00000000   Code   RO          344    .ARM.Collect$$rtentry$$00000000  c_p.l(__rtentry.o)
    0x00000144   0x00000144   0x00000000   Code   RO          386    .ARM.Collect$$rtentry$$00000002  c_p.l(__rtentry2.o)
    0x00000144   0x00000144   0x00000006   Code   RO          398    .ARM.Collect$$rtentry$$00000004  c_p.l(__rtentry4.o)
    0x0000014a   0x0000014a   0x00000000   Code   RO          388    .ARM.Collect$$rtentry$$00000009  c_p.l(__rtentry2.o)
    0x0000014a   0x0000014a   0x00000004   Code   RO          389    .ARM.Collect$$rtentry$$0000000A  c_p.l(__rtentry2.o)
    0x0000014e   0x0000014e   0x00000000   Code   RO          391    .ARM.Collect$$rtentry$$0000000C  c_p.l(__rtentry2.o)
    0x0000014e   0x0000014e   0x00000008   Code   RO          392    .ARM.Collect$$rtentry$$0000000D  c_p.l(__rtentry2.o)
    0x00000156   0x00000156   0x00000002   Code   RO          441    .ARM.Collect$$rtexit$$00000000  c_p.l(rtexit.o)
    0x00000158   0x00000158   0x00000000   Code   RO          501    .ARM.Collect$$rtexit$$00000002  c_p.l(rtexit2.o)
    0x00000158   0x00000158   0x00000004   Code   RO          502    .ARM.Collect$$rtexit$$00000003  c_p.l(rtexit2.o)
    0x0000015c   0x0000015c   0x00000006   Code   RO          503    .ARM.Collect$$rtexit$$00000004  c_p.l(rtexit2.o)
    0x00000162   0x00000162   0x00000002   PAD
    0x00000164   0x00000164   0x00000034   Code   RO          283  * .text               startup_mkl05z4.o
    0x00000198   0x00000198   0x00000006   Code   RO          314    .text               c_p.l(heapauxi.o)
    0x0000019e   0x0000019e   0x00000002   PAD
    0x000001a0   0x000001a0   0x0000006c   Code   RO          332    .text               fz_ps.l(dfixi.o)
    0x0000020c   0x0000020c   0x00000058   Code   RO          334    .text               fz_ps.l(dflti.o)
    0x00000264   0x00000264   0x00000016   Code   RO          349    .text               c_p.l(_rserrno.o)
    0x0000027a   0x0000027a   0x00000002   PAD
    0x0000027c   0x0000027c   0x00000008   Code   RO          405    .text               c_p.l(rt_errno_addr_intlibspace.o)
    0x00000284   0x00000284   0x000000a0   Code   RO          407    .text               fz_ps.l(dcmpin.o)
    0x00000324   0x00000324   0x00000060   Code   RO          412    .text               fz_ps.l(dscalbn.o)
    0x00000384   0x00000384   0x00000008   Code   RO          418    .text               c_p.l(libspace.o)
    0x0000038c   0x0000038c   0x0000003e   Code   RO          421    .text               c_p.l(sys_stackheap_outer.o)
    0x000003ca   0x000003ca   0x00000010   Code   RO          424    .text               c_p.l(exit.o)
    0x000003da   0x000003da   0x00000002   PAD
    0x000003dc   0x000003dc   0x00000014   Code   RO          438    .text               fz_ps.l(dnan2.o)
    0x000003f0   0x000003f0   0x0000000c   Code   RO          496    .text               c_p.l(sys_exit.o)
    0x000003fc   0x000003fc   0x00000002   Code   RO          519    .text               c_p.l(use_no_semi.o)
    0x000003fe   0x000003fe   0x00000000   Code   RO          521    .text               c_p.l(indicate_semi.o)
    0x000003fe   0x000003fe   0x00000000   Code   RO          357    x$fpl$usenofp       fz_ps.l(usenofp.o)
    0x000003fe   0x000003fe   0x00000002   Data   RO          179    .rodata.elec_array  tsi.o
    0x00000400   0x00000400   0x00000010   Code   RO          282    .ARM.__at_0x400     startup_mkl05z4.o
    0x00000410   0x00000410   0x00000358   Code   RO          318    .text               fz_ps.l(daddsub.o)
    0x00000768   0x00000768   0x00000248   Code   RO          336    .text               fz_ps.l(dmul.o)
    0x000009b0   0x000009b0   0x00000448   Code   RO          409    .text               fz_ps.l(ddiv.o)
    0x00000df8   0x00000df8   0x0000002e   Code   RO          436    .text               fz_ps.l(cmpret.o)
    0x00000e26   0x00000e26   0x0000005e   Code   RO          494    .text               fz_ps.l(retnan.o)
    0x00000e84   0x00000e84   0x00000080   Code   RO           52    .text.Alarm         main.o
    0x00000f04   0x00000f04   0x00000030   Code   RO           28    .text.ArmAlarm      main.o
    0x00000f34   0x00000f34   0x0000001c   Code   RO           40    .text.Back          main.o
    0x00000f50   0x00000f50   0x000000ec   Code   RO           30    .text.CheckAccel    main.o
    0x0000103c   0x0000103c   0x000000ec   Code   RO           50    .text.CheckButtons  main.o
    0x00001128   0x00001128   0x00000038   Code   RO           16    .text.CheckPassword  main.o
    0x00001160   0x00001160   0x00000020   Code   RO           18    .text.ClearPassword  main.o
    0x00001180   0x00001180   0x00000028   Code   RO          208    .text.DAC_Init      dac.o
    0x000011a8   0x000011a8   0x00000034   Code   RO          210    .text.DAC_Load_Trig  dac.o
    0x000011dc   0x000011dc   0x00000030   Code   RO           46    .text.Down          main.o
    0x0000120c   0x0000120c   0x00000020   Code   RO           48    .text.EnterAdminMode  main.o
    0x0000122c   0x0000122c   0x00000018   Code   RO           42    .text.Forward       main.o
    0x00001244   0x00001244   0x0000004c   Code   RO          220    .text.I2C_Init      i2c.o
    0x00001290   0x00001290   0x0000004c   Code   RO          240    .text.I2C_Read      i2c.o
    0x000012dc   0x000012dc   0x00000070   Code   RO          252    .text.I2C_ReadReg   i2c.o
    0x0000134c   0x0000134c   0x000000ac   Code   RO          258    .text.I2C_ReadRegBlock  i2c.o
    0x000013f8   0x000013f8   0x0000003c   Code   RO          238    .text.I2C_Write     i2c.o
    0x00001434   0x00001434   0x00000050   Code   RO          250    .text.I2C_WriteReg  i2c.o
    0x00001484   0x00001484   0x00000054   Code   RO          190    .text.Klaw_Init     klaw.o
    0x000014d8   0x000014d8   0x00000058   Code   RO          192    .text.Klaw_S2_4_Int  klaw.o
    0x00001530   0x00001530   0x000000c8   Code   RO          136    .text.LCD1602_BF_AC  lcd1602.o
    0x000015f8   0x000015f8   0x00000010   Code   RO          130    .text.LCD1602_Backlight  lcd1602.o
    0x00001608   0x00001608   0x00000028   Code   RO          110    .text.LCD1602_CheckAddress  lcd1602.o
    0x00001630   0x00001630   0x0000000c   Code   RO          122    .text.LCD1602_ClearAll  lcd1602.o
    0x0000163c   0x0000163c   0x0000004c   Code   RO          108    .text.LCD1602_Init  lcd1602.o
    0x00001688   0x00001688   0x00000020   Code   RO          124    .text.LCD1602_Print  lcd1602.o
    0x000016a8   0x000016a8   0x0000001e   Code   RO          120    .text.LCD1602_SetCursor  lcd1602.o
    0x000016c6   0x000016c6   0x0000001a   Code   RO          134    .text.LCD1602_Write4  lcd1602.o
    0x000016e0   0x000016e0   0x00000028   Code   RO          112    .text.LCD1602_Write8  lcd1602.o
    0x00001708   0x00001708   0x00000044   Code   RO          272    .text.LED_Init      leds.o
    0x0000174c   0x0000174c   0x00000038   Code   RO           32    .text.MainMenu      main.o
    0x00001784   0x00001784   0x0000002c   Code   RO          132    .text.PCF8574_Write  lcd1602.o
    0x000017b0   0x000017b0   0x000000b4   Code   RO           10    .text.PORTA_IRQHandler  main.o
    0x00001864   0x00001864   0x00000054   Code   RO            6    .text.PORTB_IRQHandler  main.o
    0x000018b8   0x000018b8   0x00000038   Code   RO           38    .text.PasswordMenu  main.o
    0x000018f0   0x000018f0   0x0000003c   Code   RO           36    .text.SensitivityMenu  main.o
    0x0000192c   0x0000192c   0x000000b4   Code   RO           12    .text.Speaker_Init  main.o
    0x000019e0   0x000019e0   0x00000040   Code   RO           22    .text.StartAlarm    main.o
    0x00001a20   0x00001a20   0x00000034   Code   RO           26    .text.StopAlarm     main.o
    0x00001a54   0x00001a54   0x00000020   Code   RO           24    .text.SysTick_Config  main.o
    0x00001a74   0x00001a74   0x00000074   Code   RO            4    .text.SysTick_Handler  main.o
    0x00001ae8   0x00001ae8   0x0000004c   Code   RO          292    .text.SystemInit    system_mkl05z4.o
    0x00001b34   0x00001b34   0x00000018   Code   RO          175    .text.TSI0_IRQHandler  tsi.o
    0x00001b4c   0x00001b4c   0x00000030   Code   RO           44    .text.Up            main.o
    0x00001b7c   0x00001b7c   0x00000038   Code   RO           34    .text.VolumeMenu    main.o
    0x00001bb4   0x00001bb4   0x00000010   Code   RO            8    .text.__NVIC_ClearPendingIRQ  main.o
    0x00001bc4   0x00001bc4   0x00000014   Code   RO          196    .text.__NVIC_ClearPendingIRQ  klaw.o
    0x00001bd8   0x00001bd8   0x00000014   Code   RO          198    .text.__NVIC_EnableIRQ  klaw.o
    0x00001bec   0x00001bec   0x00000018   Code   RO           14    .text.__NVIC_SetPriority  main.o
    0x00001c04   0x00001c04   0x00000020   Code   RO          194    .text.__NVIC_SetPriority  klaw.o
    0x00001c24   0x00001c24   0x00000064   Code   RO          173    .text.change_electrode  tsi.o
    0x00001c88   0x00001c88   0x0000000c   Code   RO          260    .text.i2c_ack       i2c.o
    0x00001c94   0x00001c94   0x0000000c   Code   RO          254    .text.i2c_clr_IICIF  i2c.o
    0x00001ca0   0x00001ca0   0x0000000c   Code   RO          236    .text.i2c_disable   i2c.o
    0x00001cac   0x00001cac   0x0000000c   Code   RO          224    .text.i2c_enable    i2c.o
    0x00001cb8   0x00001cb8   0x00000018   Code   RO          256    .text.i2c_m_rstart  i2c.o
    0x00001cd0   0x00001cd0   0x0000000c   Code   RO          228    .text.i2c_m_start   i2c.o
    0x00001cdc   0x00001cdc   0x0000000c   Code   RO          234    .text.i2c_m_stop    i2c.o
    0x00001ce8   0x00001ce8   0x0000000c   Code   RO          244    .text.i2c_nack      i2c.o
    0x00001cf4   0x00001cf4   0x0000000c   Code   RO          242    .text.i2c_rec       i2c.o
    0x00001d00   0x00001d00   0x00000008   Code   RO          246    .text.i2c_recv      i2c.o
    0x00001d08   0x00001d08   0x0000000c   Code   RO          230    .text.i2c_send      i2c.o
    0x00001d14   0x00001d14   0x00000010   Code   RO          226    .text.i2c_tran      i2c.o
    0x00001d24   0x00001d24   0x00000050   Code   RO          232    .text.i2c_wait      i2c.o
    0x00001d74   0x00001d74   0x0000004c   Code   RO          248    .text.i2c_wait_rec  i2c.o
    0x00001dc0   0x00001dc0   0x00000078   Code   RO           54    .text.main          main.o
    0x00001e38   0x00001e38   0x000001f6   Code   RO          307    .text_divfast       c_p.l(aeabi_sdivfast.o)
    0x0000202e   0x0000202e   0x00000032   Code   RO          380    i.__ARM_common_ll_muluu  m_ps.l(rred.o)
    0x00002060   0x00002060   0x0000002c   Code   RO          414    i.__ARM_fpclassify  m_ps.l(fpclassify.o)
    0x0000208c   0x0000208c   0x0000039c   Code   RO          375    i.__ieee754_rem_pio2  m_ps.l(rred.o)
    0x00002428   0x00002428   0x000000f4   Code   RO          358    i.__kernel_cos      m_ps.l(cos_i.o)
    0x0000251c   0x0000251c   0x000000ac   Code   RO          416    i.__kernel_poly     m_ps.l(poly.o)
    0x000025c8   0x000025c8   0x000000ec   Code   RO          382    i.__kernel_sin      m_ps.l(sin_i.o)
    0x000026b4   0x000026b4   0x0000000a   Code   RO          362    i.__mathlib_dbl_infnan  m_ps.l(dunder.o)
    0x000026be   0x000026be   0x00000010   Code   RO          364    i.__mathlib_dbl_invalid  m_ps.l(dunder.o)
    0x000026ce   0x000026ce   0x00000002   PAD
    0x000026d0   0x000026d0   0x00000014   Code   RO          367    i.__mathlib_dbl_underflow  m_ps.l(dunder.o)
    0x000026e4   0x000026e4   0x0000001a   Code   RO          323    i._dleq             fz_ps.l(dcmp.o)
    0x000026fe   0x000026fe   0x00000002   PAD
    0x00002700   0x00002700   0x0000009c   Code   RO          341    i.sin               m_ps.l(sin.o)
    0x0000279c   0x0000279c   0x00000064   Code   RO          355    x$fpl$dleqf         fz_ps.l(dlef.o)
    0x00002800   0x00002800   0x000000b0   Code   RO          338    x$fpl$fmul          fz_ps.l(fmul.o)
    0x000028b0   0x000028b0   0x00000030   Data   RO          359    .constdata          m_ps.l(cos_i.o)
    0x000028e0   0x000028e0   0x000000cc   Data   RO          377    .constdata          m_ps.l(rred.o)
    0x000029ac   0x000029ac   0x00000004   PAD
    0x000029b0   0x000029b0   0x00000028   Data   RO          383    .constdata          m_ps.l(sin_i.o)
    0x000029d8   0x000029d8   0x00000080   Data   RO          410    .constdata          fz_ps.l(ddiv.o)
    0x00002a58   0x00002a58   0x00000010   Data   RO           83    .rodata.str1.1      main.o
    0x00002a68   0x00002a68   0x00000020   Data   RO          574    Region$$Table       anon$$obj.o


    Execution Region ER_RW (Exec base: 0x1ffffc00, Load base: 0x00002a88, Size: 0x00000010, Max: 0xffffffff, ABSOLUTE)

    Exec Addr    Load Addr    Size         Type   Attr      Idx    E Section Name        Object

    0x1ffffc00   0x00002a88   0x00000004   Data   RW          296    .data.SystemCoreClock  system_mkl05z4.o
    0x1ffffc04   0x00002a8c   0x00000004   Data   RW           63    .data.correctPassword  main.o
    0x1ffffc08   0x00002a90   0x00000001   Data   RW          151    .data.lcd_backlight  lcd1602.o
    0x1ffffc09   0x00002a91   0x00000001   PAD
    0x1ffffc0a   0x00002a92   0x00000002   Data   RW           60    .data.slider        main.o
    0x1ffffc0c   0x00002a94   0x00000004   Data   RW           62    .data.volt_coeff    main.o


    Execution Region ER_ZI (Exec base: 0x1ffffc10, Load base: 0x00002a98, Size: 0x00000bb8, Max: 0xffffffff, ABSOLUTE)

    Exec Addr    Load Addr    Size         Type   Attr      Idx    E Section Name        Object

    0x1ffffc10        -       0x00000060   Zero   RW          419    .bss                c_p.l(libspace.o)
    0x1ffffc70        -       0x00000004   Zero   RW           59    .bss.BtnFlags       main.o
    0x1ffffc74        -       0x00000800   Zero   RW           69    .bss.Sinus          main.o
    0x20000474   0x00002a98   0x00000004   PAD
    0x20000478        -       0x00000008   Zero   RW           80    .bss.X              main.o
    0x20000480        -       0x00000008   Zero   RW           81    .bss.Y              main.o
    0x20000488        -       0x00000008   Zero   RW           82    .bss.Z              main.o
    0x20000490        -       0x00000006   Zero   RW           79    .bss.arrayXYZ       main.o
    0x20000496        -       0x00000001   Zero   RW           68    .bss.currentMenu    main.o
    0x20000497        -       0x00000001   Zero   RW           67    .bss.currentState   main.o
    0x20000498        -       0x00000002   Zero   RW           71    .bss.dac            main.o
    0x2000049a        -       0x00000002   Zero   RW           74    .bss.df             main.o
    0x2000049c        -       0x00000001   Zero   RW          263    .bss.dummy          i2c.o
    0x2000049d        -       0x00000001   Zero   RW          177    .bss.end_flag       tsi.o
    0x2000049e        -       0x00000004   Zero   RW           77    .bss.enteredPassword  main.o
    0x200004a2        -       0x00000001   Zero   RW          262    .bss.error          i2c.o
    0x200004a3   0x00002a98   0x00000001   PAD
    0x200004a4        -       0x00000002   Zero   RW           70    .bss.faza           main.o
    0x200004a6        -       0x00000002   Zero   RW           76    .bss.freq           main.o
    0x200004a8        -       0x00000004   Zero   RW          180    .bss.gu16Baseline   tsi.o
    0x200004ac        -       0x00000004   Zero   RW          178    .bss.gu16Delta      tsi.o
    0x200004b0        -       0x00000001   Zero   RW           65    .bss.incorectAttempts  main.o
    0x200004b1        -       0x00000001   Zero   RW           66    .bss.isOptionSelected  main.o
    0x200004b2        -       0x00000002   Zero   RW           72    .bss.mod            main.o
    0x200004b4        -       0x00000002   Zero   RW           75    .bss.nyquist        main.o
    0x200004b6        -       0x00000001   Zero   RW          181    .bss.ongoing_elec   tsi.o
    0x200004b7        -       0x00000001   Zero   RW           64    .bss.passwordIndex  main.o
    0x200004b8        -       0x00000001   Zero   RW          152    .bss.pcf_address    lcd1602.o
    0x200004b9        -       0x00000001   Zero   RW           78    .bss.status         main.o
    0x200004ba        -       0x00000002   Zero   RW           84    .bss.temp           main.o
    0x200004bc        -       0x00000004   Zero   RW           56    .bss.tickCounter    main.o
    0x200004c0        -       0x00000001   Zero   RW           57    .bss.timerCall      main.o
    0x200004c1        -       0x00000001   Zero   RW           61    .bss.toggleFreq     main.o
    0x200004c2   0x00002a98   0x00000002   PAD
    0x200004c4        -       0x00000004   Zero   RW           73    .bss.wynik          main.o
    0x200004c8        -       0x00000000   Zero   RW          280    HEAP                startup_mkl05z4.o
    0x200004c8        -       0x00000300   Zero   RW          279    STACK               startup_mkl05z4.o


==============================================================================

Image component sizes


      Code (inc. data)   RO Data    RW Data    ZI Data      Debug   Object Name

        92          8          0          0          0       1984   dac.o
       888         44          0          0          2       5270   i2c.o
       244         24          0          0          0       3641   klaw.o
       516         12          0          1          1       5261   lcd1602.o
        68         12          0          0          0       1663   leds.o
      2012        372         16         10       2116       8350   main.o
        68         38        192          0        768        772   startup_mkl05z4.o
        76         16          0          4          0       2297   system_mkl05z4.o
       124         28          2          0         10       4733   tsi.o

    ----------------------------------------------------------------------
      4088        554        242         16       2904      33971   Object Totals
         0          0         32          0          0          0   (incl. Generated)
         0          0          0          1          7          0   (incl. Padding)

    ----------------------------------------------------------------------

      Code (inc. data)   RO Data    RW Data    ZI Data      Debug   Library Member Name

         8          0          0          0          0         68   __main.o
         0          0          0          0          0          0   __rtentry.o
        12          0          0          0          0          0   __rtentry2.o
         6          0          0          0          0          0   __rtentry4.o
        60          8          0          0          0          0   __scatter.o
        26          0          0          0          0          0   __scatter_copy.o
        28          0          0          0          0          0   __scatter_zi.o
        22          0          0          0          0         92   _rserrno.o
       502          0          0          0          0         92   aeabi_sdivfast.o
        16          0          0          0          0         68   exit.o
         6          0          0          0          0        136   heapauxi.o
         0          0          0          0          0          0   indicate_semi.o
         2          0          0          0          0          0   libinit.o
         2          0          0          0          0          0   libinit2.o
         2          0          0          0          0          0   libshutdown.o
         2          0          0          0          0          0   libshutdown2.o
         8          4          0          0         96         68   libspace.o
         8          4          0          0          0         68   rt_errno_addr_intlibspace.o
         2          0          0          0          0          0   rtexit.o
        10          0          0          0          0          0   rtexit2.o
        12          4          0          0          0         60   sys_exit.o
        62          0          0          0          0         80   sys_stackheap_outer.o
         2          0          0          0          0         68   use_no_semi.o
        46          0          0          0          0         60   cmpret.o
       856         20          0          0          0        208   daddsub.o
        26          0          0          0          0         68   dcmp.o
       160          6          0          0          0         76   dcmpin.o
      1096         26        128          0          0        112   ddiv.o
       108         10          0          0          0         72   dfixi.o
        88          0          0          0          0         92   dflti.o
       100          4          0          0          0         92   dlef.o
       584         26          0          0          0         84   dmul.o
        20          6          0          0          0         68   dnan2.o
        96         12          0          0          0         72   dscalbn.o
       176          4          0          0          0         80   fmul.o
        94          0          0          0          0         68   retnan.o
         0          0          0          0          0          0   usenofp.o
       244         20         48          0          0         92   cos_i.o
        46          6          0          0          0        204   dunder.o
        44          4          0          0          0         60   fpclassify.o
       172          0          0          0          0         76   poly.o
       974         86        204          0          0        200   rred.o
       156         10          0          0          0        104   sin.o
       236         14         40          0          0        100   sin_i.o

    ----------------------------------------------------------------------
      6134        274        424          0         96       2788   Library Totals
        14          0          4          0          0          0   (incl. Padding)

    ----------------------------------------------------------------------

      Code (inc. data)   RO Data    RW Data    ZI Data      Debug   Library Name

       798         20          0          0         96        800   c_p.l
      3450        114        128          0          0       1152   fz_ps.l
      1872        140        292          0          0        836   m_ps.l

    ----------------------------------------------------------------------
      6134        274        424          0         96       2788   Library Totals

    ----------------------------------------------------------------------

==============================================================================


      Code (inc. data)   RO Data    RW Data    ZI Data      Debug   

     10222        828        666         16       3000      35351   Grand Totals
     10222        828        666         16       3000      35351   ELF Image Totals
     10222        828        666         16          0          0   ROM Totals

==============================================================================

    Total RO  Size (Code + RO Data)                10888 (  10.63kB)
    Total RW  Size (RW Data + ZI Data)              3016 (   2.95kB)
    Total ROM Size (Code + RO Data + RW Data)      10904 (  10.65kB)

==============================================================================

