Component: ARM Compiler 6.16 Tool: armlink [5dfeaa00]

==============================================================================

Section Cross References

    main.o(.text.SysTick_Handler) refers to aeabi_sdivfast.o(.text_divfast) for __aeabi_idiv
    main.o(.text.SysTick_Handler) refers to dac.o(.text.DAC_Load_Trig) for DAC_Load_Trig
    main.o(.text.SysTick_Handler) refers to main.o(.bss.currentState) for currentState
    main.o(.text.SysTick_Handler) refers to main.o(.bss.timerCall) for timerCall
    main.o(.text.SysTick_Handler) refers to main.o(.bss.faza) for faza
    main.o(.text.SysTick_Handler) refers to main.o(.bss.Sinus) for Sinus
    main.o(.text.SysTick_Handler) refers to main.o(.data.volume) for volume
    main.o(.text.SysTick_Handler) refers to main.o(.bss.dac) for dac
    main.o(.text.SysTick_Handler) refers to main.o(.bss.mod) for mod
    main.o(.text.SysTick_Handler) refers to main.o(.bss.tickCounter) for tickCounter
    main.o(.ARM.exidx.text.SysTick_Handler) refers to main.o(.text.SysTick_Handler) for [Anonymous Symbol]
    main.o(.text.PORTB_IRQHandler) refers to main.o(.text.__NVIC_ClearPendingIRQ) for __NVIC_ClearPendingIRQ
    main.o(.text.PORTB_IRQHandler) refers to main.o(.bss.BtnFlags) for BtnFlags
    main.o(.ARM.exidx.text.PORTB_IRQHandler) refers to main.o(.text.PORTB_IRQHandler) for [Anonymous Symbol]
    main.o(.ARM.exidx.text.__NVIC_ClearPendingIRQ) refers to main.o(.text.__NVIC_ClearPendingIRQ) for [Anonymous Symbol]
    main.o(.text.PORTA_IRQHandler) refers to main.o(.text.__NVIC_ClearPendingIRQ) for __NVIC_ClearPendingIRQ
    main.o(.text.PORTA_IRQHandler) refers to main.o(.bss.BtnFlags) for BtnFlags
    main.o(.ARM.exidx.text.PORTA_IRQHandler) refers to main.o(.text.PORTA_IRQHandler) for [Anonymous Symbol]
    main.o(.text.Speaker_Init) refers to fmul.o(x$fpl$fmul) for __aeabi_fmul
    main.o(.text.Speaker_Init) refers to aeabi_sdivfast.o(.text_divfast) for __aeabi_uidiv
    main.o(.text.Speaker_Init) refers to dac.o(.text.DAC_Init) for DAC_Init
    main.o(.text.Speaker_Init) refers to dflti.o(.text) for __aeabi_ui2d
    main.o(.text.Speaker_Init) refers to dmul.o(.text) for __aeabi_dmul
    main.o(.text.Speaker_Init) refers to sin.o(i.sin) for sin
    main.o(.text.Speaker_Init) refers to dfixi.o(.text) for __aeabi_d2iz
    main.o(.text.Speaker_Init) refers to main.o(.text.__NVIC_SetPriority) for __NVIC_SetPriority
    main.o(.text.Speaker_Init) refers to main.o(.data.volt_coeff) for volt_coeff
    main.o(.text.Speaker_Init) refers to main.o(.bss.wynik) for wynik
    main.o(.text.Speaker_Init) refers to main.o(.bss.df) for df
    main.o(.text.Speaker_Init) refers to main.o(.bss.nyquist) for nyquist
    main.o(.text.Speaker_Init) refers to main.o(.bss.faza) for faza
    main.o(.text.Speaker_Init) refers to main.o(.bss.Sinus) for Sinus
    main.o(.text.Speaker_Init) refers to main.o(.bss.mod) for mod
    main.o(.text.Speaker_Init) refers to main.o(.bss.freq) for freq
    main.o(.ARM.exidx.text.Speaker_Init) refers to main.o(.text.Speaker_Init) for [Anonymous Symbol]
    main.o(.ARM.exidx.text.__NVIC_SetPriority) refers to main.o(.text.__NVIC_SetPriority) for [Anonymous Symbol]
    main.o(.text.CheckPassword) refers to main.o(.data.correctPassword) for correctPassword
    main.o(.ARM.exidx.text.CheckPassword) refers to main.o(.text.CheckPassword) for [Anonymous Symbol]
    main.o(.text.ClearPassword) refers to main.o(.bss.enteredPassword) for enteredPassword
    main.o(.text.ClearPassword) refers to main.o(.bss.passwordIndex) for passwordIndex
    main.o(.ARM.exidx.text.ClearPassword) refers to main.o(.text.ClearPassword) for [Anonymous Symbol]
    main.o(.text.ChangePassword) refers to main.o(.data.correctPassword) for correctPassword
    main.o(.ARM.exidx.text.ChangePassword) refers to main.o(.text.ChangePassword) for [Anonymous Symbol]
    main.o(.text.StartAlarm) refers to main.o(.text.SysTick_Config) for SysTick_Config
    main.o(.text.StartAlarm) refers to main.o(.text.ClearPassword) for ClearPassword
    main.o(.text.StartAlarm) refers to lcd1602.o(.text.LCD1602_ClearAll) for LCD1602_ClearAll
    main.o(.text.StartAlarm) refers to lcd1602.o(.text.LCD1602_Print) for LCD1602_Print
    main.o(.text.StartAlarm) refers to system_mkl05z4.o(.data.SystemCoreClock) for SystemCoreClock
    main.o(.text.StartAlarm) refers to main.o(.bss.currentState) for currentState
    main.o(.ARM.exidx.text.StartAlarm) refers to main.o(.text.StartAlarm) for [Anonymous Symbol]
    main.o(.text.SysTick_Config) refers to main.o(.text.__NVIC_SetPriority) for __NVIC_SetPriority
    main.o(.ARM.exidx.text.SysTick_Config) refers to main.o(.text.SysTick_Config) for [Anonymous Symbol]
    main.o(.text.StopAlarm) refers to aeabi_sdivfast.o(.text_divfast) for __aeabi_uidiv
    main.o(.text.StopAlarm) refers to main.o(.text.SysTick_Config) for SysTick_Config
    main.o(.text.StopAlarm) refers to system_mkl05z4.o(.data.SystemCoreClock) for SystemCoreClock
[...]
    klaw.c                                   0x00000000   Number         0  klaw.o ABSOLUTE
    lcd1602.c                                0x00000000   Number         0  lcd1602.o ABSOLUTE
    leds.c                                   0x00000000   Number         0  leds.o ABSOLUTE
    main.c                                   0x00000000   Number         0  main.o ABSOLUTE
    out                                      0x00000000   Number         0  out.o ABSOLUTE
    system_MKL05Z4.c                         0x00000000   Number         0  system_mkl05z4.o ABSOLUTE
    tsi.c                                    0x00000000   Number         0  tsi.o ABSOLUTE
    RESET                                    0x00000000   Section      192  startup_mkl05z4.o(RESET)
    !!!main                                  0x000000c0   Section        8  __main.o(!!!main)
    !!!scatter                               0x000000c8   Section       60  __scatter.o(!!!scatter)
    !!handler_copy                           0x00000104   Section       26  __scatter_copy.o(!!handler_copy)
    !!handler_zi                             0x00000120   Section       28  __scatter_zi.o(!!handler_zi)
    .ARM.Collect$$libinit$$00000000          0x0000013c   Section        2  libinit.o(.ARM.Collect$$libinit$$00000000)
    .ARM.Collect$$libinit$$00000002          0x0000013e   Section        0  libinit2.o(.ARM.Collect$$libinit$$00000002)
    .ARM.Collect$$libinit$$00000004          0x0000013e   Section        0  libinit2.o(.ARM.Collect$$libinit$$00000004)
    .ARM.Collect$$libinit$$0000000A          0x0000013e   Section        0  libinit2.o(.ARM.Collect$$libinit$$0000000A)
    .ARM.Collect$$libinit$$0000000C          0x0000013e   Section        0  libinit2.o(.ARM.Collect$$libinit$$0000000C)
    .ARM.Collect$$libinit$$0000000E          0x0000013e   Section        0  libinit2.o(.ARM.Collect$$libinit$$0000000E)
    .ARM.Collect$$libinit$$00000011          0x0000013e   Section        0  libinit2.o(.ARM.Collect$$libinit$$00000011)
    .ARM.Collect$$libinit$$00000013          0x0000013e   Section        0  libinit2.o(.ARM.Collect$$libinit$$00000013)
    .ARM.Collect$$libinit$$00000015          0x0000013e   Section        0  libinit2.o(.ARM.Collect$$libinit$$00000015)
    .ARM.Collect$$libinit$$00000017          0x0000013e   Section        0  libinit2.o(.ARM.Collect$$libinit$$00000017)
    .ARM.Collect$$libinit$$00000019          0x0000013e   Section        0  libinit2.o(.ARM.Collect$$libinit$$00000019)
    .ARM.Collect$$libinit$$0000001B          0x0000013e   Section        0  libinit2.o(.ARM.Collect$$libinit$$0000001B)
    .ARM.Collect$$libinit$$0000001D          0x0000013e   Section        0  libinit2.o(.ARM.Collect$$libinit$$0000001D)
    .ARM.Collect$$libinit$$0000001F          0x0000013e   Section        0  libinit2.o(.ARM.Collect$$libinit$$0000001F)
    .ARM.Collect$$libinit$$00000021          0x0000013e   Section        0  libinit2.o(.ARM.Collect$$libinit$$00000021)
    .ARM.Collect$$libinit$$00000023          0x0000013e   Section        0  libinit2.o(.ARM.Collect$$libinit$$00000023)
    .ARM.Collect$$libinit$$00000025          0x0000013e   Section        0  libinit2.o(.ARM.Collect$$libinit$$00000025)
    .ARM.Collect$$libinit$$0000002C          0x0000013e   Section        0  libinit2.o(.ARM.Collect$$libinit$$0000002C)
    .ARM.Collect$$libinit$$0000002E          0x0000013e   Section        0  libinit2.o(.ARM.Collect$$libinit$$0000002E)
    .ARM.Collect$$libinit$$00000030          0x0000013e   Section        0  libinit2.o(.ARM.Collect$$libinit$$00000030)
    .ARM.Collect$$libinit$$00000032          0x0000013e   Section        0  libinit2.o(.ARM.Collect$$libinit$$00000032)
    .ARM.Collect$$libinit$$00000033          0x0000013e   Section        2  libinit2.o(.ARM.Collect$$libinit$$00000033)
    .ARM.Collect$$libshutdown$$00000000      0x00000140   Section        2  libshutdown.o(.ARM.Collect$$libshutdown$$00000000)
    .ARM.Collect$$libshutdown$$00000002      0x00000142   Section        0  libshutdown2.o(.ARM.Collect$$libshutdown$$00000002)
    .ARM.Collect$$libshutdown$$00000004      0x00000142   Section        0  libshutdown2.o(.ARM.Collect$$libshutdown$$00000004)
    .ARM.Collect$$libshutdown$$00000007      0x00000142   Section        0  libshutdown2.o(.ARM.Collect$$libshutdown$$00000007)
    .ARM.Collect$$libshutdown$$0000000A      0x00000142   Section        0  libshutdown2.o(.ARM.Collect$$libshutdown$$0000000A)
    .ARM.Collect$$libshutdown$$0000000C      0x00000142   Section        0  libshutdown2.o(.ARM.Collect$$libshutdown$$0000000C)
    .ARM.Collect$$libshutdown$$0000000F      0x00000142   Section        0  libshutdown2.o(.ARM.Collect$$libshutdown$$0000000F)
    .ARM.Collect$$libshutdown$$00000010      0x00000142   Section        2  libshutdown2.o(.ARM.Collect$$libshutdown$$00000010)
    .ARM.Collect$$rtentry$$00000000          0x00000144   Section        0  __rtentry.o(.ARM.Collect$$rtentry$$00000000)
    .ARM.Collect$$rtentry$$00000002          0x00000144   Section        0  __rtentry2.o(.ARM.Collect$$rtentry$$00000002)
    .ARM.Collect$$rtentry$$00000004          0x00000144   Section        6  __rtentry4.o(.ARM.Collect$$rtentry$$00000004)
    .ARM.Collect$$rtentry$$00000009          0x0000014a   Section        0  __rtentry2.o(.ARM.Collect$$rtentry$$00000009)
    .ARM.Collect$$rtentry$$0000000A          0x0000014a   Section        4  __rtentry2.o(.ARM.Collect$$rtentry$$0000000A)
    .ARM.Collect$$rtentry$$0000000C          0x0000014e   Section        0  __rtentry2.o(.ARM.Collect$$rtentry$$0000000C)
    .ARM.Collect$$rtentry$$0000000D          0x0000014e   Section        8  __rtentry2.o(.ARM.Collect$$rtentry$$0000000D)
    .ARM.Collect$$rtexit$$00000000           0x00000156   Section        2  rtexit.o(.ARM.Collect$$rtexit$$00000000)
    .ARM.Collect$$rtexit$$00000002           0x00000158   Section        0  rtexit2.o(.ARM.Collect$$rtexit$$00000002)
    .ARM.Collect$$rtexit$$00000003           0x00000158   Section        4  rtexit2.o(.ARM.Collect$$rtexit$$00000003)
    .ARM.Collect$$rtexit$$00000004           0x0000015c   Section        6  rtexit2.o(.ARM.Collect$$rtexit$$00000004)
    .text                                    0x00000164   Section       52  startup_mkl05z4.o(.text)
    .text                                    0x00000198   Section        0  heapauxi.o(.text)
    .text                                    0x000001a0   Section        0  d2f.o(.text)
    .text                                    0x0000021c   Section        0  dfixi.o(.text)
    .text                                    0x00000288   Section        0  dflti.o(.text)
    .text                                    0x000002e0   Section        0  f2d.o(.text)
    .text                                    0x00000334   Section        0  _rserrno.o(.text)
    .text                                    0x0000034c   Section        8  rt_errno_addr_intlibspace.o(.text)
    .text                                    0x00000354   Section        0  dcmpin.o(.text)
    .text                                    0x000003f4   Section        8  libspace.o(.text)
    .text                                    0x000003fc   Section        2  use_no_semi.o(.text)
    elec_array                               0x000003fe   Data           2  tsi.o(.rodata.elec_array)
    [Anonymous Symbol]                       0x000003fe   Section        0  tsi.o(.rodata.elec_array)
    .text                                    0x000003fe   Section        0  indicate_semi.o(.text)
    x$fpl$usenofp                            0x000003fe   Section        0  usenofp.o(x$fpl$usenofp)
    .ARM.__at_0x400                          0x00000400   Section       16  startup_mkl05z4.o(.ARM.__at_0x400)
    _dadd1                                   0x00000411   Thumb Code   290  daddsub.o(.text)
    .text                                    0x00000410   Section        0  daddsub.o(.text)
    _dsub1                                   0x00000533   Thumb Code   470  daddsub.o(.text)
    .text                                    0x00000768   Section        0  dmul.o(.text)
    .text                                    0x000009b0   Section        0  ddiv.o(.text)
    .text                                    0x00000df8   Section        0  dscalbn.o(.text)
    .text                                    0x00000e58   Section       62  sys_stackheap_outer.o(.text)
    .text                                    0x00000e96   Section        0  exit.o(.text)
    .text                                    0x00000ea6   Section        0  cmpret.o(.text)
    .text                                    0x00000ed4   Section        0  dnan2.o(.text)
    .text                                    0x00000ee8   Section        0  retnan.o(.text)
    .text                                    0x00000f48   Section        0  sys_exit.o(.text)
    [Anonymous Symbol]                       0x00000f54   Section        0  main.o(.text.Alarm)
    __arm_cp.25_0                            0x00000fb8   Number         4  main.o(.text.Alarm)
    __arm_cp.25_1                            0x00000fbc   Number         4  main.o(.text.Alarm)
    __arm_cp.25_2                            0x00000fc0   Number         4  main.o(.text.Alarm)
    __arm_cp.25_3                            0x00000fc4   Number         4  main.o(.text.Alarm)
    __arm_cp.25_4                            0x00000fc8   Number         4  main.o(.text.Alarm)
    __arm_cp.25_5                            0x00000fcc   Number         4  main.o(.text.Alarm)
    __arm_cp.25_6                            0x00000fd0   Number         4  main.o(.text.Alarm)
    [Anonymous Symbol]                       0x00000fd4   Section        0  main.o(.text.ArmAlarm)
    [Anonymous Symbol]                       0x00001004   Section        0  main.o(.text.Back)
    __arm_cp.19_2                            0x00001038   Number         4  main.o(.text.Back)
    __arm_cp.19_3                            0x0000103c   Number         4  main.o(.text.Back)
    [Anonymous Symbol]                       0x00001040   Section        0  main.o(.text.ChangePassword)
    [Anonymous Symbol]                       0x00001050   Section        0  main.o(.text.CheckAccel)
    __arm_cp.13_0                            0x00001120   Number         4  main.o(.text.CheckAccel)
    __arm_cp.13_1                            0x00001124   Number         4  main.o(.text.CheckAccel)
    __arm_cp.13_2                            0x00001128   Number         4  main.o(.text.CheckAccel)
    __arm_cp.13_3                            0x0000112c   Number         4  main.o(.text.CheckAccel)
    __arm_cp.13_4                            0x00001130   Number         4  main.o(.text.CheckAccel)
    __arm_cp.13_5                            0x00001134   Number         4  main.o(.text.CheckAccel)
    __arm_cp.13_6                            0x00001138   Number         4  main.o(.text.CheckAccel)
    [Anonymous Symbol]                       0x0000113c   Section        0  main.o(.text.CheckButtons)
    __arm_cp.24_0                            0x00001248   Number         4  main.o(.text.CheckButtons)
    __arm_cp.24_1                            0x0000124c   Number         4  main.o(.text.CheckButtons)
    __arm_cp.24_2                            0x00001250   Number         4  main.o(.text.CheckButtons)
    __arm_cp.24_3                            0x00001254   Number         4  main.o(.text.CheckButtons)
    __arm_cp.24_4                            0x00001258   Number         4  main.o(.text.CheckButtons)
    __arm_cp.24_5                            0x0000125c   Number         4  main.o(.text.CheckButtons)
    __arm_cp.24_8                            0x00001278   Number         4  main.o(.text.CheckButtons)
    [Anonymous Symbol]                       0x0000128c   Section        0  main.o(.text.CheckDistance)
    __arm_cp.14_0                            0x000012d8   Number         4  main.o(.text.CheckDistance)
    __arm_cp.14_1                            0x000012dc   Number         4  main.o(.text.CheckDistance)
    __arm_cp.14_2                            0x000012e0   Number         4  main.o(.text.CheckDistance)
    [Anonymous Symbol]                       0x000012e4   Section        0  main.o(.text.CheckPassword)
    __arm_cp.6_0                             0x00001318   Number         4  main.o(.text.CheckPassword)
    [Anonymous Symbol]                       0x0000131c   Section        0  main.o(.text.ClearPassword)
    __arm_cp.7_0                             0x00001334   Number         4  main.o(.text.ClearPassword)
    __arm_cp.7_1                             0x00001338   Number         4  main.o(.text.ClearPassword)
    [Anonymous Symbol]                       0x0000133c   Section        0  dac.o(.text.DAC_Init)
    [Anonymous Symbol]                       0x00001364   Section        0  dac.o(.text.DAC_Load_Trig)
    __arm_cp.1_0                             0x00001390   Number         4  dac.o(.text.DAC_Load_Trig)
    __arm_cp.1_1                             0x00001394   Number         4  dac.o(.text.DAC_Load_Trig)
    [Anonymous Symbol]                       0x00001398   Section        0  main.o(.text.Down)
    __arm_cp.22_0                            0x000013d0   Number         4  main.o(.text.Down)
    __arm_cp.22_1                            0x000013d4   Number         4  main.o(.text.Down)
    [Anonymous Symbol]                       0x000013d8   Section        0  main.o(.text.EnterAdminMode)
    __arm_cp.23_0                            0x000013f0   Number         4  main.o(.text.EnterAdminMode)
    __arm_cp.23_1                            0x000013f4   Number         4  main.o(.text.EnterAdminMode)
    [Anonymous Symbol]                       0x000013f8   Section        0  main.o(.text.Forward)
    __arm_cp.20_0                            0x000014a4   Number         4  main.o(.text.Forward)
    __arm_cp.20_1                            0x000014a8   Number         4  main.o(.text.Forward)
    __arm_cp.20_2                            0x000014ac   Number         4  main.o(.text.Forward)
    __arm_cp.20_6                            0x000014e0   Number         4  main.o(.text.Forward)
    [Anonymous Symbol]                       0x0000151c   Section        0  hc_sr04.o(.text.HC_SR04_GetDistance)
    __arm_cp.2_0                             0x00001574   Number         4  hc_sr04.o(.text.HC_SR04_GetDistance)
    __arm_cp.2_1                             0x00001578   Number         4  hc_sr04.o(.text.HC_SR04_GetDistance)
    __arm_cp.2_2                             0x0000157c   Number         4  hc_sr04.o(.text.HC_SR04_GetDistance)
    __arm_cp.2_3                             0x00001580   Number         4  hc_sr04.o(.text.HC_SR04_GetDistance)
    __arm_cp.2_4                             0x00001584   Number         4  hc_sr04.o(.text.HC_SR04_GetDistance)
    __arm_cp.2_5                             0x00001588   Number         4  hc_sr04.o(.text.HC_SR04_GetDistance)
    [Anonymous Symbol]                       0x0000158c   Section        0  hc_sr04.o(.text.HC_SR04_Init)
    __arm_cp.0_0                             0x000015b4   Number         4  hc_sr04.o(.text.HC_SR04_Init)
    __arm_cp.0_1                             0x000015b8   Number         4  hc_sr04.o(.text.HC_SR04_Init)
    __arm_cp.0_2                             0x000015bc   Number         4  hc_sr04.o(.text.HC_SR04_Init)
    [Anonymous Symbol]                       0x000015c0   Section        0  hc_sr04.o(.text.HC_SR04_Start)
    __arm_cp.1_0                             0x000015e0   Number         4  hc_sr04.o(.text.HC_SR04_Start)
    [Anonymous Symbol]                       0x000015e4   Section        0  i2c.o(.text.I2C_Init)
    __arm_cp.0_0                             0x00001624   Number         4  i2c.o(.text.I2C_Init)
    __arm_cp.0_1                             0x00001628   Number         4  i2c.o(.text.I2C_Init)
    __arm_cp.0_2                             0x0000162c   Number         4  i2c.o(.text.I2C_Init)
    [Anonymous Symbol]                       0x00001630   Section        0  i2c.o(.text.I2C_Read)
    [Anonymous Symbol]                       0x0000167c   Section        0  i2c.o(.text.I2C_ReadReg)
    [Anonymous Symbol]                       0x000016ec   Section        0  i2c.o(.text.I2C_ReadRegBlock)
    __arm_cp.19_1                            0x00001794   Number         4  i2c.o(.text.I2C_ReadRegBlock)
    [Anonymous Symbol]                       0x00001798   Section        0  i2c.o(.text.I2C_Write)
    [Anonymous Symbol]                       0x000017d4   Section        0  i2c.o(.text.I2C_WriteReg)
    __arm_cp.15_0                            0x00001820   Number         4  i2c.o(.text.I2C_WriteReg)
    [Anonymous Symbol]                       0x00001824   Section        0  klaw.o(.text.Klaw_Init)
    __arm_cp.0_0                             0x00001874   Number         4  klaw.o(.text.Klaw_Init)
    [Anonymous Symbol]                       0x00001878   Section        0  klaw.o(.text.Klaw_S2_4_Int)
    __arm_cp.1_0                             0x000018c8   Number         4  klaw.o(.text.Klaw_S2_4_Int)
    __arm_cp.1_1                             0x000018cc   Number         4  klaw.o(.text.Klaw_S2_4_Int)
    [Anonymous Symbol]                       0x000018d0   Section        0  lcd1602.o(.text.LCD1602_BF_AC)
    [Anonymous Symbol]                       0x00001998   Section        0  lcd1602.o(.text.LCD1602_Backlight)
    [Anonymous Symbol]                       0x000019a8   Section        0  lcd1602.o(.text.LCD1602_CheckAddress)
    [Anonymous Symbol]                       0x000019d0   Section        0  lcd1602.o(.text.LCD1602_ClearAll)
    [Anonymous Symbol]                       0x000019dc   Section        0  lcd1602.o(.text.LCD1602_Init)
    __arm_cp.0_0                             0x00001a24   Number         4  lcd1602.o(.text.LCD1602_Init)
    [Anonymous Symbol]                       0x00001a28   Section        0  lcd1602.o(.text.LCD1602_Print)
    [Anonymous Symbol]                       0x00001a48   Section        0  lcd1602.o(.text.LCD1602_PrintNum)
    [Anonymous Symbol]                       0x00001a70   Section        0  lcd1602.o(.text.LCD1602_SetCursor)
    [Anonymous Symbol]                       0x00001a8e   Section        0  lcd1602.o(.text.LCD1602_Write4)
    [Anonymous Symbol]                       0x00001aa8   Section        0  lcd1602.o(.text.LCD1602_Write8)
    [Anonymous Symbol]                       0x00001ad0   Section        0  leds.o(.text.LED_Init)
    __arm_cp.0_0                             0x00001b08   Number         4  leds.o(.text.LED_Init)
    __arm_cp.0_1                             0x00001b0c   Number         4  leds.o(.text.LED_Init)
    __arm_cp.0_2                             0x00001b10   Number         4  leds.o(.text.LED_Init)
    [Anonymous Symbol]                       0x00001b14   Section        0  main.o(.text.MainMenu)
    __arm_cp.15_0                            0x00001b38   Number         4  main.o(.text.MainMenu)
    [Anonymous Symbol]                       0x00001b4c   Section        0  lcd1602.o(.text.PCF8574_Write)
    __arm_cp.12_0                            0x00001b70   Number         4  lcd1602.o(.text.PCF8574_Write)
    __arm_cp.12_1                            0x00001b74   Number         4  lcd1602.o(.text.PCF8574_Write)
    [Anonymous Symbol]                       0x00001b78   Section        0  main.o(.text.PORTA_IRQHandler)
    __arm_cp.3_0                             0x00001c24   Number         4  main.o(.text.PORTA_IRQHandler)
    __arm_cp.3_2                             0x00001c28   Number         4  main.o(.text.PORTA_IRQHandler)
    [Anonymous Symbol]                       0x00001c2c   Section        0  main.o(.text.PORTB_IRQHandler)
    __arm_cp.1_0                             0x00001c70   Number         4  main.o(.text.PORTB_IRQHandler)
    __arm_cp.1_1                             0x00001c74   Number         4  main.o(.text.PORTB_IRQHandler)
    __arm_cp.1_2                             0x00001c78   Number         4  main.o(.text.PORTB_IRQHandler)
    __arm_cp.1_3                             0x00001c7c   Number         4  main.o(.text.PORTB_IRQHandler)
    [Anonymous Symbol]                       0x00001c80   Section        0  main.o(.text.PasswordMenu)
    __arm_cp.18_0                            0x00001ca4   Number         4  main.o(.text.PasswordMenu)
    [Anonymous Symbol]                       0x00001cb8   Section        0  main.o(.text.SensitivityMenu)
    __arm_cp.17_0                            0x00001cdc   Number         4  main.o(.text.SensitivityMenu)
    __arm_cp.17_2                            0x00001cf0   Number         4  main.o(.text.SensitivityMenu)
    [Anonymous Symbol]                       0x00001cf4   Section        0  main.o(.text.Speaker_Init)
    __arm_cp.4_0                             0x00001d84   Number         4  main.o(.text.Speaker_Init)
    __arm_cp.4_1                             0x00001d88   Number         4  main.o(.text.Speaker_Init)
    __arm_cp.4_2                             0x00001d8c   Number         4  main.o(.text.Speaker_Init)
    __arm_cp.4_3                             0x00001d90   Number         4  main.o(.text.Speaker_Init)
    __arm_cp.4_4                             0x00001d94   Number         4  main.o(.text.Speaker_Init)
    __arm_cp.4_6                             0x00001d98   Number         4  main.o(.text.Speaker_Init)
    __arm_cp.4_7                             0x00001d9c   Number         4  main.o(.text.Speaker_Init)
    __arm_cp.4_8                             0x00001da0   Number         4  main.o(.text.Speaker_Init)
    __arm_cp.4_11                            0x00001da4   Number         4  main.o(.text.Speaker_Init)
    [Anonymous Symbol]                       0x00001da8   Section        0  main.o(.text.StartAlarm)
    __arm_cp.9_0                             0x00001dd4   Number         4  main.o(.text.StartAlarm)
    __arm_cp.9_1                             0x00001dd8   Number         4  main.o(.text.StartAlarm)
    [Anonymous Symbol]                       0x00001dec   Section        0  main.o(.text.StopAlarm)
    __arm_cp.11_0                            0x00001e20   Number         4  main.o(.text.StopAlarm)
    __arm_cp.11_1                            0x00001e24   Number         4  main.o(.text.StopAlarm)
    SysTick_Config                           0x00001e29   Thumb Code    28  main.o(.text.SysTick_Config)
    [Anonymous Symbol]                       0x00001e28   Section        0  main.o(.text.SysTick_Config)
    SysTick_Config                           0x00001e45   Thumb Code    28  hc_sr04.o(.text.SysTick_Config)
    [Anonymous Symbol]                       0x00001e44   Section        0  hc_sr04.o(.text.SysTick_Config)
    __arm_cp.3_0                             0x00001e60   Number         4  hc_sr04.o(.text.SysTick_Config)
    [Anonymous Symbol]                       0x00001e64   Section        0  main.o(.text.SysTick_Handler)
    __arm_cp.0_0                             0x00001ed0   Number         4  main.o(.text.SysTick_Handler)
    __arm_cp.0_1                             0x00001ed4   Number         4  main.o(.text.SysTick_Handler)
    __arm_cp.0_2                             0x00001ed8   Number         4  main.o(.text.SysTick_Handler)
    __arm_cp.0_3                             0x00001edc   Number         4  main.o(.text.SysTick_Handler)
    __arm_cp.0_4                             0x00001ee0   Number         4  main.o(.text.SysTick_Handler)
    __arm_cp.0_5                             0x00001ee4   Number         4  main.o(.text.SysTick_Handler)
    __arm_cp.0_6                             0x00001ee8   Number         4  main.o(.text.SysTick_Handler)
    __arm_cp.0_7                             0x00001eec   Number         4  main.o(.text.SysTick_Handler)
    __arm_cp.0_8                             0x00001ef0   Number         4  main.o(.text.SysTick_Handler)
    __arm_cp.0_9                             0x00001ef4   Number         4  main.o(.text.SysTick_Handler)
    [Anonymous Symbol]                       0x00001ef8   Section        0  system_mkl05z4.o(.text.SystemInit)
    __arm_cp.0_0                             0x00001f34   Number         4  system_mkl05z4.o(.text.SystemInit)
    __arm_cp.0_1                             0x00001f38   Number         4  system_mkl05z4.o(.text.SystemInit)
    __arm_cp.0_2                             0x00001f3c   Number         4  system_mkl05z4.o(.text.SystemInit)
    __arm_cp.0_3                             0x00001f40   Number         4  system_mkl05z4.o(.text.SystemInit)
    [Anonymous Symbol]                       0x00001f44   Section        0  tsi.o(.text.TSI0_IRQHandler)
    __arm_cp.7_0                             0x00001f58   Number         4  tsi.o(.text.TSI0_IRQHandler)
    [Anonymous Symbol]                       0x00001f5c   Section        0  main.o(.text.Up)
    __arm_cp.21_0                            0x00001fa0   Number         4  main.o(.text.Up)
    [Anonymous Symbol]                       0x00001fa4   Section        0  main.o(.text.VolumeMenu)
    __arm_cp.16_0                            0x00001fc8   Number         4  main.o(.text.VolumeMenu)
    __arm_cp.16_2                            0x00001fd8   Number         4  main.o(.text.VolumeMenu)
    __NVIC_ClearPendingIRQ                   0x00001fdd   Thumb Code    16  main.o(.text.__NVIC_ClearPendingIRQ)
    [Anonymous Symbol]                       0x00001fdc   Section        0  main.o(.text.__NVIC_ClearPendingIRQ)
    __NVIC_ClearPendingIRQ                   0x00001fed   Thumb Code    16  klaw.o(.text.__NVIC_ClearPendingIRQ)
    [Anonymous Symbol]                       0x00001fec   Section        0  klaw.o(.text.__NVIC_ClearPendingIRQ)
    __arm_cp.3_0                             0x00001ffc   Number         4  klaw.o(.text.__NVIC_ClearPendingIRQ)
    __NVIC_EnableIRQ                         0x00002001   Thumb Code    16  klaw.o(.text.__NVIC_EnableIRQ)
    [Anonymous Symbol]                       0x00002000   Section        0  klaw.o(.text.__NVIC_EnableIRQ)
    __arm_cp.4_0                             0x00002010   Number         4  klaw.o(.text.__NVIC_EnableIRQ)
    __NVIC_SetPriority                       0x00002015   Thumb Code    20  main.o(.text.__NVIC_SetPriority)
    [Anonymous Symbol]                       0x00002014   Section        0  main.o(.text.__NVIC_SetPriority)
    __NVIC_SetPriority                       0x00002029   Thumb Code    28  klaw.o(.text.__NVIC_SetPriority)
    [Anonymous Symbol]                       0x00002028   Section        0  klaw.o(.text.__NVIC_SetPriority)
    __arm_cp.2_0                             0x00002044   Number         4  klaw.o(.text.__NVIC_SetPriority)
    __NVIC_SetPriority                       0x00002049   Thumb Code    20  hc_sr04.o(.text.__NVIC_SetPriority)
    [Anonymous Symbol]                       0x00002048   Section        0  hc_sr04.o(.text.__NVIC_SetPriority)
    __arm_cp.4_0                             0x0000205c   Number         4  hc_sr04.o(.text.__NVIC_SetPriority)
    [Anonymous Symbol]                       0x00002060   Section        0  tsi.o(.text.change_electrode)
    __arm_cp.6_0                             0x000020ac   Number         4  tsi.o(.text.change_electrode)
    __arm_cp.6_1                             0x000020b0   Number         4  tsi.o(.text.change_electrode)
    __arm_cp.6_2                             0x000020b4   Number         4  tsi.o(.text.change_electrode)
    __arm_cp.6_3                             0x000020b8   Number         4  tsi.o(.text.change_electrode)
    __arm_cp.6_4                             0x000020bc   Number         4  tsi.o(.text.change_electrode)
    __arm_cp.6_5                             0x000020c0   Number         4  tsi.o(.text.change_electrode)
    [Anonymous Symbol]                       0x000020c4   Section        0  i2c.o(.text.i2c_ack)
    [Anonymous Symbol]                       0x000020d0   Section        0  i2c.o(.text.i2c_clr_IICIF)
    [Anonymous Symbol]                       0x000020dc   Section        0  i2c.o(.text.i2c_disable)
    [Anonymous Symbol]                       0x000020e8   Section        0  i2c.o(.text.i2c_enable)
    [Anonymous Symbol]                       0x000020f4   Section        0  i2c.o(.text.i2c_m_rstart)
    __arm_cp.18_0                            0x00002108   Number         4  i2c.o(.text.i2c_m_rstart)
    [Anonymous Symbol]                       0x0000210c   Section        0  i2c.o(.text.i2c_m_start)
    [Anonymous Symbol]                       0x00002118   Section        0  i2c.o(.text.i2c_m_stop)
    [Anonymous Symbol]                       0x00002124   Section        0  i2c.o(.text.i2c_nack)
    [Anonymous Symbol]                       0x00002130   Section        0  i2c.o(.text.i2c_rec)
    [Anonymous Symbol]                       0x0000213c   Section        0  i2c.o(.text.i2c_recv)
    [Anonymous Symbol]                       0x00002144   Section        0  i2c.o(.text.i2c_send)
    __arm_cp.5_0                             0x0000214c   Number         4  i2c.o(.text.i2c_send)
    [Anonymous Symbol]                       0x00002150   Section        0  i2c.o(.text.i2c_tran)
    __arm_cp.3_0                             0x0000215c   Number         4  i2c.o(.text.i2c_tran)
    [Anonymous Symbol]                       0x00002160   Section        0  i2c.o(.text.i2c_wait)
    [Anonymous Symbol]                       0x000021b0   Section        0  i2c.o(.text.i2c_wait_rec)
    __arm_cp.14_0                            0x000021f0   Number         4  i2c.o(.text.i2c_wait_rec)
    __arm_cp.14_1                            0x000021f4   Number         4  i2c.o(.text.i2c_wait_rec)
    __arm_cp.14_2                            0x000021f8   Number         4  i2c.o(.text.i2c_wait_rec)
    [Anonymous Symbol]                       0x000021fc   Section        0  lcd1602.o(.text.itoa)
    [Anonymous Symbol]                       0x00002274   Section        0  main.o(.text.main)
    __arm_cp.26_0                            0x00002308   Number         4  main.o(.text.main)
    __arm_cp.26_1                            0x0000230c   Number         4  main.o(.text.main)
    __arm_cp.26_2                            0x00002310   Number         4  main.o(.text.main)
    __arm_cp.26_3                            0x00002314   Number         4  main.o(.text.main)
    .text_divfast                            0x00002318   Section      502  aeabi_sdivfast.o(.text_divfast)
    i.__ARM_common_ll_muluu                  0x0000250e   Section        0  rred.o(i.__ARM_common_ll_muluu)
    i.__ARM_fpclassify                       0x00002540   Section        0  fpclassify.o(i.__ARM_fpclassify)
    i.__ieee754_rem_pio2                     0x0000256c   Section        0  rred.o(i.__ieee754_rem_pio2)
    i.__kernel_cos                           0x00002908   Section        0  cos_i.o(i.__kernel_cos)
    i.__kernel_poly                          0x000029fc   Section        0  poly.o(i.__kernel_poly)
    i.__kernel_sin                           0x00002aa8   Section        0  sin_i.o(i.__kernel_sin)
    i.__mathlib_dbl_infnan                   0x00002b94   Section        0  dunder.o(i.__mathlib_dbl_infnan)
    i.__mathlib_dbl_invalid                  0x00002b9e   Section        0  dunder.o(i.__mathlib_dbl_invalid)
    i.__mathlib_dbl_underflow                0x00002bb0   Section        0  dunder.o(i.__mathlib_dbl_underflow)
    i._dleq                                  0x00002bc4   Section        0  dcmp.o(i._dleq)
    i.sin                                    0x00002be0   Section        0  sin.o(i.sin)
    x$fpl$dleqf                              0x00002c7c   Section      100  dlef.o(x$fpl$dleqf)
    x$fpl$fadd                               0x00002ce0   Section      140  faddsub.o(x$fpl$fadd)
    _fadd1                                   0x00002ced   Thumb Code     0  faddsub.o(x$fpl$fadd)
    x$fpl$fmul                               0x00002d6c   Section      176  fmul.o(x$fpl$fmul)
    x$fpl$fsub                               0x00002e1c   Section      208  faddsub.o(x$fpl$fsub)
    _fsub1                                   0x00002e29   Thumb Code     0  faddsub.o(x$fpl$fsub)
    C                                        0x00002ef0   Data          48  cos_i.o(.constdata)
    .constdata                               0x00002ef0   Section       48  cos_i.o(.constdata)
    pio2s                                    0x00002f20   Data          48  rred.o(.constdata)
    .constdata                               0x00002f20   Section      204  rred.o(.constdata)
    twooverpi                                0x00002f50   Data         156  rred.o(.constdata)
    S                                        0x00002ff0   Data          40  sin_i.o(.constdata)
    .constdata                               0x00002ff0   Section       40  sin_i.o(.constdata)
    ddiv_reciptbl                            0x00003018   Data         128  ddiv.o(.constdata)
    .constdata                               0x00003018   Section      128  ddiv.o(.constdata)
    [Anonymous Symbol]                       0x00003098   Section        0  main.o(.rodata.str1.1)
    lcd_backlight                            0x1ffffc1c   Data           1  lcd1602.o(.data.lcd_backlight)
    [Anonymous Symbol]                       0x1ffffc1c   Section        0  lcd1602.o(.data.lcd_backlight)
    .bss                                     0x1ffffc28   Section       96  libspace.o(.bss)
    arrayXYZ                                 0x200004a9   Data           6  main.o(.bss.arrayXYZ)
    [Anonymous Symbol]                       0x200004a9   Section        0  main.o(.bss.arrayXYZ)
    end_flag                                 0x200004bd   Data           1  tsi.o(.bss.end_flag)
    [Anonymous Symbol]                       0x200004bd   Section        0  tsi.o(.bss.end_flag)
    error                                    0x200004c2   Data           1  i2c.o(.bss.error)
    [Anonymous Symbol]                       0x200004c2   Section        0  i2c.o(.bss.error)
    gu16Baseline                             0x200004c8   Data           4  tsi.o(.bss.gu16Baseline)
    [Anonymous Symbol]                       0x200004c8   Section        0  tsi.o(.bss.gu16Baseline)
    gu16Delta                                0x200004cc   Data           4  tsi.o(.bss.gu16Delta)
    [Anonymous Symbol]                       0x200004cc   Section        0  tsi.o(.bss.gu16Delta)
    ongoing_elec                             0x200004d6   Data           1  tsi.o(.bss.ongoing_elec)
    [Anonymous Symbol]                       0x200004d6   Section        0  tsi.o(.bss.ongoing_elec)
    pcf_address                              0x200004d8   Data           1  lcd1602.o(.bss.pcf_address)
    [Anonymous Symbol]                       0x200004d8   Section        0  lcd1602.o(.bss.pcf_address)
    status                                   0x200004d9   Data           1  main.o(.bss.status)
    [Anonymous Symbol]                       0x200004d9   Section        0  main.o(.bss.status)
    Heap_Mem                                 0x200004e8   Data           0  startup_mkl05z4.o(HEAP)
    Stack_Mem                                0x200004e8   Data         768  startup_mkl05z4.o(STACK)
    HEAP                                     0x200004e8   Section        0  startup_mkl05z4.o(HEAP)
    STACK                                    0x200004e8   Section      768  startup_mkl05z4.o(STACK)
    __initial_sp                             0x200007e8   Data           0  startup_mkl05z4.o(STACK)

    Global Symbols

    Symbol Name                              Value     Ov Type        Size  Object(Section)

    BuildAttributes$$THM_ISAv3M$S$PE$A:L22$X:L11$S22$IEEE1$IW$~IW$USESV6$~STKCKD$USESV7$~SHL$OTIME$ROPI$IEEEX$EBA8$UX$STANDARDLIB$REQ8$PRES8$EABIv2 0x00000000   Number         0  anon$$obj.o ABSOLUTE
    __Vectors                                0x00000000   Data           4  startup_mkl05z4.o(RESET)
    __ARM_exceptions_init                     - Undefined Weak Reference
    __alloca_initialize                       - Undefined Weak Reference
    __arm_preinit_                            - Undefined Weak Reference
    __cpp_initialize__aeabi_                  - Undefined Weak Reference
    __cxa_finalize                            - Undefined Weak Reference
    __rt_locale                               - Undefined Weak Reference
    __sigvec_lookup                           - Undefined Weak Reference
    _atexit_init                              - Undefined Weak Reference
    _call_atexit_fns                          - Undefined Weak Reference
    _clock_init                               - Undefined Weak Reference
    _fp_trap_init                             - Undefined Weak Reference
    _fp_trap_shutdown                         - Undefined Weak Reference
    _get_lc_collate                           - Undefined Weak Reference
    _get_lc_ctype                             - Undefined Weak Reference
    _get_lc_monetary                          - Undefined Weak Reference
    _get_lc_numeric                           - Undefined Weak Reference
    _get_lc_time                              - Undefined Weak Reference
    _getenv_init                              - Undefined Weak Reference
    _handle_redirection                       - Undefined Weak Reference
    _init_alloc                               - Undefined Weak Reference
    _init_user_alloc                          - Undefined Weak Reference
    _initio                                   - Undefined Weak Reference
    _rand_init                                - Undefined Weak Reference
    _signal_finish                            - Undefined Weak Reference
    _signal_init                              - Undefined Weak Reference
    _terminate_alloc                          - Undefined Weak Reference
    _terminate_user_alloc                     - Undefined Weak Reference
    _terminateio                              - Undefined Weak Reference
    __Vectors_End                            0x000000c0   Data           0  startup_mkl05z4.o(RESET)
    __Vectors_Size                           0x000000c0   Number         0  startup_mkl05z4.o ABSOLUTE
    __main                                   0x000000c1   Thumb Code     8  __main.o(!!!main)
    __scatterload                            0x000000c9   Thumb Code     0  __scatter.o(!!!scatter)
    __scatterload_rt2                        0x000000c9   Thumb Code    52  __scatter.o(!!!scatter)
    __scatterload_rt2_thumb_only             0x000000c9   Thumb Code     0  __scatter.o(!!!scatter)
    __scatterload_null                       0x000000d9   Thumb Code     0  __scatter.o(!!!scatter)
    __scatterload_copy                       0x00000105   Thumb Code    26  __scatter_copy.o(!!handler_copy)
    __scatterload_zeroinit                   0x00000121   Thumb Code    28  __scatter_zi.o(!!handler_zi)
    __rt_lib_init                            0x0000013d   Thumb Code     0  libinit.o(.ARM.Collect$$libinit$$00000000)
    __rt_lib_init_alloca_1                   0x0000013f   Thumb Code     0  libinit2.o(.ARM.Collect$$libinit$$0000002E)
    __rt_lib_init_argv_1                     0x0000013f   Thumb Code     0  libinit2.o(.ARM.Collect$$libinit$$0000002C)
    __rt_lib_init_atexit_1                   0x0000013f   Thumb Code     0  libinit2.o(.ARM.Collect$$libinit$$0000001B)
    __rt_lib_init_clock_1                    0x0000013f   Thumb Code     0  libinit2.o(.ARM.Collect$$libinit$$00000021)
    __rt_lib_init_cpp_1                      0x0000013f   Thumb Code     0  libinit2.o(.ARM.Collect$$libinit$$00000032)
    __rt_lib_init_exceptions_1               0x0000013f   Thumb Code     0  libinit2.o(.ARM.Collect$$libinit$$00000030)
    __rt_lib_init_fp_1                       0x0000013f   Thumb Code     0  libinit2.o(.ARM.Collect$$libinit$$00000002)
    __rt_lib_init_fp_trap_1                  0x0000013f   Thumb Code     0  libinit2.o(.ARM.Collect$$libinit$$0000001F)
    __rt_lib_init_getenv_1                   0x0000013f   Thumb Code     0  libinit2.o(.ARM.Collect$$libinit$$00000023)
    __rt_lib_init_heap_1                     0x0000013f   Thumb Code     0  libinit2.o(.ARM.Collect$$libinit$$0000000A)
    __rt_lib_init_lc_collate_1               0x0000013f   Thumb Code     0  libinit2.o(.ARM.Collect$$libinit$$00000011)
    __rt_lib_init_lc_ctype_1                 0x0000013f   Thumb Code     0  libinit2.o(.ARM.Collect$$libinit$$00000013)
    __rt_lib_init_lc_monetary_1              0x0000013f   Thumb Code     0  libinit2.o(.ARM.Collect$$libinit$$00000015)
    __rt_lib_init_lc_numeric_1               0x0000013f   Thumb Code     0  libinit2.o(.ARM.Collect$$libinit$$00000017)
    __rt_lib_init_lc_time_1                  0x0000013f   Thumb Code     0  libinit2.o(.ARM.Collect$$libinit$$00000019)
    __rt_lib_init_preinit_1                  0x0000013f   Thumb Code     0  libinit2.o(.ARM.Collect$$libinit$$00000004)
    __rt_lib_init_rand_1                     0x0000013f   Thumb Code     0  libinit2.o(.ARM.Collect$$libinit$$0000000E)
    __rt_lib_init_return                     0x0000013f   Thumb Code     0  libinit2.o(.ARM.Collect$$libinit$$00000033)
    __rt_lib_init_signal_1                   0x0000013f   Thumb Code     0  libinit2.o(.ARM.Collect$$libinit$$0000001D)
    __rt_lib_init_stdio_1                    0x0000013f   Thumb Code     0  libinit2.o(.ARM.Collect$$libinit$$00000025)
    __rt_lib_init_user_alloc_1               0x0000013f   Thumb Code     0  libinit2.o(.ARM.Collect$$libinit$$0000000C)
    __rt_lib_shutdown                        0x00000141   Thumb Code     0  libshutdown.o(.ARM.Collect$$libshutdown$$00000000)
    __rt_lib_shutdown_cpp_1                  0x00000143   Thumb Code     0  libshutdown2.o(.ARM.Collect$$libshutdown$$00000002)
    __rt_lib_shutdown_fp_trap_1              0x00000143   Thumb Code     0  libshutdown2.o(.ARM.Collect$$libshutdown$$00000007)
    __rt_lib_shutdown_heap_1                 0x00000143   Thumb Code     0  libshutdown2.o(.ARM.Collect$$libshutdown$$0000000F)
    __rt_lib_shutdown_return                 0x00000143   Thumb Code     0  libshutdown2.o(.ARM.Collect$$libshutdown$$00000010)
    __rt_lib_shutdown_signal_1               0x00000143   Thumb Code     0  libshutdown2.o(.ARM.Collect$$libshutdown$$0000000A)
    __rt_lib_shutdown_stdio_1                0x00000143   Thumb Code     0  libshutdown2.o(.ARM.Collect$$libshutdown$$00000004)
    __rt_lib_shutdown_user_alloc_1           0x00000143   Thumb Code     0  libshutdown2.o(.ARM.Collect$$libshutdown$$0000000C)
    __rt_entry                               0x00000145   Thumb Code     0  __rtentry.o(.ARM.Collect$$rtentry$$00000000)
    __rt_entry_presh_1                       0x00000145   Thumb Code     0  __rtentry2.o(.ARM.Collect$$rtentry$$00000002)
    __rt_entry_sh                            0x00000145   Thumb Code     0  __rtentry4.o(.ARM.Collect$$rtentry$$00000004)
    __rt_entry_li                            0x0000014b   Thumb Code     0  __rtentry2.o(.ARM.Collect$$rtentry$$0000000A)
    __rt_entry_postsh_1                      0x0000014b   Thumb Code     0  __rtentry2.o(.ARM.Collect$$rtentry$$00000009)
    __rt_entry_main                          0x0000014f   Thumb Code     0  __rtentry2.o(.ARM.Collect$$rtentry$$0000000D)
    __rt_entry_postli_1                      0x0000014f   Thumb Code     0  __rtentry2.o(.ARM.Collect$$rtentry$$0000000C)
    __rt_exit                                0x00000157   Thumb Code     0  rtexit.o(.ARM.Collect$$rtexit$$00000000)
    __rt_exit_ls                             0x00000159   Thumb Code     0  rtexit2.o(.ARM.Collect$$rtexit$$00000003)
    __rt_exit_prels_1                        0x00000159   Thumb Code     0  rtexit2.o(.ARM.Collect$$rtexit$$00000002)
    __rt_exit_exit                           0x0000015d   Thumb Code     0  rtexit2.o(.ARM.Collect$$rtexit$$00000004)
    Reset_Handler                            0x00000165   Thumb Code     8  startup_mkl05z4.o(.text)
    NMI_Handler                              0x0000016d   Thumb Code     2  startup_mkl05z4.o(.text)
    HardFault_Handler                        0x0000016f   Thumb Code     2  startup_mkl05z4.o(.text)
    SVC_Handler                              0x00000171   Thumb Code     2  startup_mkl05z4.o(.text)
    PendSV_Handler                           0x00000173   Thumb Code     2  startup_mkl05z4.o(.text)
    ADC0_IRQHandler                          0x00000177   Thumb Code     0  startup_mkl05z4.o(.text)
    CMP0_IRQHandler                          0x00000177   Thumb Code     0  startup_mkl05z4.o(.text)
    DAC0_IRQHandler                          0x00000177   Thumb Code     0  startup_mkl05z4.o(.text)
    DMA0_IRQHandler                          0x00000177   Thumb Code     0  startup_mkl05z4.o(.text)
    DMA1_IRQHandler                          0x00000177   Thumb Code     0  startup_mkl05z4.o(.text)
    DMA2_IRQHandler                          0x00000177   Thumb Code     0  startup_mkl05z4.o(.text)
    DMA3_IRQHandler                          0x00000177   Thumb Code     0  startup_mkl05z4.o(.text)
    DefaultISR                               0x00000177   Thumb Code     0  startup_mkl05z4.o(.text)
    FTFA_IRQHandler                          0x00000177   Thumb Code     0  startup_mkl05z4.o(.text)
    I2C0_IRQHandler                          0x00000177   Thumb Code     0  startup_mkl05z4.o(.text)
    LLW_IRQHandler                           0x00000177   Thumb Code     0  startup_mkl05z4.o(.text)
    LPTimer_IRQHandler                       0x00000177   Thumb Code     0  startup_mkl05z4.o(.text)
    LVD_LVW_IRQHandler                       0x00000177   Thumb Code     0  startup_mkl05z4.o(.text)
    MCG_IRQHandler                           0x00000177   Thumb Code     0  startup_mkl05z4.o(.text)
    PIT_IRQHandler                           0x00000177   Thumb Code     0  startup_mkl05z4.o(.text)
    RTC_IRQHandler                           0x00000177   Thumb Code     0  startup_mkl05z4.o(.text)
    RTC_Seconds_IRQHandler                   0x00000177   Thumb Code     0  startup_mkl05z4.o(.text)
    Reserved20_IRQHandler                    0x00000177   Thumb Code     0  startup_mkl05z4.o(.text)
    Reserved25_IRQHandler                    0x00000177   Thumb Code     0  startup_mkl05z4.o(.text)
    Reserved27_IRQHandler                    0x00000177   Thumb Code     0  startup_mkl05z4.o(.text)
    Reserved29_IRQHandler                    0x00000177   Thumb Code     0  startup_mkl05z4.o(.text)
    Reserved30_IRQHandler                    0x00000177   Thumb Code     0  startup_mkl05z4.o(.text)
    Reserved35_IRQHandler                    0x00000177   Thumb Code     0  startup_mkl05z4.o(.text)
    Reserved39_IRQHandler                    0x00000177   Thumb Code     0  startup_mkl05z4.o(.text)
    Reserved40_IRQHandler                    0x00000177   Thumb Code     0  startup_mkl05z4.o(.text)
    Reserved45_IRQHandler                    0x00000177   Thumb Code     0  startup_mkl05z4.o(.text)
    SPI0_IRQHandler                          0x00000177   Thumb Code     0  startup_mkl05z4.o(.text)
    TPM0_IRQHandler                          0x00000177   Thumb Code     0  startup_mkl05z4.o(.text)
    TPM1_IRQHandler                          0x00000177   Thumb Code     0  startup_mkl05z4.o(.text)
    UART0_IRQHandler                         0x00000177   Thumb Code     0  startup_mkl05z4.o(.text)
    __user_initial_stackheap                 0x00000179   Thumb Code     0  startup_mkl05z4.o(.text)
    __use_two_region_memory                  0x00000199   Thumb Code     2  heapauxi.o(.text)
    __rt_heap_escrow$2region                 0x0000019b   Thumb Code     2  heapauxi.o(.text)
    __rt_heap_expand$2region                 0x0000019d   Thumb Code     2  heapauxi.o(.text)
    __aeabi_d2f                              0x000001a1   Thumb Code     0  d2f.o(.text)
    _d2f                                     0x000001a1   Thumb Code   120  d2f.o(.text)
    __aeabi_d2iz                             0x0000021d   Thumb Code     0  dfixi.o(.text)
    _dfix                                    0x0000021d   Thumb Code    98  dfixi.o(.text)
    __aeabi_i2d_normalise                    0x00000289   Thumb Code    66  dflti.o(.text)
    __aeabi_i2d                              0x000002cb   Thumb Code    16  dflti.o(.text)
    _dflt                                    0x000002cb   Thumb Code     0  dflti.o(.text)
    __aeabi_ui2d                             0x000002db   Thumb Code     6  dflti.o(.text)
    _dfltu                                   0x000002db   Thumb Code     0  dflti.o(.text)
    __aeabi_f2d                              0x000002e1   Thumb Code     0  f2d.o(.text)
    _f2d                                     0x000002e1   Thumb Code    80  f2d.o(.text)
    __read_errno                             0x00000335   Thumb Code    10  _rserrno.o(.text)
    __set_errno                              0x0000033f   Thumb Code    12  _rserrno.o(.text)
    __aeabi_errno_addr                       0x0000034d   Thumb Code     8  rt_errno_addr_intlibspace.o(.text)
    __errno$intlibspace                      0x0000034d   Thumb Code     0  rt_errno_addr_intlibspace.o(.text)
    __rt_errno_addr$intlibspace              0x0000034d   Thumb Code     0  rt_errno_addr_intlibspace.o(.text)
    __fpl_dcmp_InfNaN                        0x00000355   Thumb Code   154  dcmpin.o(.text)
    __user_libspace                          0x000003f5   Thumb Code     8  libspace.o(.text)
    __user_perproc_libspace                  0x000003f5   Thumb Code     0  libspace.o(.text)
    __user_perthread_libspace                0x000003f5   Thumb Code     0  libspace.o(.text)
    __I$use$semihosting                      0x000003fd   Thumb Code     0  use_no_semi.o(.text)
    __use_no_semihosting_swi                 0x000003fd   Thumb Code     2  use_no_semi.o(.text)
    __I$use$fp                               0x000003fe   Number         0  usenofp.o(x$fpl$usenofp)
    __semihosting_library_function           0x000003ff   Thumb Code     0  indicate_semi.o(.text)
    __aeabi_dadd                             0x00000709   Thumb Code     0  daddsub.o(.text)
    _dadd                                    0x00000709   Thumb Code    26  daddsub.o(.text)
    __aeabi_dsub                             0x00000723   Thumb Code     0  daddsub.o(.text)
    _dsub                                    0x00000723   Thumb Code    22  daddsub.o(.text)
    __aeabi_drsub                            0x00000739   Thumb Code     0  daddsub.o(.text)
    _drsb                                    0x00000739   Thumb Code    28  daddsub.o(.text)
    __aeabi_dmul                             0x00000769   Thumb Code     0  dmul.o(.text)
    _dmul                                    0x00000769   Thumb Code   558  dmul.o(.text)
    __aeabi_ddiv                             0x000009b1   Thumb Code     0  ddiv.o(.text)
    _ddiv                                    0x000009b1   Thumb Code  1072  ddiv.o(.text)
    _drdiv                                   0x00000de1   Thumb Code    20  ddiv.o(.text)
    __ARM_scalbn                             0x00000df9   Thumb Code    84  dscalbn.o(.text)
    __user_setup_stackheap                   0x00000e59   Thumb Code    62  sys_stackheap_outer.o(.text)
    exit                                     0x00000e97   Thumb Code    16  exit.o(.text)
    __fpl_cmpreturn                          0x00000ea7   Thumb Code    46  cmpret.o(.text)
    __fpl_dcheck_NaN2                        0x00000ed5   Thumb Code    14  dnan2.o(.text)
    __fpl_return_NaN                         0x00000ee9   Thumb Code    94  retnan.o(.text)
    _sys_exit                                0x00000f49   Thumb Code     8  sys_exit.o(.text)
    Alarm                                    0x00000f55   Thumb Code   100  main.o(.text.Alarm)
    ArmAlarm                                 0x00000fd5   Thumb Code    32  main.o(.text.ArmAlarm)
    Back                                     0x00001005   Thumb Code    52  main.o(.text.Back)
    ChangePassword                           0x00001041   Thumb Code    16  main.o(.text.ChangePassword)
    CheckAccel                               0x00001051   Thumb Code   208  main.o(.text.CheckAccel)
    CheckButtons                             0x0000113d   Thumb Code   268  main.o(.text.CheckButtons)
    CheckDistance                            0x0000128d   Thumb Code    76  main.o(.text.CheckDistance)
    CheckPassword                            0x000012e5   Thumb Code    52  main.o(.text.CheckPassword)
    ClearPassword                            0x0000131d   Thumb Code    24  main.o(.text.ClearPassword)
    DAC_Init                                 0x0000133d   Thumb Code    40  dac.o(.text.DAC_Init)
    DAC_Load_Trig                            0x00001365   Thumb Code    44  dac.o(.text.DAC_Load_Trig)
    Down                                     0x00001399   Thumb Code    56  main.o(.text.Down)
    EnterAdminMode                           0x000013d9   Thumb Code    24  main.o(.text.EnterAdminMode)
    Forward                                  0x000013f9   Thumb Code   172  main.o(.text.Forward)
    HC_SR04_GetDistance                      0x0000151d   Thumb Code    88  hc_sr04.o(.text.HC_SR04_GetDistance)
    HC_SR04_Init                             0x0000158d   Thumb Code    40  hc_sr04.o(.text.HC_SR04_Init)
    HC_SR04_Start                            0x000015c1   Thumb Code    32  hc_sr04.o(.text.HC_SR04_Start)
    I2C_Init                                 0x000015e5   Thumb Code    64  i2c.o(.text.I2C_Init)
    I2C_Read                                 0x00001631   Thumb Code    76  i2c.o(.text.I2C_Read)
    I2C_ReadReg                              0x0000167d   Thumb Code   112  i2c.o(.text.I2C_ReadReg)
    I2C_ReadRegBlock                         0x000016ed   Thumb Code   168  i2c.o(.text.I2C_ReadRegBlock)
    I2C_Write                                0x00001799   Thumb Code    60  i2c.o(.text.I2C_Write)
    I2C_WriteReg                             0x000017d5   Thumb Code    76  i2c.o(.text.I2C_WriteReg)
    Klaw_Init                                0x00001825   Thumb Code    80  klaw.o(.text.Klaw_Init)
    Klaw_S2_4_Int                            0x00001879   Thumb Code    80  klaw.o(.text.Klaw_S2_4_Int)
    LCD1602_BF_AC                            0x000018d1   Thumb Code   200  lcd1602.o(.text.LCD1602_BF_AC)
    LCD1602_Backlight                        0x00001999   Thumb Code    16  lcd1602.o(.text.LCD1602_Backlight)
    LCD1602_CheckAddress                     0x000019a9   Thumb Code    40  lcd1602.o(.text.LCD1602_CheckAddress)
    LCD1602_ClearAll                         0x000019d1   Thumb Code    12  lcd1602.o(.text.LCD1602_ClearAll)
    LCD1602_Init                             0x000019dd   Thumb Code    72  lcd1602.o(.text.LCD1602_Init)
    LCD1602_Print                            0x00001a29   Thumb Code    32  lcd1602.o(.text.LCD1602_Print)
    LCD1602_PrintNum                         0x00001a49   Thumb Code    36  lcd1602.o(.text.LCD1602_PrintNum)
    LCD1602_SetCursor                        0x00001a71   Thumb Code    30  lcd1602.o(.text.LCD1602_SetCursor)
    LCD1602_Write4                           0x00001a8f   Thumb Code    26  lcd1602.o(.text.LCD1602_Write4)
    LCD1602_Write8                           0x00001aa9   Thumb Code    40  lcd1602.o(.text.LCD1602_Write8)
    LED_Init                                 0x00001ad1   Thumb Code    56  leds.o(.text.LED_Init)
    MainMenu                                 0x00001b15   Thumb Code    36  main.o(.text.MainMenu)
    PCF8574_Write                            0x00001b4d   Thumb Code    36  lcd1602.o(.text.PCF8574_Write)
    PORTA_IRQHandler                         0x00001b79   Thumb Code   172  main.o(.text.PORTA_IRQHandler)
    PORTB_IRQHandler                         0x00001c2d   Thumb Code    68  main.o(.text.PORTB_IRQHandler)
    PasswordMenu                             0x00001c81   Thumb Code    36  main.o(.text.PasswordMenu)
    SensitivityMenu                          0x00001cb9   Thumb Code    36  main.o(.text.SensitivityMenu)
    Speaker_Init                             0x00001cf5   Thumb Code   144  main.o(.text.Speaker_Init)
    StartAlarm                               0x00001da9   Thumb Code    44  main.o(.text.StartAlarm)
    StopAlarm                                0x00001ded   Thumb Code    52  main.o(.text.StopAlarm)
    SysTick_Handler                          0x00001e65   Thumb Code   108  main.o(.text.SysTick_Handler)
    SystemInit                               0x00001ef9   Thumb Code    60  system_mkl05z4.o(.text.SystemInit)
    TSI0_IRQHandler                          0x00001f45   Thumb Code    20  tsi.o(.text.TSI0_IRQHandler)
    Up                                       0x00001f5d   Thumb Code    68  main.o(.text.Up)
    VolumeMenu                               0x00001fa5   Thumb Code    36  main.o(.text.VolumeMenu)
    change_electrode                         0x00002061   Thumb Code    76  tsi.o(.text.change_electrode)
    i2c_ack                                  0x000020c5   Thumb Code    12  i2c.o(.text.i2c_ack)
    i2c_clr_IICIF                            0x000020d1   Thumb Code    12  i2c.o(.text.i2c_clr_IICIF)
    i2c_disable                              0x000020dd   Thumb Code    12  i2c.o(.text.i2c_disable)
    i2c_enable                               0x000020e9   Thumb Code    12  i2c.o(.text.i2c_enable)
    i2c_m_rstart                             0x000020f5   Thumb Code    20  i2c.o(.text.i2c_m_rstart)
    i2c_m_start                              0x0000210d   Thumb Code    12  i2c.o(.text.i2c_m_start)
    i2c_m_stop                               0x00002119   Thumb Code    12  i2c.o(.text.i2c_m_stop)
    i2c_nack                                 0x00002125   Thumb Code    12  i2c.o(.text.i2c_nack)
    i2c_rec                                  0x00002131   Thumb Code    12  i2c.o(.text.i2c_rec)
    i2c_recv                                 0x0000213d   Thumb Code     8  i2c.o(.text.i2c_recv)
    i2c_send                                 0x00002145   Thumb Code     8  i2c.o(.text.i2c_send)
    i2c_tran                                 0x00002151   Thumb Code    12  i2c.o(.text.i2c_tran)
    i2c_wait                                 0x00002161   Thumb Code    80  i2c.o(.text.i2c_wait)
    i2c_wait_rec                             0x000021b1   Thumb Code    64  i2c.o(.text.i2c_wait_rec)
    itoa                                     0x000021fd   Thumb Code   118  lcd1602.o(.text.itoa)
    main                                     0x00002275   Thumb Code   148  main.o(.text.main)
    __aeabi_uidiv                            0x00002319   Thumb Code    68  aeabi_sdivfast.o(.text_divfast)
    __aeabi_idiv                             0x0000235d   Thumb Code   434  aeabi_sdivfast.o(.text_divfast)
    __ARM_common_ll_muluu                    0x0000250f   Thumb Code    50  rred.o(i.__ARM_common_ll_muluu)
    __ARM_fpclassify                         0x00002541   Thumb Code    40  fpclassify.o(i.__ARM_fpclassify)
    __ieee754_rem_pio2                       0x0000256d   Thumb Code   838  rred.o(i.__ieee754_rem_pio2)
    __kernel_cos                             0x00002909   Thumb Code   224  cos_i.o(i.__kernel_cos)
    __kernel_poly                            0x000029fd   Thumb Code   172  poly.o(i.__kernel_poly)
    __kernel_sin                             0x00002aa9   Thumb Code   222  sin_i.o(i.__kernel_sin)
    __mathlib_dbl_infnan                     0x00002b95   Thumb Code    10  dunder.o(i.__mathlib_dbl_infnan)
    __mathlib_dbl_invalid                    0x00002b9f   Thumb Code    16  dunder.o(i.__mathlib_dbl_invalid)
    __mathlib_dbl_underflow                  0x00002bb1   Thumb Code    14  dunder.o(i.__mathlib_dbl_underflow)
    __aeabi_dcmple                           0x00002bc5   Thumb Code     0  dcmp.o(i._dleq)
    _dleq                                    0x00002bc5   Thumb Code    26  dcmp.o(i._dleq)
    sin                                      0x00002be1   Thumb Code   146  sin.o(i.sin)
    __aeabi_cdcmple                          0x00002c7d   Thumb Code     0  dlef.o(x$fpl$dleqf)
    _dcmple                                  0x00002c7d   Thumb Code    94  dlef.o(x$fpl$dleqf)
    __aeabi_fadd                             0x00002ce1   Thumb Code     0  faddsub.o(x$fpl$fadd)
    _fadd                                    0x00002ce1   Thumb Code   134  faddsub.o(x$fpl$fadd)
    __aeabi_fmul                             0x00002d6d   Thumb Code     0  fmul.o(x$fpl$fmul)
    _fmul                                    0x00002d6d   Thumb Code   172  fmul.o(x$fpl$fmul)
    __aeabi_fsub                             0x00002e1d   Thumb Code     0  faddsub.o(x$fpl$fsub)
    _fsub                                    0x00002e1d   Thumb Code   204  faddsub.o(x$fpl$fsub)
    Region$$Table$$Base                      0x000030a8   Number         0  anon$$obj.o(Region$$Table)
    Region$$Table$$Limit                     0x000030c8   Number         0  anon$$obj.o(Region$$Table)
    PrintMenu                                0x1ffffc00   Data          16  main.o(.data.PrintMenu)
    SystemCoreClock                          0x1ffffc10   Data           4  system_mkl05z4.o(.data.SystemCoreClock)
    correctPassword                          0x1ffffc14   Data           4  main.o(.data.correctPassword)
    distanceSensitivity                      0x1ffffc18   Data           4  main.o(.data.distanceSensitivity)
    volt_coeff                               0x1ffffc20   Data           4  main.o(.data.volt_coeff)
    volume                                   0x1ffffc24   Data           2  main.o(.data.volume)
    __libspace_start                         0x1ffffc28   Data          96  libspace.o(.bss)
    BtnFlags                                 0x1ffffc88   Data           4  main.o(.bss.BtnFlags)
    __temporary_stack_top$libspace           0x1ffffc88   Data           0  libspace.o(.bss)
    Sinus                                    0x1ffffc8c   Data        2048  main.o(.bss.Sinus)
    X                                        0x20000490   Data           8  main.o(.bss.X)
    Y                                        0x20000498   Data           8  main.o(.bss.Y)
    Z                                        0x200004a0   Data           8  main.o(.bss.Z)
    armConfirmation                          0x200004a8   Data           1  main.o(.bss.armConfirmation)
    currentMenu                              0x200004af   Data           1  main.o(.bss.currentMenu)
    currentState                             0x200004b0   Data           1  main.o(.bss.currentState)
    dac                                      0x200004b2   Data           2  main.o(.bss.dac)
    df                                       0x200004b4   Data           2  main.o(.bss.df)
    distance                                 0x200004b8   Data           4  main.o(.bss.distance)
    dummy                                    0x200004bc   Data           1  i2c.o(.bss.dummy)
    enteredPassword                          0x200004be   Data           4  main.o(.bss.enteredPassword)
    faza                                     0x200004c4   Data           2  main.o(.bss.faza)
    freq                                     0x200004c6   Data           2  main.o(.bss.freq)
    incorectAttempts                         0x200004d0   Data           1  main.o(.bss.incorectAttempts)
    isOptionSelected                         0x200004d1   Data           1  main.o(.bss.isOptionSelected)
    mod                                      0x200004d2   Data           2  main.o(.bss.mod)
    nyquist                                  0x200004d4   Data           2  main.o(.bss.nyquist)
    passwordIndex                            0x200004d7   Data           1  main.o(.bss.passwordIndex)
    temp                                     0x200004da   Data           2  main.o(.bss.temp)
    tickCounter                              0x200004dc   Data           4  main.o(.bss.tickCounter)
    timerCall                                0x200004e0   Data           1  main.o(.bss.timerCall)
    toggleFreq                               0x200004e1   Data           1  main.o(.bss.toggleFreq)
    tsiValue                                 0x200004e2   Data           2  main.o(.bss.tsiValue)
    wynik                                    0x200004e4   Data           4  main.o(.bss.wynik)



==============================================================================

Memory Map of the image

  Image Entry point : 0x00000165

  Load Region LR_1 (Base: 0x00000000, Size: 0x000030f0, Max: 0xffffffff, ABSOLUTE)

    Execution Region ER_RO (Exec base: 0x00000000, Load base: 0x00000000, Size: 0x000030c8, Max: 0xffffffff, ABSOLUTE)

    Exec Addr    Load Addr    Size         Type   Attr      Idx    E Section Name        Object

    0x00000000   0x00000000   0x000000c0   Data   RO          304    RESET               startup_mkl05z4.o
    0x000000c0   0x000000c0   0x00000008   Code   RO          339  * !!!main             c_p.l(__main.o)
    0x000000c8   0x000000c8   0x0000003c   Code   RO          608    !!!scatter          c_p.l(__scatter.o)
    0x00000104   0x00000104   0x0000001a   Code   RO          610    !!handler_copy      c_p.l(__scatter_copy.o)
    0x0000011e   0x0000011e   0x00000002   PAD
    0x00000120   0x00000120   0x0000001c   Code   RO          612    !!handler_zi        c_p.l(__scatter_zi.o)
    0x0000013c   0x0000013c   0x00000002   Code   RO          468    .ARM.Collect$$libinit$$00000000  c_p.l(libinit.o)
    0x0000013e   0x0000013e   0x00000000   Code   RO          483    .ARM.Collect$$libinit$$00000002  c_p.l(libinit2.o)
    0x0000013e   0x0000013e   0x00000000   Code   RO          485    .ARM.Collect$$libinit$$00000004  c_p.l(libinit2.o)
    0x0000013e   0x0000013e   0x00000000   Code   RO          488    .ARM.Collect$$libinit$$0000000A  c_p.l(libinit2.o)
    0x0000013e   0x0000013e   0x00000000   Code   RO          490    .ARM.Collect$$libinit$$0000000C  c_p.l(libinit2.o)
    0x0000013e   0x0000013e   0x00000000   Code   RO          492    .ARM.Collect$$libinit$$0000000E  c_p.l(libinit2.o)
    0x0000013e   0x0000013e   0x00000000   Code   RO          495    .ARM.Collect$$libinit$$00000011  c_p.l(libinit2.o)
    0x0000013e   0x0000013e   0x00000000   Code   RO          497    .ARM.Collect$$libinit$$00000013  c_p.l(libinit2.o)
    0x0000013e   0x0000013e   0x00000000   Code   RO          499    .ARM.Collect$$libinit$$00000015  c_p.l(libinit2.o)
    0x0000013e   0x0000013e   0x00000000   Code   RO          501    .ARM.Collect$$libinit$$00000017  c_p.l(libinit2.o)
    0x0000013e   0x0000013e   0x00000000   Code   RO          503    .ARM.Collect$$libinit$$00000019  c_p.l(libinit2.o)
    0x0000013e   0x0000013e   0x00000000   Code   RO          505    .ARM.Collect$$libinit$$0000001B  c_p.l(libinit2.o)
    0x0000013e   0x0000013e   0x00000000   Code   RO          507    .ARM.Collect$$libinit$$0000001D  c_p.l(libinit2.o)
    0x0000013e   0x0000013e   0x00000000   Code   RO          509    .ARM.Collect$$libinit$$0000001F  c_p.l(libinit2.o)
    0x0000013e   0x0000013e   0x00000000   Code   RO          511    .ARM.Collect$$libinit$$00000021  c_p.l(libinit2.o)
    0x0000013e   0x0000013e   0x00000000   Code   RO          513    .ARM.Collect$$libinit$$00000023  c_p.l(libinit2.o)
    0x0000013e   0x0000013e   0x00000000   Code   RO          515    .ARM.Collect$$libinit$$00000025  c_p.l(libinit2.o)
    0x0000013e   0x0000013e   0x00000000   Code   RO          519    .ARM.Collect$$libinit$$0000002C  c_p.l(libinit2.o)
    0x0000013e   0x0000013e   0x00000000   Code   RO          521    .ARM.Collect$$libinit$$0000002E  c_p.l(libinit2.o)
    0x0000013e   0x0000013e   0x00000000   Code   RO          523    .ARM.Collect$$libinit$$00000030  c_p.l(libinit2.o)
    0x0000013e   0x0000013e   0x00000000   Code   RO          525    .ARM.Collect$$libinit$$00000032  c_p.l(libinit2.o)
    0x0000013e   0x0000013e   0x00000002   Code   RO          526    .ARM.Collect$$libinit$$00000033  c_p.l(libinit2.o)
    0x00000140   0x00000140   0x00000002   Code   RO          563    .ARM.Collect$$libshutdown$$00000000  c_p.l(libshutdown.o)
    0x00000142   0x00000142   0x00000000   Code   RO          591    .ARM.Collect$$libshutdown$$00000002  c_p.l(libshutdown2.o)
    0x00000142   0x00000142   0x00000000   Code   RO          593    .ARM.Collect$$libshutdown$$00000004  c_p.l(libshutdown2.o)
    0x00000142   0x00000142   0x00000000   Code   RO          596    .ARM.Collect$$libshutdown$$00000007  c_p.l(libshutdown2.o)
    0x00000142   0x00000142   0x00000000   Code   RO          599    .ARM.Collect$$libshutdown$$0000000A  c_p.l(libshutdown2.o)
    0x00000142   0x00000142   0x00000000   Code   RO          601    .ARM.Collect$$libshutdown$$0000000C  c_p.l(libshutdown2.o)
    0x00000142   0x00000142   0x00000000   Code   RO          604    .ARM.Collect$$libshutdown$$0000000F  c_p.l(libshutdown2.o)
    0x00000142   0x00000142   0x00000002   Code   RO          605    .ARM.Collect$$libshutdown$$00000010  c_p.l(libshutdown2.o)
    0x00000144   0x00000144   0x00000000   Code   RO          377    .ARM.Collect$$rtentry$$00000000  c_p.l(__rtentry.o)
    0x00000144   0x00000144   0x00000000   Code   RO          419    .ARM.Collect$$rtentry$$00000002  c_p.l(__rtentry2.o)
    0x00000144   0x00000144   0x00000006   Code   RO          431    .ARM.Collect$$rtentry$$00000004  c_p.l(__rtentry4.o)
    0x0000014a   0x0000014a   0x00000000   Code   RO          421    .ARM.Collect$$rtentry$$00000009  c_p.l(__rtentry2.o)
    0x0000014a   0x0000014a   0x00000004   Code   RO          422    .ARM.Collect$$rtentry$$0000000A  c_p.l(__rtentry2.o)
    0x0000014e   0x0000014e   0x00000000   Code   RO          424    .ARM.Collect$$rtentry$$0000000C  c_p.l(__rtentry2.o)
    0x0000014e   0x0000014e   0x00000008   Code   RO          425    .ARM.Collect$$rtentry$$0000000D  c_p.l(__rtentry2.o)
    0x00000156   0x00000156   0x00000002   Code   RO          474    .ARM.Collect$$rtexit$$00000000  c_p.l(rtexit.o)
    0x00000158   0x00000158   0x00000000   Code   RO          534    .ARM.Collect$$rtexit$$00000002  c_p.l(rtexit2.o)
    0x00000158   0x00000158   0x00000004   Code   RO          535    .ARM.Collect$$rtexit$$00000003  c_p.l(rtexit2.o)
    0x0000015c   0x0000015c   0x00000006   Code   RO          536    .ARM.Collect$$rtexit$$00000004  c_p.l(rtexit2.o)
    0x00000162   0x00000162   0x00000002   PAD
    0x00000164   0x00000164   0x00000034   Code   RO          306  * .text               startup_mkl05z4.o
    0x00000198   0x00000198   0x00000006   Code   RO          337    .text               c_p.l(heapauxi.o)
    0x0000019e   0x0000019e   0x00000002   PAD
    0x000001a0   0x000001a0   0x0000007c   Code   RO          341    .text               fz_ps.l(d2f.o)
    0x0000021c   0x0000021c   0x0000006c   Code   RO          357    .text               fz_ps.l(dfixi.o)
    0x00000288   0x00000288   0x00000058   Code   RO          359    .text               fz_ps.l(dflti.o)
    0x000002e0   0x000002e0   0x00000054   Code   RO          363    .text               fz_ps.l(f2d.o)
    0x00000334   0x00000334   0x00000016   Code   RO          382    .text               c_p.l(_rserrno.o)
    0x0000034a   0x0000034a   0x00000002   PAD
    0x0000034c   0x0000034c   0x00000008   Code   RO          438    .text               c_p.l(rt_errno_addr_intlibspace.o)
    0x00000354   0x00000354   0x000000a0   Code   RO          440    .text               fz_ps.l(dcmpin.o)
    0x000003f4   0x000003f4   0x00000008   Code   RO          451    .text               c_p.l(libspace.o)
    0x000003fc   0x000003fc   0x00000002   Code   RO          552    .text               c_p.l(use_no_semi.o)
    0x000003fe   0x000003fe   0x00000000   Code   RO          554    .text               c_p.l(indicate_semi.o)
    0x000003fe   0x000003fe   0x00000000   Code   RO          390    x$fpl$usenofp       fz_ps.l(usenofp.o)
    0x000003fe   0x000003fe   0x00000002   Data   RO          184    .rodata.elec_array  tsi.o
    0x00000400   0x00000400   0x00000010   Code   RO          305    .ARM.__at_0x400     startup_mkl05z4.o
    0x00000410   0x00000410   0x00000358   Code   RO          343    .text               fz_ps.l(daddsub.o)
    0x00000768   0x00000768   0x00000248   Code   RO          361    .text               fz_ps.l(dmul.o)
    0x000009b0   0x000009b0   0x00000448   Code   RO          442    .text               fz_ps.l(ddiv.o)
    0x00000df8   0x00000df8   0x00000060   Code   RO          445    .text               fz_ps.l(dscalbn.o)
    0x00000e58   0x00000e58   0x0000003e   Code   RO          454    .text               c_p.l(sys_stackheap_outer.o)
    0x00000e96   0x00000e96   0x00000010   Code   RO          457    .text               c_p.l(exit.o)
    0x00000ea6   0x00000ea6   0x0000002e   Code   RO          469    .text               fz_ps.l(cmpret.o)
    0x00000ed4   0x00000ed4   0x00000014   Code   RO          471    .text               fz_ps.l(dnan2.o)
    0x00000ee8   0x00000ee8   0x0000005e   Code   RO          527    .text               fz_ps.l(retnan.o)
    0x00000f46   0x00000f46   0x00000002   PAD
    0x00000f48   0x00000f48   0x0000000c   Code   RO          529    .text               c_p.l(sys_exit.o)
    0x00000f54   0x00000f54   0x00000080   Code   RO           52    .text.Alarm         main.o
    0x00000fd4   0x00000fd4   0x00000030   Code   RO           26    .text.ArmAlarm      main.o
    0x00001004   0x00001004   0x0000003c   Code   RO           40    .text.Back          main.o
    0x00001040   0x00001040   0x00000010   Code   RO           18    .text.ChangePassword  main.o
    0x00001050   0x00001050   0x000000ec   Code   RO           28    .text.CheckAccel    main.o
    0x0000113c   0x0000113c   0x00000150   Code   RO           50    .text.CheckButtons  main.o
    0x0000128c   0x0000128c   0x00000058   Code   RO           30    .text.CheckDistance  main.o
    0x000012e4   0x000012e4   0x00000038   Code   RO           14    .text.CheckPassword  main.o
    0x0000131c   0x0000131c   0x00000020   Code   RO           16    .text.ClearPassword  main.o
    0x0000133c   0x0000133c   0x00000028   Code   RO          213    .text.DAC_Init      dac.o
    0x00001364   0x00001364   0x00000034   Code   RO          215    .text.DAC_Load_Trig  dac.o
    0x00001398   0x00001398   0x00000040   Code   RO           46    .text.Down          main.o
    0x000013d8   0x000013d8   0x00000020   Code   RO           48    .text.EnterAdminMode  main.o
    0x000013f8   0x000013f8   0x00000124   Code   RO           42    .text.Forward       main.o
    0x0000151c   0x0000151c   0x00000070   Code   RO          289    .text.HC_SR04_GetDistance  hc_sr04.o
    0x0000158c   0x0000158c   0x00000034   Code   RO          285    .text.HC_SR04_Init  hc_sr04.o
    0x000015c0   0x000015c0   0x00000024   Code   RO          287    .text.HC_SR04_Start  hc_sr04.o
    0x000015e4   0x000015e4   0x0000004c   Code   RO          225    .text.I2C_Init      i2c.o
    0x00001630   0x00001630   0x0000004c   Code   RO          245    .text.I2C_Read      i2c.o
    0x0000167c   0x0000167c   0x00000070   Code   RO          257    .text.I2C_ReadReg   i2c.o
    0x000016ec   0x000016ec   0x000000ac   Code   RO          263    .text.I2C_ReadRegBlock  i2c.o
    0x00001798   0x00001798   0x0000003c   Code   RO          243    .text.I2C_Write     i2c.o
    0x000017d4   0x000017d4   0x00000050   Code   RO          255    .text.I2C_WriteReg  i2c.o
    0x00001824   0x00001824   0x00000054   Code   RO          195    .text.Klaw_Init     klaw.o
    0x00001878   0x00001878   0x00000058   Code   RO          197    .text.Klaw_S2_4_Int  klaw.o
    0x000018d0   0x000018d0   0x000000c8   Code   RO          141    .text.LCD1602_BF_AC  lcd1602.o
    0x00001998   0x00001998   0x00000010   Code   RO          135    .text.LCD1602_Backlight  lcd1602.o
    0x000019a8   0x000019a8   0x00000028   Code   RO          115    .text.LCD1602_CheckAddress  lcd1602.o
    0x000019d0   0x000019d0   0x0000000c   Code   RO          127    .text.LCD1602_ClearAll  lcd1602.o
    0x000019dc   0x000019dc   0x0000004c   Code   RO          113    .text.LCD1602_Init  lcd1602.o
    0x00001a28   0x00001a28   0x00000020   Code   RO          129    .text.LCD1602_Print  lcd1602.o
    0x00001a48   0x00001a48   0x00000028   Code   RO          131    .text.LCD1602_PrintNum  lcd1602.o
    0x00001a70   0x00001a70   0x0000001e   Code   RO          125    .text.LCD1602_SetCursor  lcd1602.o
    0x00001a8e   0x00001a8e   0x0000001a   Code   RO          139    .text.LCD1602_Write4  lcd1602.o
    0x00001aa8   0x00001aa8   0x00000028   Code   RO          117    .text.LCD1602_Write8  lcd1602.o
    0x00001ad0   0x00001ad0   0x00000044   Code   RO          277    .text.LED_Init      leds.o
    0x00001b14   0x00001b14   0x00000038   Code   RO           32    .text.MainMenu      main.o
    0x00001b4c   0x00001b4c   0x0000002c   Code   RO          137    .text.PCF8574_Write  lcd1602.o
    0x00001b78   0x00001b78   0x000000b4   Code   RO            8    .text.PORTA_IRQHandler  main.o
    0x00001c2c   0x00001c2c   0x00000054   Code   RO            4    .text.PORTB_IRQHandler  main.o
    0x00001c80   0x00001c80   0x00000038   Code   RO           38    .text.PasswordMenu  main.o
    0x00001cb8   0x00001cb8   0x0000003c   Code   RO           36    .text.SensitivityMenu  main.o
    0x00001cf4   0x00001cf4   0x000000b4   Code   RO           10    .text.Speaker_Init  main.o
    0x00001da8   0x00001da8   0x00000044   Code   RO           20    .text.StartAlarm    main.o
    0x00001dec   0x00001dec   0x0000003c   Code   RO           24    .text.StopAlarm     main.o
    0x00001e28   0x00001e28   0x0000001c   Code   RO           22    .text.SysTick_Config  main.o
    0x00001e44   0x00001e44   0x00000020   Code   RO          291    .text.SysTick_Config  hc_sr04.o
    0x00001e64   0x00001e64   0x00000094   Code   RO            2    .text.SysTick_Handler  main.o
    0x00001ef8   0x00001ef8   0x0000004c   Code   RO          315    .text.SystemInit    system_mkl05z4.o
    0x00001f44   0x00001f44   0x00000018   Code   RO          180    .text.TSI0_IRQHandler  tsi.o
    0x00001f5c   0x00001f5c   0x00000048   Code   RO           44    .text.Up            main.o
    0x00001fa4   0x00001fa4   0x00000038   Code   RO           34    .text.VolumeMenu    main.o
    0x00001fdc   0x00001fdc   0x00000010   Code   RO            6    .text.__NVIC_ClearPendingIRQ  main.o
    0x00001fec   0x00001fec   0x00000014   Code   RO          201    .text.__NVIC_ClearPendingIRQ  klaw.o
    0x00002000   0x00002000   0x00000014   Code   RO          203    .text.__NVIC_EnableIRQ  klaw.o
    0x00002014   0x00002014   0x00000014   Code   RO           12    .text.__NVIC_SetPriority  main.o
    0x00002028   0x00002028   0x00000020   Code   RO          199    .text.__NVIC_SetPriority  klaw.o
    0x00002048   0x00002048   0x00000018   Code   RO          293    .text.__NVIC_SetPriority  hc_sr04.o
    0x00002060   0x00002060   0x00000064   Code   RO          178    .text.change_electrode  tsi.o
    0x000020c4   0x000020c4   0x0000000c   Code   RO          265    .text.i2c_ack       i2c.o
    0x000020d0   0x000020d0   0x0000000c   Code   RO          259    .text.i2c_clr_IICIF  i2c.o
    0x000020dc   0x000020dc   0x0000000c   Code   RO          241    .text.i2c_disable   i2c.o
    0x000020e8   0x000020e8   0x0000000c   Code   RO          229    .text.i2c_enable    i2c.o
    0x000020f4   0x000020f4   0x00000018   Code   RO          261    .text.i2c_m_rstart  i2c.o
    0x0000210c   0x0000210c   0x0000000c   Code   RO          233    .text.i2c_m_start   i2c.o
    0x00002118   0x00002118   0x0000000c   Code   RO          239    .text.i2c_m_stop    i2c.o
    0x00002124   0x00002124   0x0000000c   Code   RO          249    .text.i2c_nack      i2c.o
    0x00002130   0x00002130   0x0000000c   Code   RO          247    .text.i2c_rec       i2c.o
    0x0000213c   0x0000213c   0x00000008   Code   RO          251    .text.i2c_recv      i2c.o
    0x00002144   0x00002144   0x0000000c   Code   RO          235    .text.i2c_send      i2c.o
    0x00002150   0x00002150   0x00000010   Code   RO          231    .text.i2c_tran      i2c.o
    0x00002160   0x00002160   0x00000050   Code   RO          237    .text.i2c_wait      i2c.o
    0x000021b0   0x000021b0   0x0000004c   Code   RO          253    .text.i2c_wait_rec  i2c.o
    0x000021fc   0x000021fc   0x00000076   Code   RO          133    .text.itoa          lcd1602.o
    0x00002272   0x00002272   0x00000002   PAD
    0x00002274   0x00002274   0x000000a4   Code   RO           54    .text.main          main.o
    0x00002318   0x00002318   0x000001f6   Code   RO          330    .text_divfast       c_p.l(aeabi_sdivfast.o)
    0x0000250e   0x0000250e   0x00000032   Code   RO          413    i.__ARM_common_ll_muluu  m_ps.l(rred.o)
    0x00002540   0x00002540   0x0000002c   Code   RO          447    i.__ARM_fpclassify  m_ps.l(fpclassify.o)
    0x0000256c   0x0000256c   0x0000039c   Code   RO          408    i.__ieee754_rem_pio2  m_ps.l(rred.o)
    0x00002908   0x00002908   0x000000f4   Code   RO          391    i.__kernel_cos      m_ps.l(cos_i.o)
    0x000029fc   0x000029fc   0x000000ac   Code   RO          449    i.__kernel_poly     m_ps.l(poly.o)
    0x00002aa8   0x00002aa8   0x000000ec   Code   RO          415    i.__kernel_sin      m_ps.l(sin_i.o)
    0x00002b94   0x00002b94   0x0000000a   Code   RO          395    i.__mathlib_dbl_infnan  m_ps.l(dunder.o)
    0x00002b9e   0x00002b9e   0x00000010   Code   RO          397    i.__mathlib_dbl_invalid  m_ps.l(dunder.o)
    0x00002bae   0x00002bae   0x00000002   PAD
    0x00002bb0   0x00002bb0   0x00000014   Code   RO          400    i.__mathlib_dbl_underflow  m_ps.l(dunder.o)
    0x00002bc4   0x00002bc4   0x0000001a   Code   RO          348    i._dleq             fz_ps.l(dcmp.o)
    0x00002bde   0x00002bde   0x00000002   PAD
    0x00002be0   0x00002be0   0x0000009c   Code   RO          374    i.sin               m_ps.l(sin.o)
    0x00002c7c   0x00002c7c   0x00000064   Code   RO          388    x$fpl$dleqf         fz_ps.l(dlef.o)
    0x00002ce0   0x00002ce0   0x0000008c   Code   RO          365    x$fpl$fadd          fz_ps.l(faddsub.o)
    0x00002d6c   0x00002d6c   0x000000b0   Code   RO          371    x$fpl$fmul          fz_ps.l(fmul.o)
    0x00002e1c   0x00002e1c   0x000000d0   Code   RO          367    x$fpl$fsub          fz_ps.l(faddsub.o)
    0x00002eec   0x00002eec   0x00000004   PAD
    0x00002ef0   0x00002ef0   0x00000030   Data   RO          392    .constdata          m_ps.l(cos_i.o)
    0x00002f20   0x00002f20   0x000000cc   Data   RO          410    .constdata          m_ps.l(rred.o)
    0x00002fec   0x00002fec   0x00000004   PAD
    0x00002ff0   0x00002ff0   0x00000028   Data   RO          416    .constdata          m_ps.l(sin_i.o)
    0x00003018   0x00003018   0x00000080   Data   RO          443    .constdata          fz_ps.l(ddiv.o)
    0x00003098   0x00003098   0x00000010   Data   RO           87    .rodata.str1.1      main.o
    0x000030a8   0x000030a8   0x00000020   Data   RO          607    Region$$Table       anon$$obj.o


    Execution Region ER_RW (Exec base: 0x1ffffc00, Load base: 0x000030c8, Size: 0x00000028, Max: 0xffffffff, ABSOLUTE)

    Exec Addr    Load Addr    Size         Type   Attr      Idx    E Section Name        Object

    0x1ffffc00   0x000030c8   0x00000010   Data   RW           88    .data.PrintMenu     main.o
    0x1ffffc10   0x000030d8   0x00000004   Data   RW          319    .data.SystemCoreClock  system_mkl05z4.o
    0x1ffffc14   0x000030dc   0x00000004   Data   RW           66    .data.correctPassword  main.o
    0x1ffffc18   0x000030e0   0x00000004   Data   RW           60    .data.distanceSensitivity  main.o
    0x1ffffc1c   0x000030e4   0x00000001   Data   RW          156    .data.lcd_backlight  lcd1602.o
    0x1ffffc1d   0x000030e5   0x00000003   PAD
    0x1ffffc20   0x000030e8   0x00000004   Data   RW           65    .data.volt_coeff    main.o
    0x1ffffc24   0x000030ec   0x00000002   Data   RW           62    .data.volume        main.o


    Execution Region ER_ZI (Exec base: 0x1ffffc28, Load base: 0x000030f0, Size: 0x00000bc0, Max: 0xffffffff, ABSOLUTE)

    Exec Addr    Load Addr    Size         Type   Attr      Idx    E Section Name        Object

    0x1ffffc28        -       0x00000060   Zero   RW          452    .bss                c_p.l(libspace.o)
    0x1ffffc88        -       0x00000004   Zero   RW           61    .bss.BtnFlags       main.o
    0x1ffffc8c        -       0x00000800   Zero   RW           73    .bss.Sinus          main.o
    0x2000048c   0x000030f0   0x00000004   PAD
    0x20000490        -       0x00000008   Zero   RW           84    .bss.X              main.o
    0x20000498        -       0x00000008   Zero   RW           85    .bss.Y              main.o
    0x200004a0        -       0x00000008   Zero   RW           86    .bss.Z              main.o
    0x200004a8        -       0x00000001   Zero   RW           70    .bss.armConfirmation  main.o
    0x200004a9        -       0x00000006   Zero   RW           83    .bss.arrayXYZ       main.o
    0x200004af        -       0x00000001   Zero   RW           72    .bss.currentMenu    main.o
    0x200004b0        -       0x00000001   Zero   RW           71    .bss.currentState   main.o
    0x200004b1   0x000030f0   0x00000001   PAD
    0x200004b2        -       0x00000002   Zero   RW           75    .bss.dac            main.o
    0x200004b4        -       0x00000002   Zero   RW           78    .bss.df             main.o
    0x200004b6   0x000030f0   0x00000002   PAD
    0x200004b8        -       0x00000004   Zero   RW           59    .bss.distance       main.o
    0x200004bc        -       0x00000001   Zero   RW          268    .bss.dummy          i2c.o
    0x200004bd        -       0x00000001   Zero   RW          182    .bss.end_flag       tsi.o
    0x200004be        -       0x00000004   Zero   RW           81    .bss.enteredPassword  main.o
    0x200004c2        -       0x00000001   Zero   RW          267    .bss.error          i2c.o
    0x200004c3   0x000030f0   0x00000001   PAD
    0x200004c4        -       0x00000002   Zero   RW           74    .bss.faza           main.o
    0x200004c6        -       0x00000002   Zero   RW           80    .bss.freq           main.o
    0x200004c8        -       0x00000004   Zero   RW          185    .bss.gu16Baseline   tsi.o
    0x200004cc        -       0x00000004   Zero   RW          183    .bss.gu16Delta      tsi.o
    0x200004d0        -       0x00000001   Zero   RW           68    .bss.incorectAttempts  main.o
    0x200004d1        -       0x00000001   Zero   RW           69    .bss.isOptionSelected  main.o
    0x200004d2        -       0x00000002   Zero   RW           76    .bss.mod            main.o
    0x200004d4        -       0x00000002   Zero   RW           79    .bss.nyquist        main.o
    0x200004d6        -       0x00000001   Zero   RW          186    .bss.ongoing_elec   tsi.o
    0x200004d7        -       0x00000001   Zero   RW           67    .bss.passwordIndex  main.o
    0x200004d8        -       0x00000001   Zero   RW          157    .bss.pcf_address    lcd1602.o
    0x200004d9        -       0x00000001   Zero   RW           82    .bss.status         main.o
    0x200004da        -       0x00000002   Zero   RW           89    .bss.temp           main.o
    0x200004dc        -       0x00000004   Zero   RW           56    .bss.tickCounter    main.o
    0x200004e0        -       0x00000001   Zero   RW           57    .bss.timerCall      main.o
    0x200004e1        -       0x00000001   Zero   RW           64    .bss.toggleFreq     main.o
    0x200004e2        -       0x00000002   Zero   RW           63    .bss.tsiValue       main.o
    0x200004e4        -       0x00000004   Zero   RW           77    .bss.wynik          main.o
    0x200004e8        -       0x00000000   Zero   RW          303    HEAP                startup_mkl05z4.o
    0x200004e8        -       0x00000300   Zero   RW          302    STACK               startup_mkl05z4.o


==============================================================================

Image component sizes


      Code (inc. data)   RO Data    RW Data    ZI Data      Debug   Object Name

        92          8          0          0          0       2005   dac.o
       256         48          0          0          0       4226   hc_sr04.o
       888         44          0          0          2       5291   i2c.o
       244         24          0          0          0       3662   klaw.o
       674         16          0          1          1       5282   lcd1602.o
        68         12          0          0          0       1684   leds.o
      2636        556         16         30       2123       8983   main.o
        68         38        192          0        768        812   startup_mkl05z4.o
        76         16          0          4          0       2318   system_mkl05z4.o
       124         28          2          0         10       4754   tsi.o

    ----------------------------------------------------------------------
      5128        790        242         40       2912      39017   Object Totals
         0          0         32          0          0          0   (incl. Generated)
         2          0          0          5          8          0   (incl. Padding)

    ----------------------------------------------------------------------

      Code (inc. data)   RO Data    RW Data    ZI Data      Debug   Library Member Name

         8          0          0          0          0         68   __main.o
         0          0          0          0          0          0   __rtentry.o
        12          0          0          0          0          0   __rtentry2.o
         6          0          0          0          0          0   __rtentry4.o
        60          8          0          0          0          0   __scatter.o
        26          0          0          0          0          0   __scatter_copy.o
        28          0          0          0          0          0   __scatter_zi.o
        22          0          0          0          0         92   _rserrno.o
       502          0          0          0          0         92   aeabi_sdivfast.o
        16          0          0          0          0         68   exit.o
         6          0          0          0          0        136   heapauxi.o
         0          0          0          0          0          0   indicate_semi.o
         2          0          0          0          0          0   libinit.o
         2          0          0          0          0          0   libinit2.o
         2          0          0          0          0          0   libshutdown.o
         2          0          0          0          0          0   libshutdown2.o
         8          4          0          0         96         68   libspace.o
         8          4          0          0          0         68   rt_errno_addr_intlibspace.o
         2          0          0          0          0          0   rtexit.o
        10          0          0          0          0          0   rtexit2.o
        12          4          0          0          0         60   sys_exit.o
        62          0          0          0          0         80   sys_stackheap_outer.o
         2          0          0          0          0         68   use_no_semi.o
        46          0          0          0          0         60   cmpret.o
       124          4          0          0          0         72   d2f.o
       856         20          0          0          0        208   daddsub.o
        26          0          0          0          0         68   dcmp.o
       160          6          0          0          0         76   dcmpin.o
      1096         26        128          0          0        112   ddiv.o
       108         10          0          0          0         72   dfixi.o
        88          0          0          0          0         92   dflti.o
       100          4          0          0          0         92   dlef.o
       584         26          0          0          0         84   dmul.o
        20          6          0          0          0         68   dnan2.o
        96         12          0          0          0         72   dscalbn.o
        84          4          0          0          0         60   f2d.o
       348          8          0          0          0        160   faddsub.o
       176          4          0          0          0         80   fmul.o
        94          0          0          0          0         68   retnan.o
         0          0          0          0          0          0   usenofp.o
       244         20         48          0          0         92   cos_i.o
        46          6          0          0          0        204   dunder.o
        44          4          0          0          0         60   fpclassify.o
       172          0          0          0          0         76   poly.o
       974         86        204          0          0        200   rred.o
       156         10          0          0          0        104   sin.o
       236         14         40          0          0        100   sin_i.o

    ----------------------------------------------------------------------
      6694        294        424          0         96       3080   Library Totals
        18          4          4          0          0          0   (incl. Padding)

    ----------------------------------------------------------------------

      Code (inc. data)   RO Data    RW Data    ZI Data      Debug   Library Name

       798         20          0          0         96        800   c_p.l
      4006        130        128          0          0       1444   fz_ps.l
      1872        140        292          0          0        836   m_ps.l

    ----------------------------------------------------------------------
      6694        294        424          0         96       3080   Library Totals

    ----------------------------------------------------------------------

==============================================================================


      Code (inc. data)   RO Data    RW Data    ZI Data      Debug   

     11822       1084        666         40       3008      40477   Grand Totals
     11822       1084        666         40       3008      40477   ELF Image Totals
     11822       1084        666         40          0          0   ROM Totals

==============================================================================

    Total RO  Size (Code + RO Data)                12488 (  12.20kB)
    Total RW  Size (RW Data + ZI Data)              3048 (   2.98kB)
    Total ROM Size (Code + RO Data + RW Data)      12528 (  12.23kB)

==============================================================================

